ARM GAS  C:\Users\kovav\AppData\Local\Temp\cclo5t9c.s 			page 1


   1              		.cpu cortex-m4
   2              		.arch armv7e-m
   3              		.fpu fpv4-sp-d16
   4              		.eabi_attribute 27, 1
   5              		.eabi_attribute 28, 1
   6              		.eabi_attribute 20, 1
   7              		.eabi_attribute 21, 1
   8              		.eabi_attribute 23, 3
   9              		.eabi_attribute 24, 1
  10              		.eabi_attribute 25, 1
  11              		.eabi_attribute 26, 1
  12              		.eabi_attribute 30, 1
  13              		.eabi_attribute 34, 1
  14              		.eabi_attribute 18, 4
  15              		.file	"main.c"
  16              		.text
  17              	.Ltext0:
  18              		.cfi_sections	.debug_frame
  19              		.file 1 "Core/Src/main.c"
  20              		.section	.text.main,"ax",%progbits
  21              		.align	1
  22              		.global	main
  23              		.syntax unified
  24              		.thumb
  25              		.thumb_func
  27              	main:
  28              	.LFB0:
   1:Core/Src/main.c **** #include <stdint.h>
   2:Core/Src/main.c **** 
   3:Core/Src/main.c **** int main(void)
   4:Core/Src/main.c **** {
  29              		.loc 1 4 1 view -0
  30              		.cfi_startproc
  31              		@ Volatile: function does not return.
  32              		@ args = 0, pretend = 0, frame = 0
  33              		@ frame_needed = 0, uses_anonymous_args = 0
  34              		@ link register save eliminated.
   5:Core/Src/main.c ****     *(uint32_t *)(0x40023800 + 0x30) |= 0x02;
  35              		.loc 1 5 5 view .LVU1
  36 0000 104A     		ldr	r2, .L3
  37 0002 D2F83038 		ldr	r3, [r2, #2096]
  38              		.loc 1 5 38 is_stmt 0 view .LVU2
  39 0006 43F00203 		orr	r3, r3, #2
  40 000a C2F83038 		str	r3, [r2, #2096]
   6:Core/Src/main.c ****     *(uint32_t *)(0x40020400 + 0x00) |= 0x4000;
  41              		.loc 1 6 5 is_stmt 1 view .LVU3
  42 000e 0E4B     		ldr	r3, .L3+4
  43 0010 D3F80024 		ldr	r2, [r3, #1024]
  44              		.loc 1 6 38 is_stmt 0 view .LVU4
  45 0014 42F48042 		orr	r2, r2, #16384
  46 0018 C3F80024 		str	r2, [r3, #1024]
   7:Core/Src/main.c ****     *(uint32_t *)(0x40020400 + 0x04) |= 0x00;
  47              		.loc 1 7 5 is_stmt 1 view .LVU5
   8:Core/Src/main.c ****     *(uint32_t *)(0x40020400 + 0x08) |= 0x4000;
  48              		.loc 1 8 5 view .LVU6
  49 001c D3F80824 		ldr	r2, [r3, #1032]
  50              		.loc 1 8 38 is_stmt 0 view .LVU7
ARM GAS  C:\Users\kovav\AppData\Local\Temp\cclo5t9c.s 			page 2


  51 0020 42F48042 		orr	r2, r2, #16384
  52 0024 C3F80824 		str	r2, [r3, #1032]
   9:Core/Src/main.c **** 
  10:Core/Src/main.c ****     *(uint32_t *)(0x40020400 + 0x18) |= 0x800000;
  53              		.loc 1 10 5 is_stmt 1 view .LVU8
  54 0028 D3F81824 		ldr	r2, [r3, #1048]
  55              		.loc 1 10 38 is_stmt 0 view .LVU9
  56 002c 42F40002 		orr	r2, r2, #8388608
  57 0030 C3F81824 		str	r2, [r3, #1048]
  58              	.L2:
  11:Core/Src/main.c **** 
  12:Core/Src/main.c ****     while (1)
  59              		.loc 1 12 5 is_stmt 1 view .LVU10
  13:Core/Src/main.c ****     {
  14:Core/Src/main.c ****         *(uint32_t *)(0x40020400 + 0x18) |= 0x80;
  60              		.loc 1 14 9 discriminator 1 view .LVU11
  61 0034 044A     		ldr	r2, .L3+4
  62 0036 D2F81834 		ldr	r3, [r2, #1048]
  63              		.loc 1 14 42 is_stmt 0 discriminator 1 view .LVU12
  64 003a 43F08003 		orr	r3, r3, #128
  65 003e C2F81834 		str	r3, [r2, #1048]
  12:Core/Src/main.c ****     {
  66              		.loc 1 12 11 is_stmt 1 view .LVU13
  67 0042 F7E7     		b	.L2
  68              	.L4:
  69              		.align	2
  70              	.L3:
  71 0044 00300240 		.word	1073885184
  72 0048 00000240 		.word	1073872896
  73              		.cfi_endproc
  74              	.LFE0:
  76              		.text
  77              	.Letext0:
  78              		.file 2 "C:/tools_stm/xpack-arm-none-eabi-gcc-13.2.1-1.1/arm-none-eabi/include/machine/_default_ty
  79              		.file 3 "C:/tools_stm/xpack-arm-none-eabi-gcc-13.2.1-1.1/arm-none-eabi/include/sys/_stdint.h"
ARM GAS  C:\Users\kovav\AppData\Local\Temp\cclo5t9c.s 			page 3


DEFINED SYMBOLS
                            *ABS*:00000000 main.c
C:\Users\kovav\AppData\Local\Temp\cclo5t9c.s:21     .text.main:00000000 $t
C:\Users\kovav\AppData\Local\Temp\cclo5t9c.s:27     .text.main:00000000 main
C:\Users\kovav\AppData\Local\Temp\cclo5t9c.s:71     .text.main:00000044 $d

NO UNDEFINED SYMBOLS
