Archive member included to satisfy reference by file (symbol)

D:/Tools/xpack-arm-none-eabi-gcc-13.2.1-1.1/bin/../lib/gcc/arm-none-eabi/13.2.1/../../../../arm-none-eabi/lib/thumb/v7e-m+fp/hard\libc_nano.a(libc_a-atexit.o)
                              D:/Tools/xpack-arm-none-eabi-gcc-13.2.1-1.1/bin/../lib/gcc/arm-none-eabi/13.2.1/../../../../arm-none-eabi/lib/thumb/v7e-m+fp/hard/crt0.o (atexit)
D:/Tools/xpack-arm-none-eabi-gcc-13.2.1-1.1/bin/../lib/gcc/arm-none-eabi/13.2.1/../../../../arm-none-eabi/lib/thumb/v7e-m+fp/hard\libc_nano.a(libc_a-exit.o)
                              D:/Tools/xpack-arm-none-eabi-gcc-13.2.1-1.1/bin/../lib/gcc/arm-none-eabi/13.2.1/../../../../arm-none-eabi/lib/thumb/v7e-m+fp/hard/crt0.o (exit)
D:/Tools/xpack-arm-none-eabi-gcc-13.2.1-1.1/bin/../lib/gcc/arm-none-eabi/13.2.1/../../../../arm-none-eabi/lib/thumb/v7e-m+fp/hard\libc_nano.a(libc_a-findfp.o)
                              D:/Tools/xpack-arm-none-eabi-gcc-13.2.1-1.1/bin/../lib/gcc/arm-none-eabi/13.2.1/../../../../arm-none-eabi/lib/thumb/v7e-m+fp/hard\libc_nano.a(libc_a-exit.o) (__stdio_exit_handler)
D:/Tools/xpack-arm-none-eabi-gcc-13.2.1-1.1/bin/../lib/gcc/arm-none-eabi/13.2.1/../../../../arm-none-eabi/lib/thumb/v7e-m+fp/hard\libc_nano.a(libc_a-fwalk.o)
                              D:/Tools/xpack-arm-none-eabi-gcc-13.2.1-1.1/bin/../lib/gcc/arm-none-eabi/13.2.1/../../../../arm-none-eabi/lib/thumb/v7e-m+fp/hard\libc_nano.a(libc_a-findfp.o) (_fwalk_sglue)
D:/Tools/xpack-arm-none-eabi-gcc-13.2.1-1.1/bin/../lib/gcc/arm-none-eabi/13.2.1/../../../../arm-none-eabi/lib/thumb/v7e-m+fp/hard\libc_nano.a(libc_a-stdio.o)
                              D:/Tools/xpack-arm-none-eabi-gcc-13.2.1-1.1/bin/../lib/gcc/arm-none-eabi/13.2.1/../../../../arm-none-eabi/lib/thumb/v7e-m+fp/hard\libc_nano.a(libc_a-findfp.o) (__sread)
D:/Tools/xpack-arm-none-eabi-gcc-13.2.1-1.1/bin/../lib/gcc/arm-none-eabi/13.2.1/../../../../arm-none-eabi/lib/thumb/v7e-m+fp/hard\libc_nano.a(libc_a-memset.o)
                              D:/Tools/xpack-arm-none-eabi-gcc-13.2.1-1.1/bin/../lib/gcc/arm-none-eabi/13.2.1/../../../../arm-none-eabi/lib/thumb/v7e-m+fp/hard/crt0.o (memset)
D:/Tools/xpack-arm-none-eabi-gcc-13.2.1-1.1/bin/../lib/gcc/arm-none-eabi/13.2.1/../../../../arm-none-eabi/lib/thumb/v7e-m+fp/hard\libc_nano.a(libc_a-closer.o)
                              D:/Tools/xpack-arm-none-eabi-gcc-13.2.1-1.1/bin/../lib/gcc/arm-none-eabi/13.2.1/../../../../arm-none-eabi/lib/thumb/v7e-m+fp/hard\libc_nano.a(libc_a-stdio.o) (_close_r)
D:/Tools/xpack-arm-none-eabi-gcc-13.2.1-1.1/bin/../lib/gcc/arm-none-eabi/13.2.1/../../../../arm-none-eabi/lib/thumb/v7e-m+fp/hard\libc_nano.a(libc_a-reent.o)
                              D:/Tools/xpack-arm-none-eabi-gcc-13.2.1-1.1/bin/../lib/gcc/arm-none-eabi/13.2.1/../../../../arm-none-eabi/lib/thumb/v7e-m+fp/hard\libc_nano.a(libc_a-closer.o) (errno)
D:/Tools/xpack-arm-none-eabi-gcc-13.2.1-1.1/bin/../lib/gcc/arm-none-eabi/13.2.1/../../../../arm-none-eabi/lib/thumb/v7e-m+fp/hard\libc_nano.a(libc_a-impure.o)
                              D:/Tools/xpack-arm-none-eabi-gcc-13.2.1-1.1/bin/../lib/gcc/arm-none-eabi/13.2.1/../../../../arm-none-eabi/lib/thumb/v7e-m+fp/hard\libc_nano.a(libc_a-reent.o) (_impure_ptr)
D:/Tools/xpack-arm-none-eabi-gcc-13.2.1-1.1/bin/../lib/gcc/arm-none-eabi/13.2.1/../../../../arm-none-eabi/lib/thumb/v7e-m+fp/hard\libc_nano.a(libc_a-lseekr.o)
                              D:/Tools/xpack-arm-none-eabi-gcc-13.2.1-1.1/bin/../lib/gcc/arm-none-eabi/13.2.1/../../../../arm-none-eabi/lib/thumb/v7e-m+fp/hard\libc_nano.a(libc_a-stdio.o) (_lseek_r)
D:/Tools/xpack-arm-none-eabi-gcc-13.2.1-1.1/bin/../lib/gcc/arm-none-eabi/13.2.1/../../../../arm-none-eabi/lib/thumb/v7e-m+fp/hard\libc_nano.a(libc_a-readr.o)
                              D:/Tools/xpack-arm-none-eabi-gcc-13.2.1-1.1/bin/../lib/gcc/arm-none-eabi/13.2.1/../../../../arm-none-eabi/lib/thumb/v7e-m+fp/hard\libc_nano.a(libc_a-stdio.o) (_read_r)
D:/Tools/xpack-arm-none-eabi-gcc-13.2.1-1.1/bin/../lib/gcc/arm-none-eabi/13.2.1/../../../../arm-none-eabi/lib/thumb/v7e-m+fp/hard\libc_nano.a(libc_a-writer.o)
                              D:/Tools/xpack-arm-none-eabi-gcc-13.2.1-1.1/bin/../lib/gcc/arm-none-eabi/13.2.1/../../../../arm-none-eabi/lib/thumb/v7e-m+fp/hard\libc_nano.a(libc_a-stdio.o) (_write_r)
D:/Tools/xpack-arm-none-eabi-gcc-13.2.1-1.1/bin/../lib/gcc/arm-none-eabi/13.2.1/../../../../arm-none-eabi/lib/thumb/v7e-m+fp/hard\libc_nano.a(libc_a-errno.o)
                              build_F429ZI/syscalls.o (__errno)
D:/Tools/xpack-arm-none-eabi-gcc-13.2.1-1.1/bin/../lib/gcc/arm-none-eabi/13.2.1/../../../../arm-none-eabi/lib/thumb/v7e-m+fp/hard\libc_nano.a(libc_a-init.o)
                              D:/Tools/xpack-arm-none-eabi-gcc-13.2.1-1.1/bin/../lib/gcc/arm-none-eabi/13.2.1/../../../../arm-none-eabi/lib/thumb/v7e-m+fp/hard/crt0.o (__libc_init_array)
[...]
Memory Configuration

Name             Origin             Length             Attributes
RAM              0x20000000         0x00030000         xrw
CCMRAM           0x10000000         0x00010000         xrw
FLASH            0x08000000         0x00200000         xr
*default*        0x00000000         0xffffffff

Linker script and memory map

LOAD D:/Tools/xpack-arm-none-eabi-gcc-13.2.1-1.1/bin/../lib/gcc/arm-none-eabi/13.2.1/thumb/v7e-m+fp/hard/crti.o
LOAD D:/Tools/xpack-arm-none-eabi-gcc-13.2.1-1.1/bin/../lib/gcc/arm-none-eabi/13.2.1/thumb/v7e-m+fp/hard/crtbegin.o
LOAD D:/Tools/xpack-arm-none-eabi-gcc-13.2.1-1.1/bin/../lib/gcc/arm-none-eabi/13.2.1/../../../../arm-none-eabi/lib/thumb/v7e-m+fp/hard/crt0.o
LOAD build_F429ZI/system_stm32f4xx.o
LOAD build_F429ZI/syscalls.o
LOAD build_F429ZI/sysmem.o
LOAD build_F429ZI/main.o
LOAD build_F429ZI/init.o
LOAD build_F429ZI/Interrupt.o
LOAD build_F429ZI/startup_stm32f429xx.o
LOAD D:/Tools/xpack-arm-none-eabi-gcc-13.2.1-1.1/bin/../lib/gcc/arm-none-eabi/13.2.1/../../../../arm-none-eabi/lib/thumb/v7e-m+fp/hard\libc_nano.a
LOAD D:/Tools/xpack-arm-none-eabi-gcc-13.2.1-1.1/bin/../lib/gcc/arm-none-eabi/13.2.1/../../../../arm-none-eabi/lib/thumb/v7e-m+fp/hard\libm.a
LOAD D:/Tools/xpack-arm-none-eabi-gcc-13.2.1-1.1/bin/../lib/gcc/arm-none-eabi/13.2.1/../../../../arm-none-eabi/lib/thumb/v7e-m+fp/hard\libnosys.a
START GROUP
LOAD D:/Tools/xpack-arm-none-eabi-gcc-13.2.1-1.1/bin/../lib/gcc/arm-none-eabi/13.2.1/thumb/v7e-m+fp/hard\libgcc.a
LOAD D:/Tools/xpack-arm-none-eabi-gcc-13.2.1-1.1/bin/../lib/gcc/arm-none-eabi/13.2.1/../../../../arm-none-eabi/lib/thumb/v7e-m+fp/hard\libc_nano.a
END GROUP
START GROUP
LOAD D:/Tools/xpack-arm-none-eabi-gcc-13.2.1-1.1/bin/../lib/gcc/arm-none-eabi/13.2.1/thumb/v7e-m+fp/hard\libgcc.a
LOAD D:/Tools/xpack-arm-none-eabi-gcc-13.2.1-1.1/bin/../lib/gcc/arm-none-eabi/13.2.1/../../../../arm-none-eabi/lib/thumb/v7e-m+fp/hard\libc_nano.a
END GROUP
LOAD D:/Tools/xpack-arm-none-eabi-gcc-13.2.1-1.1/bin/../lib/gcc/arm-none-eabi/13.2.1/thumb/v7e-m+fp/hard/crtend.o
LOAD D:/Tools/xpack-arm-none-eabi-gcc-13.2.1-1.1/bin/../lib/gcc/arm-none-eabi/13.2.1/thumb/v7e-m+fp/hard/crtn.o
                0x20030000                        _estack = (ORIGIN (RAM) + LENGTH (RAM))
                0x00000200                        _Min_Heap_Size = 0x200
                0x00000400                        _Min_Stack_Size = 0x400

.isr_vector     0x08000000      0x1ac
                0x08000000                        . = ALIGN (0x4)
 *(.isr_vector)
 .isr_vector    0x08000000      0x1ac build_F429ZI/startup_stm32f429xx.o
                0x08000000                g_pfnVectors
                0x080001ac                        . = ALIGN (0x4)

.text           0x080001ac      0x848
                0x080001ac                        . = ALIGN (0x4)
 *(.text)
 *(.text*)
 .text.__do_global_dtors_aux
                0x080001ac       0x24 D:/Tools/xpack-arm-none-eabi-gcc-13.2.1-1.1/bin/../lib/gcc/arm-none-eabi/13.2.1/thumb/v7e-m+fp/hard/crtbegin.o
 .text.frame_dummy
                0x080001d0       0x1c D:/Tools/xpack-arm-none-eabi-gcc-13.2.1-1.1/bin/../lib/gcc/arm-none-eabi/13.2.1/thumb/v7e-m+fp/hard/crtbegin.o
 .text.SystemInit
                0x080001ec       0x14 build_F429ZI/system_stm32f4xx.o
                0x080001ec                SystemInit
 .text.main     0x08000200      0x25c build_F429ZI/main.o
                0x08000200                main
 .text.Clock_Init_HSE_PLL_168MHz
                0x0800045c       0xa4 build_F429ZI/init.o
                0x0800045c                Clock_Init_HSE_PLL_168MHz
 .text.SysTick_Init_1ms
                0x08000500       0x2c build_F429ZI/init.o
                0x08000500                SysTick_Init_1ms
 .text.Buttons_GPIO_Init
                0x0800052c       0x48 build_F429ZI/init.o
                0x0800052c                Buttons_GPIO_Init
 .text.ITR_Init
                0x08000574       0x54 build_F429ZI/init.o
                0x08000574                ITR_Init
 .text.Buttons_EXTI_Init
                0x080005c8       0x7c build_F429ZI/init.o
                0x080005c8                Buttons_EXTI_Init
 .text.LEDs_GPIO_Init
                0x08000644      0x108 build_F429ZI/init.o
                0x08000644                LEDs_GPIO_Init
 .text.LED_AllOff
                0x0800074c       0x40 build_F429ZI/init.o
                0x0800074c                LED_AllOff
 .text.LED_On_Index
                0x0800078c       0x98 build_F429ZI/init.o
                0x0800078c                LED_On_Index
 .text.LED_Off_Index
                0x08000824       0x98 build_F429ZI/init.o
                0x08000824                LED_Off_Index
 .text.LED_SetActive
                0x080008bc       0x10 build_F429ZI/init.o
                0x080008bc                LED_SetActive
 .text.SysTick_Handler
                0x080008cc       0x10 build_F429ZI/Interrupt.o
                0x080008cc                SysTick_Handler
 .text.EXTI0_IRQHandler
                0x080008dc       0x20 build_F429ZI/Interrupt.o
                0x080008dc                EXTI0_IRQHandler
 .text.EXTI9_5_IRQHandler
                0x080008fc       0x20 build_F429ZI/Interrupt.o
                0x080008fc                EXTI9_5_IRQHandler
 .text.EXTI15_10_IRQHandler
                0x0800091c       0x24 build_F429ZI/Interrupt.o
                0x0800091c                EXTI15_10_IRQHandler
 .text.Reset_Handler
                0x08000940       0x50 build_F429ZI/startup_stm32f429xx.o
                0x08000940                Reset_Handler
 .text.Default_Handler
                0x08000990        0x2 build_F429ZI/startup_stm32f429xx.o
                0x08000990                RTC_Alarm_IRQHandler
                0x08000990                HASH_RNG_IRQHandler
                0x08000990                EXTI2_IRQHandler
                0x08000990                TIM8_CC_IRQHandler
                0x08000990                DebugMon_Handler
                0x08000990                UART8_IRQHandler
                0x08000990                SPI4_IRQHandler
                0x08000990                TIM1_CC_IRQHandler
                0x08000990                DMA2_Stream5_IRQHandler
                0x08000990                HardFault_Handler
                0x08000990                DMA1_Stream5_IRQHandler
                0x08000990                PVD_IRQHandler
                0x08000990                SDIO_IRQHandler
                0x08000990                TAMP_STAMP_IRQHandler
                0x08000990                PendSV_Handler
                0x08000990                NMI_Handler
                0x08000990                CAN2_RX1_IRQHandler
                0x08000990                EXTI3_IRQHandler
                0x08000990                TIM8_TRG_COM_TIM14_IRQHandler
                0x08000990                TIM1_UP_TIM10_IRQHandler
                0x08000990                TIM8_UP_TIM13_IRQHandler
                0x08000990                I2C3_ER_IRQHandler
                0x08000990                I2C2_EV_IRQHandler
                0x08000990                DMA1_Stream2_IRQHandler
                0x08000990                CAN1_RX0_IRQHandler
                0x08000990                FPU_IRQHandler
                0x08000990                OTG_HS_WKUP_IRQHandler
                0x08000990                UsageFault_Handler
                0x08000990                LTDC_ER_IRQHandler
                0x08000990                CAN2_SCE_IRQHandler
                0x08000990                DMA2_Stream2_IRQHandler
                0x08000990                SPI1_IRQHandler
                0x08000990                TIM6_DAC_IRQHandler
                0x08000990                TIM1_BRK_TIM9_IRQHandler
                0x08000990                DCMI_IRQHandler
                0x08000990                CAN2_RX0_IRQHandler
                0x08000990                DMA2_Stream3_IRQHandler
                0x08000990                USART6_IRQHandler
                0x08000990                USART3_IRQHandler
                0x08000990                CAN1_RX1_IRQHandler
                0x08000990                UART5_IRQHandler
                0x08000990                DMA2_Stream0_IRQHandler
                0x08000990                TIM4_IRQHandler
                0x08000990                I2C1_EV_IRQHandler
                0x08000990                DMA1_Stream6_IRQHandler
                0x08000990                DMA1_Stream1_IRQHandler
                0x08000990                UART4_IRQHandler
                0x08000990                TIM3_IRQHandler
                0x08000990                RCC_IRQHandler
                0x08000990                TIM8_BRK_TIM12_IRQHandler
                0x08000990                Default_Handler
                0x08000990                ADC_IRQHandler
                0x08000990                DMA1_Stream7_IRQHandler
                0x08000990                SPI5_IRQHandler
                0x08000990                TIM7_IRQHandler
                0x08000990                CAN2_TX_IRQHandler
                0x08000990                TIM5_IRQHandler
                0x08000990                DMA2_Stream7_IRQHandler
                0x08000990                I2C3_EV_IRQHandler
                0x08000990                RTC_WKUP_IRQHandler
                0x08000990                LTDC_IRQHandler
                0x08000990                ETH_WKUP_IRQHandler
                0x08000990                SPI2_IRQHandler
                0x08000990                OTG_HS_EP1_IN_IRQHandler
                0x08000990                MemManage_Handler
                0x08000990                DMA1_Stream0_IRQHandler
                0x08000990                CAN1_TX_IRQHandler
                0x08000990                SVC_Handler
                0x08000990                EXTI4_IRQHandler
                0x08000990                ETH_IRQHandler
                0x08000990                OTG_HS_EP1_OUT_IRQHandler
                0x08000990                WWDG_IRQHandler
                0x08000990                SPI6_IRQHandler
                0x08000990                TIM2_IRQHandler
                0x08000990                OTG_FS_WKUP_IRQHandler
                0x08000990                TIM1_TRG_COM_TIM11_IRQHandler
                0x08000990                OTG_HS_IRQHandler
                0x08000990                DMA2D_IRQHandler
                0x08000990                EXTI1_IRQHandler
                0x08000990                UART7_IRQHandler
                0x08000990                USART2_IRQHandler
                0x08000990                I2C2_ER_IRQHandler
                0x08000990                DMA2_Stream1_IRQHandler
                0x08000990                CAN1_SCE_IRQHandler
                0x08000990                FLASH_IRQHandler
                0x08000990                DMA2_Stream4_IRQHandler
                0x08000990                BusFault_Handler
                0x08000990                USART1_IRQHandler
                0x08000990                OTG_FS_IRQHandler
                0x08000990                SPI3_IRQHandler
                0x08000990                DMA1_Stream4_IRQHandler
                0x08000990                I2C1_ER_IRQHandler
                0x08000990                FMC_IRQHandler
                0x08000990                DMA2_Stream6_IRQHandler
                0x08000990                SAI1_IRQHandler
                0x08000990                DMA1_Stream3_IRQHandler
 *fill*         0x08000992        0x2 
 .text.__libc_init_array
                0x08000994       0x48 D:/Tools/xpack-arm-none-eabi-gcc-13.2.1-1.1/bin/../lib/gcc/arm-none-eabi/13.2.1/../../../../arm-none-eabi/lib/thumb/v7e-m+fp/hard\libc_nano.a(libc_a-init.o)
                0x08000994                __libc_init_array
 *(.glue_7)
 .glue_7        0x080009dc        0x0 linker stubs
 *(.glue_7t)
 .glue_7t       0x080009dc        0x0 linker stubs
 *(.eh_frame)
 .eh_frame      0x080009dc        0x0 D:/Tools/xpack-arm-none-eabi-gcc-13.2.1-1.1/bin/../lib/gcc/arm-none-eabi/13.2.1/thumb/v7e-m+fp/hard/crtbegin.o
 *(.init)
 .init          0x080009dc        0x4 D:/Tools/xpack-arm-none-eabi-gcc-13.2.1-1.1/bin/../lib/gcc/arm-none-eabi/13.2.1/thumb/v7e-m+fp/hard/crti.o
                0x080009dc                _init
 .init          0x080009e0        0x8 D:/Tools/xpack-arm-none-eabi-gcc-13.2.1-1.1/bin/../lib/gcc/arm-none-eabi/13.2.1/thumb/v7e-m+fp/hard/crtn.o
 *(.fini)
 .fini          0x080009e8        0x4 D:/Tools/xpack-arm-none-eabi-gcc-13.2.1-1.1/bin/../lib/gcc/arm-none-eabi/13.2.1/thumb/v7e-m+fp/hard/crti.o
                0x080009e8                _fini
 .fini          0x080009ec        0x8 D:/Tools/xpack-arm-none-eabi-gcc-13.2.1-1.1/bin/../lib/gcc/arm-none-eabi/13.2.1/thumb/v7e-m+fp/hard/crtn.o
                0x080009f4                        . = ALIGN (0x4)
                0x080009f4                        _etext = .

.vfp11_veneer   0x080009f4        0x0
 .vfp11_veneer  0x080009f4        0x0 linker stubs

.v4_bx          0x080009f4        0x0
 .v4_bx         0x080009f4        0x0 linker stubs

.iplt           0x080009f4        0x0
 .iplt          0x080009f4        0x0 D:/Tools/xpack-arm-none-eabi-gcc-13.2.1-1.1/bin/../lib/gcc/arm-none-eabi/13.2.1/thumb/v7e-m+fp/hard/crtbegin.o

.rodata         0x080009f4       0x18
                0x080009f4                        . = ALIGN (0x4)
 *(.rodata)
 *(.rodata*)
 .rodata.led_toggle_ms
                0x080009f4        0xc build_F429ZI/main.o
 .rodata.mode1_periods_ms
                0x08000a00        0xc build_F429ZI/main.o
                0x08000a0c                        . = ALIGN (0x4)

.rel.dyn        0x08000a0c        0x0
 .rel.iplt      0x08000a0c        0x0 D:/Tools/xpack-arm-none-eabi-gcc-13.2.1-1.1/bin/../lib/gcc/arm-none-eabi/13.2.1/thumb/v7e-m+fp/hard/crtbegin.o

.ARM.extab
 *(.ARM.extab* .gnu.linkonce.armextab.*)

.ARM            0x08000a0c        0x0
                0x08000a0c                        __exidx_start = .
 *(.ARM.exidx*)
                0x08000a0c                        __exidx_end = .

.preinit_array  0x08000a0c        0x0
                0x08000a0c                        PROVIDE (__preinit_array_start = .)
 *(.preinit_array*)
                0x08000a0c                        PROVIDE (__preinit_array_end = .)

.init_array     0x08000a0c        0x4
                0x08000a0c                        PROVIDE (__init_array_start = .)
 *(SORT_BY_NAME(.init_array.*))
 *(.init_array*)
 .init_array    0x08000a0c        0x4 D:/Tools/xpack-arm-none-eabi-gcc-13.2.1-1.1/bin/../lib/gcc/arm-none-eabi/13.2.1/thumb/v7e-m+fp/hard/crtbegin.o
                0x08000a10                        PROVIDE (__init_array_end = .)

.fini_array     0x08000a10        0x4
                0x08000a10                        PROVIDE (__fini_array_start = .)
 *(SORT_BY_NAME(.fini_array.*))
 *(.fini_array*)
 .fini_array    0x08000a10        0x4 D:/Tools/xpack-arm-none-eabi-gcc-13.2.1-1.1/bin/../lib/gcc/arm-none-eabi/13.2.1/thumb/v7e-m+fp/hard/crtbegin.o
                0x08000a14                        PROVIDE (__fini_array_end = .)
                0x08000a14                        _sidata = LOADADDR (.data)

.data           0x20000000        0xc load address 0x08000a14
                0x20000000                        . = ALIGN (0x4)
                0x20000000                        _sdata = .
 *(.data)
 *(.data*)
 .data.SystemCoreClock
                0x20000000        0x4 build_F429ZI/system_stm32f4xx.o
                0x20000000                SystemCoreClock
 .data.r2_output_state
                0x20000004        0x6 build_F429ZI/main.o
                0x2000000c                        . = ALIGN (0x4)
 *fill*         0x2000000a        0x2 
                0x2000000c                        _edata = .
                0x08000a20                        _siccmram = LOADADDR (.ccmram)

.igot.plt       0x2000000c        0x0 load address 0x08000a20
 .igot.plt      0x2000000c        0x0 D:/Tools/xpack-arm-none-eabi-gcc-13.2.1-1.1/bin/../lib/gcc/arm-none-eabi/13.2.1/thumb/v7e-m+fp/hard/crtbegin.o

.ccmram         0x10000000        0x0 load address 0x08000a20
                0x10000000                        . = ALIGN (0x4)
                0x10000000                        _sccmram = .
 *(.ccmram)
 *(.ccmram*)
                0x10000000                        . = ALIGN (0x4)
                0x10000000                        _eccmram = .
                0x10000000                        . = ALIGN (0x4)

.bss            0x2000000c       0x60
                0x2000000c                        _sbss = .
                0x2000000c                        __bss_start__ = _sbss
 *(.bss)
 *(.bss*)
 .bss.completed.1
                0x2000000c        0x1 D:/Tools/xpack-arm-none-eabi-gcc-13.2.1-1.1/bin/../lib/gcc/arm-none-eabi/13.2.1/thumb/v7e-m+fp/hard/crtbegin.o
 *fill*         0x2000000d        0x3 
 .bss.object.0  0x20000010       0x18 D:/Tools/xpack-arm-none-eabi-gcc-13.2.1-1.1/bin/../lib/gcc/arm-none-eabi/13.2.1/thumb/v7e-m+fp/hard/crtbegin.o
 .bss.r2_selected_led
                0x20000028        0x1 build_F429ZI/main.o
 *fill*         0x20000029        0x3 
 .bss.r2_last_toggle_ms
                0x2000002c       0x18 build_F429ZI/main.o
 .bss.r2_last_dwell_ms
                0x20000044        0x4 build_F429ZI/main.o
 .bss.r2_num_on
                0x20000048        0x1 build_F429ZI/main.o
 *fill*         0x20000049        0x3 
 .bss.r1_last_switch_ms
                0x2000004c        0x4 build_F429ZI/main.o
 .bss.r1_active_led
                0x20000050        0x1 build_F429ZI/main.o
 *fill*         0x20000051        0x3 
 .bss.mode2_freq_index
                0x20000054        0x6 build_F429ZI/main.o
 .bss.mode1_freq_index
                0x2000005a        0x1 build_F429ZI/main.o
 .bss.current_mode
                0x2000005b        0x1 build_F429ZI/main.o
 .bss.button3_press_event_flag
                0x2000005c        0x1 build_F429ZI/Interrupt.o
                0x2000005c                button3_press_event_flag
 .bss.button2_press_event_flag
                0x2000005d        0x1 build_F429ZI/Interrupt.o
                0x2000005d                button2_press_event_flag
 .bss.button1_pressed_flag
                0x2000005e        0x1 build_F429ZI/Interrupt.o
                0x2000005e                button1_pressed_flag
 .bss.led6_state
                0x2000005f        0x1 build_F429ZI/Interrupt.o
                0x2000005f                led6_state
 .bss.led5_state
                0x20000060        0x1 build_F429ZI/Interrupt.o
                0x20000060                led5_state
 .bss.led4_state
                0x20000061        0x1 build_F429ZI/Interrupt.o
                0x20000061                led4_state
 .bss.led3_state
                0x20000062        0x1 build_F429ZI/Interrupt.o
                0x20000062                led3_state
 .bss.led2_state
                0x20000063        0x1 build_F429ZI/Interrupt.o
                0x20000063                led2_state
 .bss.led1_state
                0x20000064        0x1 build_F429ZI/Interrupt.o
                0x20000064                led1_state
 *fill*         0x20000065        0x3 
 .bss.system_time_ms
                0x20000068        0x4 build_F429ZI/Interrupt.o
                0x20000068                system_time_ms
 *(COMMON)
                0x2000006c                        . = ALIGN (0x4)
                0x2000006c                        _ebss = .
                0x2000006c                        __bss_end__ = _ebss

._user_heap_stack
                0x2000006c      0x604
                0x20000070                        . = ALIGN (0x8)
 *fill*         0x2000006c        0x4 
                [!provide]                        PROVIDE (end = .)
                0x20000070                        PROVIDE (_end = .)
                0x20000270                        . = (. + _Min_Heap_Size)
 *fill*         0x20000070      0x200 
                0x20000670                        . = (. + _Min_Stack_Size)
 *fill*         0x20000270      0x400 
                0x20000670                        . = ALIGN (0x8)

/DISCARD/
 libc.a(*)
 libm.a(*)
 libgcc.a(*)

.ARM.attributes
                0x00000000       0x30
 *(.ARM.attributes)
 .ARM.attributes
                0x00000000       0x22 D:/Tools/xpack-arm-none-eabi-gcc-13.2.1-1.1/bin/../lib/gcc/arm-none-eabi/13.2.1/thumb/v7e-m+fp/hard/crti.o
 .ARM.attributes
                0x00000022       0x34 D:/Tools/xpack-arm-none-eabi-gcc-13.2.1-1.1/bin/../lib/gcc/arm-none-eabi/13.2.1/thumb/v7e-m+fp/hard/crtbegin.o
 .ARM.attributes
                0x00000056       0x34 build_F429ZI/system_stm32f4xx.o
 .ARM.attributes
                0x0000008a       0x34 build_F429ZI/main.o
 .ARM.attributes
                0x000000be       0x34 build_F429ZI/init.o
 .ARM.attributes
                0x000000f2       0x34 build_F429ZI/Interrupt.o
 .ARM.attributes
                0x00000126       0x21 build_F429ZI/startup_stm32f429xx.o
 .ARM.attributes
                0x00000147       0x34 D:/Tools/xpack-arm-none-eabi-gcc-13.2.1-1.1/bin/../lib/gcc/arm-none-eabi/13.2.1/../../../../arm-none-eabi/lib/thumb/v7e-m+fp/hard\libc_nano.a(libc_a-init.o)
 .ARM.attributes
                0x0000017b       0x22 D:/Tools/xpack-arm-none-eabi-gcc-13.2.1-1.1/bin/../lib/gcc/arm-none-eabi/13.2.1/thumb/v7e-m+fp/hard/crtn.o
OUTPUT(build_F429ZI/STM32F429ZI.elf elf32-littlearm)
LOAD linker stubs
LOAD D:/Tools/xpack-arm-none-eabi-gcc-13.2.1-1.1/bin/../lib/gcc/arm-none-eabi/13.2.1/../../../../arm-none-eabi/lib/thumb/v7e-m+fp/hard\libc.a
LOAD D:/Tools/xpack-arm-none-eabi-gcc-13.2.1-1.1/bin/../lib/gcc/arm-none-eabi/13.2.1/../../../../arm-none-eabi/lib/thumb/v7e-m+fp/hard\libm.a
LOAD D:/Tools/xpack-arm-none-eabi-gcc-13.2.1-1.1/bin/../lib/gcc/arm-none-eabi/13.2.1/thumb/v7e-m+fp/hard\libgcc.a

.comment        0x00000000       0x39
 .comment       0x00000000       0x39 D:/Tools/xpack-arm-none-eabi-gcc-13.2.1-1.1/bin/../lib/gcc/arm-none-eabi/13.2.1/thumb/v7e-m+fp/hard/crtbegin.o
                                 0x3a (size before relaxing)
 .comment       0x00000039       0x3a build_F429ZI/system_stm32f4xx.o
 .comment       0x00000039       0x3a build_F429ZI/main.o
 .comment       0x00000039       0x3a build_F429ZI/init.o
 .comment       0x00000039       0x3a build_F429ZI/Interrupt.o
 .comment       0x00000039       0x3a D:/Tools/xpack-arm-none-eabi-gcc-13.2.1-1.1/bin/../lib/gcc/arm-none-eabi/13.2.1/../../../../arm-none-eabi/lib/thumb/v7e-m+fp/hard\libc_nano.a(libc_a-init.o)

.debug_info     0x00000000     0x1b55
 .debug_info    0x00000000      0x5ce build_F429ZI/system_stm32f4xx.o
 .debug_info    0x000005ce      0x46b build_F429ZI/main.o
 .debug_info    0x00000a39      0xe61 build_F429ZI/init.o
 .debug_info    0x0000189a      0x28b build_F429ZI/Interrupt.o
 .debug_info    0x00001b25       0x30 build_F429ZI/startup_stm32f429xx.o

.debug_abbrev   0x00000000      0x55d
 .debug_abbrev  0x00000000      0x11b build_F429ZI/system_stm32f4xx.o
 .debug_abbrev  0x0000011b      0x158 build_F429ZI/main.o
 .debug_abbrev  0x00000273      0x202 build_F429ZI/init.o
 .debug_abbrev  0x00000475       0xcb build_F429ZI/Interrupt.o
 .debug_abbrev  0x00000540       0x1d build_F429ZI/startup_stm32f429xx.o

.debug_loc      0x00000000      0x442
 .debug_loc     0x00000000      0x181 build_F429ZI/system_stm32f4xx.o
 .debug_loc     0x00000181      0x1b7 build_F429ZI/main.o
 .debug_loc     0x00000338      0x10a build_F429ZI/init.o

.debug_aranges  0x00000000      0x118
 .debug_aranges
                0x00000000       0x28 build_F429ZI/system_stm32f4xx.o
 .debug_aranges
                0x00000028       0x20 build_F429ZI/main.o
 .debug_aranges
                0x00000048       0x70 build_F429ZI/init.o
 .debug_aranges
                0x000000b8       0x38 build_F429ZI/Interrupt.o
 .debug_aranges
                0x000000f0       0x28 build_F429ZI/startup_stm32f429xx.o

.debug_ranges   0x00000000      0x118
 .debug_ranges  0x00000000       0x18 build_F429ZI/system_stm32f4xx.o
 .debug_ranges  0x00000018       0x58 build_F429ZI/main.o
 .debug_ranges  0x00000070       0x60 build_F429ZI/init.o
 .debug_ranges  0x000000d0       0x28 build_F429ZI/Interrupt.o
 .debug_ranges  0x000000f8       0x20 build_F429ZI/startup_stm32f429xx.o

.debug_line     0x00000000      0xd53
 .debug_line    0x00000000      0x274 build_F429ZI/system_stm32f4xx.o
 .debug_line    0x00000274      0x37a build_F429ZI/main.o
 .debug_line    0x000005ee      0x4f5 build_F429ZI/init.o
 .debug_line    0x00000ae3      0x1e6 build_F429ZI/Interrupt.o
 .debug_line    0x00000cc9       0x8a build_F429ZI/startup_stm32f429xx.o

.debug_str      0x00000000      0xc89
 .debug_str     0x00000000      0xc89 build_F429ZI/system_stm32f4xx.o
                                0x358 (size before relaxing)
 .debug_str     0x00000c89      0x345 build_F429ZI/main.o
 .debug_str     0x00000c89      0xa71 build_F429ZI/init.o
 .debug_str     0x00000c89      0x271 build_F429ZI/Interrupt.o
 .debug_str     0x00000c89       0x62 build_F429ZI/startup_stm32f429xx.o

.debug_frame    0x00000000      0x174
 .debug_frame   0x00000000       0x30 build_F429ZI/system_stm32f4xx.o
 .debug_frame   0x00000030       0x2c build_F429ZI/main.o
 .debug_frame   0x0000005c       0xc8 build_F429ZI/init.o
 .debug_frame   0x00000124       0x50 build_F429ZI/Interrupt.o

Cross Reference Table

Symbol                                            File
ADC_IRQHandler                                    build_F429ZI/startup_stm32f429xx.o
AHBPrescTable                                     build_F429ZI/system_stm32f4xx.o
APBPrescTable                                     build_F429ZI/system_stm32f4xx.o
BusFault_Handler                                  build_F429ZI/startup_stm32f429xx.o
Buttons_EXTI_Init                                 build_F429ZI/init.o
                                                  build_F429ZI/main.o
Buttons_GPIO_Init                                 build_F429ZI/init.o
                                                  build_F429ZI/main.o
CAN1_RX0_IRQHandler                               build_F429ZI/startup_stm32f429xx.o
CAN1_RX1_IRQHandler                               build_F429ZI/startup_stm32f429xx.o
CAN1_SCE_IRQHandler                               build_F429ZI/startup_stm32f429xx.o
CAN1_TX_IRQHandler                                build_F429ZI/startup_stm32f429xx.o
CAN2_RX0_IRQHandler                               build_F429ZI/startup_stm32f429xx.o
CAN2_RX1_IRQHandler                               build_F429ZI/startup_stm32f429xx.o
CAN2_SCE_IRQHandler                               build_F429ZI/startup_stm32f429xx.o
CAN2_TX_IRQHandler                                build_F429ZI/startup_stm32f429xx.o
Clock_Init_HSE_PLL_168MHz                         build_F429ZI/init.o
                                                  build_F429ZI/main.o
DCMI_IRQHandler                                   build_F429ZI/startup_stm32f429xx.o
DMA1_Stream0_IRQHandler                           build_F429ZI/startup_stm32f429xx.o
DMA1_Stream1_IRQHandler                           build_F429ZI/startup_stm32f429xx.o
DMA1_Stream2_IRQHandler                           build_F429ZI/startup_stm32f429xx.o
DMA1_Stream3_IRQHandler                           build_F429ZI/startup_stm32f429xx.o
DMA1_Stream4_IRQHandler                           build_F429ZI/startup_stm32f429xx.o
DMA1_Stream5_IRQHandler                           build_F429ZI/startup_stm32f429xx.o
DMA1_Stream6_IRQHandler                           build_F429ZI/startup_stm32f429xx.o
DMA1_Stream7_IRQHandler                           build_F429ZI/startup_stm32f429xx.o
DMA2D_IRQHandler                                  build_F429ZI/startup_stm32f429xx.o
DMA2_Stream0_IRQHandler                           build_F429ZI/startup_stm32f429xx.o
DMA2_Stream1_IRQHandler                           build_F429ZI/startup_stm32f429xx.o
DMA2_Stream2_IRQHandler                           build_F429ZI/startup_stm32f429xx.o
DMA2_Stream3_IRQHandler                           build_F429ZI/startup_stm32f429xx.o
DMA2_Stream4_IRQHandler                           build_F429ZI/startup_stm32f429xx.o
DMA2_Stream5_IRQHandler                           build_F429ZI/startup_stm32f429xx.o
DMA2_Stream6_IRQHandler                           build_F429ZI/startup_stm32f429xx.o
DMA2_Stream7_IRQHandler                           build_F429ZI/startup_stm32f429xx.o
DebugMon_Handler                                  build_F429ZI/startup_stm32f429xx.o
Default_Handler                                   build_F429ZI/startup_stm32f429xx.o
ETH_IRQHandler                                    build_F429ZI/startup_stm32f429xx.o
ETH_WKUP_IRQHandler                               build_F429ZI/startup_stm32f429xx.o
EXTI0_IRQHandler                                  build_F429ZI/Interrupt.o
EXTI15_10_IRQHandler                              build_F429ZI/Interrupt.o
EXTI1_IRQHandler                                  build_F429ZI/startup_stm32f429xx.o
EXTI2_IRQHandler                                  build_F429ZI/startup_stm32f429xx.o
EXTI3_IRQHandler                                  build_F429ZI/startup_stm32f429xx.o
EXTI4_IRQHandler                                  build_F429ZI/startup_stm32f429xx.o
EXTI9_5_IRQHandler                                build_F429ZI/Interrupt.o
FLASH_IRQHandler                                  build_F429ZI/startup_stm32f429xx.o
FMC_IRQHandler                                    build_F429ZI/startup_stm32f429xx.o
FPU_IRQHandler                                    build_F429ZI/startup_stm32f429xx.o
HASH_RNG_IRQHandler                               build_F429ZI/startup_stm32f429xx.o
HardFault_Handler                                 build_F429ZI/startup_stm32f429xx.o
I2C1_ER_IRQHandler                                build_F429ZI/startup_stm32f429xx.o
I2C1_EV_IRQHandler                                build_F429ZI/startup_stm32f429xx.o
I2C2_ER_IRQHandler                                build_F429ZI/startup_stm32f429xx.o
I2C2_EV_IRQHandler                                build_F429ZI/startup_stm32f429xx.o
I2C3_ER_IRQHandler                                build_F429ZI/startup_stm32f429xx.o
I2C3_EV_IRQHandler                                build_F429ZI/startup_stm32f429xx.o
ITR_Init                                          build_F429ZI/init.o
                                                  build_F429ZI/main.o
LED_AllOff                                        build_F429ZI/init.o
                                                  build_F429ZI/main.o
LED_Off_Index                                     build_F429ZI/init.o
                                                  build_F429ZI/main.o
LED_On_Index                                      build_F429ZI/init.o
                                                  build_F429ZI/main.o
LED_SetActive                                     build_F429ZI/init.o
                                                  build_F429ZI/main.o
LEDs_GPIO_Init                                    build_F429ZI/init.o
                                                  build_F429ZI/main.o
LTDC_ER_IRQHandler                                build_F429ZI/startup_stm32f429xx.o
LTDC_IRQHandler                                   build_F429ZI/startup_stm32f429xx.o
MCO_init                                          build_F429ZI/init.o
MemManage_Handler                                 build_F429ZI/startup_stm32f429xx.o
NMI_Handler                                       build_F429ZI/startup_stm32f429xx.o
OTG_FS_IRQHandler                                 build_F429ZI/startup_stm32f429xx.o
OTG_FS_WKUP_IRQHandler                            build_F429ZI/startup_stm32f429xx.o
OTG_HS_EP1_IN_IRQHandler                          build_F429ZI/startup_stm32f429xx.o
OTG_HS_EP1_OUT_IRQHandler                         build_F429ZI/startup_stm32f429xx.o
OTG_HS_IRQHandler                                 build_F429ZI/startup_stm32f429xx.o
OTG_HS_WKUP_IRQHandler                            build_F429ZI/startup_stm32f429xx.o
PVD_IRQHandler                                    build_F429ZI/startup_stm32f429xx.o
PendSV_Handler                                    build_F429ZI/startup_stm32f429xx.o
RCC_IRQHandler                                    build_F429ZI/startup_stm32f429xx.o
RTC_Alarm_IRQHandler                              build_F429ZI/startup_stm32f429xx.o
RTC_WKUP_IRQHandler                               build_F429ZI/startup_stm32f429xx.o
Reset_Handler                                     build_F429ZI/startup_stm32f429xx.o
SAI1_IRQHandler                                   build_F429ZI/startup_stm32f429xx.o
SDIO_IRQHandler                                   build_F429ZI/startup_stm32f429xx.o
SPI1_IRQHandler                                   build_F429ZI/startup_stm32f429xx.o
SPI2_IRQHandler                                   build_F429ZI/startup_stm32f429xx.o
SPI3_IRQHandler                                   build_F429ZI/startup_stm32f429xx.o
SPI4_IRQHandler                                   build_F429ZI/startup_stm32f429xx.o
SPI5_IRQHandler                                   build_F429ZI/startup_stm32f429xx.o
SPI6_IRQHandler                                   build_F429ZI/startup_stm32f429xx.o
SVC_Handler                                       build_F429ZI/startup_stm32f429xx.o
SysTick_Handler                                   build_F429ZI/Interrupt.o
SysTick_Init_1ms                                  build_F429ZI/init.o
                                                  build_F429ZI/main.o
SystemCoreClock                                   build_F429ZI/system_stm32f4xx.o
                                                  build_F429ZI/init.o
SystemCoreClockUpdate                             build_F429ZI/system_stm32f4xx.o
SystemInit                                        build_F429ZI/system_stm32f4xx.o
                                                  build_F429ZI/startup_stm32f429xx.o
TAMP_STAMP_IRQHandler                             build_F429ZI/startup_stm32f429xx.o
TIM1_BRK_TIM9_IRQHandler                          build_F429ZI/startup_stm32f429xx.o
TIM1_CC_IRQHandler                                build_F429ZI/startup_stm32f429xx.o
TIM1_TRG_COM_TIM11_IRQHandler                     build_F429ZI/startup_stm32f429xx.o
TIM1_UP_TIM10_IRQHandler                          build_F429ZI/startup_stm32f429xx.o
TIM2_IRQHandler                                   build_F429ZI/startup_stm32f429xx.o
TIM3_IRQHandler                                   build_F429ZI/startup_stm32f429xx.o
TIM4_IRQHandler                                   build_F429ZI/startup_stm32f429xx.o
TIM5_IRQHandler                                   build_F429ZI/startup_stm32f429xx.o
TIM6_DAC_IRQHandler                               build_F429ZI/startup_stm32f429xx.o
TIM7_IRQHandler                                   build_F429ZI/startup_stm32f429xx.o
TIM8_BRK_TIM12_IRQHandler                         build_F429ZI/startup_stm32f429xx.o
TIM8_CC_IRQHandler                                build_F429ZI/startup_stm32f429xx.o
TIM8_TRG_COM_TIM14_IRQHandler                     build_F429ZI/startup_stm32f429xx.o
TIM8_UP_TIM13_IRQHandler                          build_F429ZI/startup_stm32f429xx.o
UART4_IRQHandler                                  build_F429ZI/startup_stm32f429xx.o
UART5_IRQHandler                                  build_F429ZI/startup_stm32f429xx.o
UART7_IRQHandler                                  build_F429ZI/startup_stm32f429xx.o
UART8_IRQHandler                                  build_F429ZI/startup_stm32f429xx.o
USART1_IRQHandler                                 build_F429ZI/startup_stm32f429xx.o
USART2_IRQHandler                                 build_F429ZI/startup_stm32f429xx.o
USART3_IRQHandler                                 build_F429ZI/startup_stm32f429xx.o
USART6_IRQHandler                                 build_F429ZI/startup_stm32f429xx.o
UsageFault_Handler                                build_F429ZI/startup_stm32f429xx.o
WWDG_IRQHandler                                   build_F429ZI/startup_stm32f429xx.o
_Min_Stack_Size                                   build_F429ZI/sysmem.o
__atexit                                          D:/Tools/xpack-arm-none-eabi-gcc-13.2.1-1.1/bin/../lib/gcc/arm-none-eabi/13.2.1/../../../../arm-none-eabi/lib/thumb/v7e-m+fp/hard\libc_nano.a(libc_a-__call_atexit.o)
                                                  D:/Tools/xpack-arm-none-eabi-gcc-13.2.1-1.1/bin/../lib/gcc/arm-none-eabi/13.2.1/../../../../arm-none-eabi/lib/thumb/v7e-m+fp/hard\libc_nano.a(libc_a-__atexit.o)
__atexit0                                         D:/Tools/xpack-arm-none-eabi-gcc-13.2.1-1.1/bin/../lib/gcc/arm-none-eabi/13.2.1/../../../../arm-none-eabi/lib/thumb/v7e-m+fp/hard\libc_nano.a(libc_a-__atexit.o)
__atexit_dummy                                    D:/Tools/xpack-arm-none-eabi-gcc-13.2.1-1.1/bin/../lib/gcc/arm-none-eabi/13.2.1/../../../../arm-none-eabi/lib/thumb/v7e-m+fp/hard\libc_nano.a(libc_a-__atexit.o)
__atexit_recursive_mutex                          D:/Tools/xpack-arm-none-eabi-gcc-13.2.1-1.1/bin/../lib/gcc/arm-none-eabi/13.2.1/../../../../arm-none-eabi/lib/thumb/v7e-m+fp/hard\libc_nano.a(libc_a-__call_atexit.o)
                                                  D:/Tools/xpack-arm-none-eabi-gcc-13.2.1-1.1/bin/../lib/gcc/arm-none-eabi/13.2.1/../../../../arm-none-eabi/lib/thumb/v7e-m+fp/hard\libc_nano.a(libc_a-__atexit.o)
__bss_end__                                       D:/Tools/xpack-arm-none-eabi-gcc-13.2.1-1.1/bin/../lib/gcc/arm-none-eabi/13.2.1/../../../../arm-none-eabi/lib/thumb/v7e-m+fp/hard/crt0.o
__bss_start__                                     D:/Tools/xpack-arm-none-eabi-gcc-13.2.1-1.1/bin/../lib/gcc/arm-none-eabi/13.2.1/../../../../arm-none-eabi/lib/thumb/v7e-m+fp/hard/crt0.o
__call_exitprocs                                  D:/Tools/xpack-arm-none-eabi-gcc-13.2.1-1.1/bin/../lib/gcc/arm-none-eabi/13.2.1/../../../../arm-none-eabi/lib/thumb/v7e-m+fp/hard\libc_nano.a(libc_a-__call_atexit.o)
                                                  D:/Tools/xpack-arm-none-eabi-gcc-13.2.1-1.1/bin/../lib/gcc/arm-none-eabi/13.2.1/../../../../arm-none-eabi/lib/thumb/v7e-m+fp/hard\libc_nano.a(libc_a-__atexit.o)
                                                  D:/Tools/xpack-arm-none-eabi-gcc-13.2.1-1.1/bin/../lib/gcc/arm-none-eabi/13.2.1/../../../../arm-none-eabi/lib/thumb/v7e-m+fp/hard\libc_nano.a(libc_a-exit.o)
__deregister_frame_info                           D:/Tools/xpack-arm-none-eabi-gcc-13.2.1-1.1/bin/../lib/gcc/arm-none-eabi/13.2.1/thumb/v7e-m+fp/hard/crtbegin.o
__dso_handle                                      D:/Tools/xpack-arm-none-eabi-gcc-13.2.1-1.1/bin/../lib/gcc/arm-none-eabi/13.2.1/thumb/v7e-m+fp/hard/crtbegin.o
__env                                             build_F429ZI/syscalls.o
__errno                                           D:/Tools/xpack-arm-none-eabi-gcc-13.2.1-1.1/bin/../lib/gcc/arm-none-eabi/13.2.1/../../../../arm-none-eabi/lib/thumb/v7e-m+fp/hard\libc_nano.a(libc_a-errno.o)
                                                  build_F429ZI/sysmem.o
                                                  build_F429ZI/syscalls.o
__fini_array_end                                  D:/Tools/xpack-arm-none-eabi-gcc-13.2.1-1.1/bin/../lib/gcc/arm-none-eabi/13.2.1/../../../../arm-none-eabi/lib/thumb/v7e-m+fp/hard\libc_nano.a(libc_a-fini.o)
__fini_array_start                                D:/Tools/xpack-arm-none-eabi-gcc-13.2.1-1.1/bin/../lib/gcc/arm-none-eabi/13.2.1/../../../../arm-none-eabi/lib/thumb/v7e-m+fp/hard\libc_nano.a(libc_a-fini.o)
__fp_lock_all                                     D:/Tools/xpack-arm-none-eabi-gcc-13.2.1-1.1/bin/../lib/gcc/arm-none-eabi/13.2.1/../../../../arm-none-eabi/lib/thumb/v7e-m+fp/hard\libc_nano.a(libc_a-findfp.o)
__fp_unlock_all                                   D:/Tools/xpack-arm-none-eabi-gcc-13.2.1-1.1/bin/../lib/gcc/arm-none-eabi/13.2.1/../../../../arm-none-eabi/lib/thumb/v7e-m+fp/hard\libc_nano.a(libc_a-findfp.o)
__init_array_end                                  D:/Tools/xpack-arm-none-eabi-gcc-13.2.1-1.1/bin/../lib/gcc/arm-none-eabi/13.2.1/../../../../arm-none-eabi/lib/thumb/v7e-m+fp/hard\libc_nano.a(libc_a-init.o)
__init_array_start                                D:/Tools/xpack-arm-none-eabi-gcc-13.2.1-1.1/bin/../lib/gcc/arm-none-eabi/13.2.1/../../../../arm-none-eabi/lib/thumb/v7e-m+fp/hard\libc_nano.a(libc_a-init.o)
__io_getchar                                      build_F429ZI/syscalls.o
__io_putchar                                      build_F429ZI/syscalls.o
__libc_fini_array                                 D:/Tools/xpack-arm-none-eabi-gcc-13.2.1-1.1/bin/../lib/gcc/arm-none-eabi/13.2.1/../../../../arm-none-eabi/lib/thumb/v7e-m+fp/hard\libc_nano.a(libc_a-fini.o)
                                                  D:/Tools/xpack-arm-none-eabi-gcc-13.2.1-1.1/bin/../lib/gcc/arm-none-eabi/13.2.1/../../../../arm-none-eabi/lib/thumb/v7e-m+fp/hard/crt0.o
__libc_init_array                                 D:/Tools/xpack-arm-none-eabi-gcc-13.2.1-1.1/bin/../lib/gcc/arm-none-eabi/13.2.1/../../../../arm-none-eabi/lib/thumb/v7e-m+fp/hard\libc_nano.a(libc_a-init.o)
                                                  build_F429ZI/startup_stm32f429xx.o
                                                  D:/Tools/xpack-arm-none-eabi-gcc-13.2.1-1.1/bin/../lib/gcc/arm-none-eabi/13.2.1/../../../../arm-none-eabi/lib/thumb/v7e-m+fp/hard/crt0.o
__lock___arc4random_mutex                         D:/Tools/xpack-arm-none-eabi-gcc-13.2.1-1.1/bin/../lib/gcc/arm-none-eabi/13.2.1/../../../../arm-none-eabi/lib/thumb/v7e-m+fp/hard\libc_nano.a(libc_a-lock.o)
__lock___at_quick_exit_mutex                      D:/Tools/xpack-arm-none-eabi-gcc-13.2.1-1.1/bin/../lib/gcc/arm-none-eabi/13.2.1/../../../../arm-none-eabi/lib/thumb/v7e-m+fp/hard\libc_nano.a(libc_a-lock.o)
__lock___atexit_recursive_mutex                   D:/Tools/xpack-arm-none-eabi-gcc-13.2.1-1.1/bin/../lib/gcc/arm-none-eabi/13.2.1/../../../../arm-none-eabi/lib/thumb/v7e-m+fp/hard\libc_nano.a(libc_a-lock.o)
                                                  D:/Tools/xpack-arm-none-eabi-gcc-13.2.1-1.1/bin/../lib/gcc/arm-none-eabi/13.2.1/../../../../arm-none-eabi/lib/thumb/v7e-m+fp/hard\libc_nano.a(libc_a-__call_atexit.o)
__lock___dd_hash_mutex                            D:/Tools/xpack-arm-none-eabi-gcc-13.2.1-1.1/bin/../lib/gcc/arm-none-eabi/13.2.1/../../../../arm-none-eabi/lib/thumb/v7e-m+fp/hard\libc_nano.a(libc_a-lock.o)
__lock___env_recursive_mutex                      D:/Tools/xpack-arm-none-eabi-gcc-13.2.1-1.1/bin/../lib/gcc/arm-none-eabi/13.2.1/../../../../arm-none-eabi/lib/thumb/v7e-m+fp/hard\libc_nano.a(libc_a-lock.o)
__lock___malloc_recursive_mutex                   D:/Tools/xpack-arm-none-eabi-gcc-13.2.1-1.1/bin/../lib/gcc/arm-none-eabi/13.2.1/../../../../arm-none-eabi/lib/thumb/v7e-m+fp/hard\libc_nano.a(libc_a-lock.o)
                                                  D:/Tools/xpack-arm-none-eabi-gcc-13.2.1-1.1/bin/../lib/gcc/arm-none-eabi/13.2.1/../../../../arm-none-eabi/lib/thumb/v7e-m+fp/hard\libc_nano.a(libc_a-mlock.o)
__lock___sfp_recursive_mutex                      D:/Tools/xpack-arm-none-eabi-gcc-13.2.1-1.1/bin/../lib/gcc/arm-none-eabi/13.2.1/../../../../arm-none-eabi/lib/thumb/v7e-m+fp/hard\libc_nano.a(libc_a-lock.o)
                                                  D:/Tools/xpack-arm-none-eabi-gcc-13.2.1-1.1/bin/../lib/gcc/arm-none-eabi/13.2.1/../../../../arm-none-eabi/lib/thumb/v7e-m+fp/hard\libc_nano.a(libc_a-findfp.o)
__lock___tz_mutex                                 D:/Tools/xpack-arm-none-eabi-gcc-13.2.1-1.1/bin/../lib/gcc/arm-none-eabi/13.2.1/../../../../arm-none-eabi/lib/thumb/v7e-m+fp/hard\libc_nano.a(libc_a-lock.o)
__malloc_free_list                                D:/Tools/xpack-arm-none-eabi-gcc-13.2.1-1.1/bin/../lib/gcc/arm-none-eabi/13.2.1/../../../../arm-none-eabi/lib/thumb/v7e-m+fp/hard\libc_nano.a(libc_a-mallocr.o)
                                                  D:/Tools/xpack-arm-none-eabi-gcc-13.2.1-1.1/bin/../lib/gcc/arm-none-eabi/13.2.1/../../../../arm-none-eabi/lib/thumb/v7e-m+fp/hard\libc_nano.a(libc_a-freer.o)
__malloc_lock                                     D:/Tools/xpack-arm-none-eabi-gcc-13.2.1-1.1/bin/../lib/gcc/arm-none-eabi/13.2.1/../../../../arm-none-eabi/lib/thumb/v7e-m+fp/hard\libc_nano.a(libc_a-mlock.o)
                                                  D:/Tools/xpack-arm-none-eabi-gcc-13.2.1-1.1/bin/../lib/gcc/arm-none-eabi/13.2.1/../../../../arm-none-eabi/lib/thumb/v7e-m+fp/hard\libc_nano.a(libc_a-mallocr.o)
                                                  D:/Tools/xpack-arm-none-eabi-gcc-13.2.1-1.1/bin/../lib/gcc/arm-none-eabi/13.2.1/../../../../arm-none-eabi/lib/thumb/v7e-m+fp/hard\libc_nano.a(libc_a-freer.o)
__malloc_sbrk_start                               D:/Tools/xpack-arm-none-eabi-gcc-13.2.1-1.1/bin/../lib/gcc/arm-none-eabi/13.2.1/../../../../arm-none-eabi/lib/thumb/v7e-m+fp/hard\libc_nano.a(libc_a-mallocr.o)
__malloc_unlock                                   D:/Tools/xpack-arm-none-eabi-gcc-13.2.1-1.1/bin/../lib/gcc/arm-none-eabi/13.2.1/../../../../arm-none-eabi/lib/thumb/v7e-m+fp/hard\libc_nano.a(libc_a-mlock.o)
                                                  D:/Tools/xpack-arm-none-eabi-gcc-13.2.1-1.1/bin/../lib/gcc/arm-none-eabi/13.2.1/../../../../arm-none-eabi/lib/thumb/v7e-m+fp/hard\libc_nano.a(libc_a-mallocr.o)
                                                  D:/Tools/xpack-arm-none-eabi-gcc-13.2.1-1.1/bin/../lib/gcc/arm-none-eabi/13.2.1/../../../../arm-none-eabi/lib/thumb/v7e-m+fp/hard\libc_nano.a(libc_a-freer.o)
__on_exit_args                                    D:/Tools/xpack-arm-none-eabi-gcc-13.2.1-1.1/bin/../lib/gcc/arm-none-eabi/13.2.1/../../../../arm-none-eabi/lib/thumb/v7e-m+fp/hard\libc_nano.a(libc_a-__atexit.o)
__preinit_array_end                               D:/Tools/xpack-arm-none-eabi-gcc-13.2.1-1.1/bin/../lib/gcc/arm-none-eabi/13.2.1/../../../../arm-none-eabi/lib/thumb/v7e-m+fp/hard\libc_nano.a(libc_a-init.o)
__preinit_array_start                             D:/Tools/xpack-arm-none-eabi-gcc-13.2.1-1.1/bin/../lib/gcc/arm-none-eabi/13.2.1/../../../../arm-none-eabi/lib/thumb/v7e-m+fp/hard\libc_nano.a(libc_a-init.o)
__register_exitproc                               D:/Tools/xpack-arm-none-eabi-gcc-13.2.1-1.1/bin/../lib/gcc/arm-none-eabi/13.2.1/../../../../arm-none-eabi/lib/thumb/v7e-m+fp/hard\libc_nano.a(libc_a-__atexit.o)
                                                  D:/Tools/xpack-arm-none-eabi-gcc-13.2.1-1.1/bin/../lib/gcc/arm-none-eabi/13.2.1/../../../../arm-none-eabi/lib/thumb/v7e-m+fp/hard\libc_nano.a(libc_a-atexit.o)
__register_frame_info                             D:/Tools/xpack-arm-none-eabi-gcc-13.2.1-1.1/bin/../lib/gcc/arm-none-eabi/13.2.1/thumb/v7e-m+fp/hard/crtbegin.o
__retarget_lock_acquire                           D:/Tools/xpack-arm-none-eabi-gcc-13.2.1-1.1/bin/../lib/gcc/arm-none-eabi/13.2.1/../../../../arm-none-eabi/lib/thumb/v7e-m+fp/hard\libc_nano.a(libc_a-lock.o)
__retarget_lock_acquire_recursive                 D:/Tools/xpack-arm-none-eabi-gcc-13.2.1-1.1/bin/../lib/gcc/arm-none-eabi/13.2.1/../../../../arm-none-eabi/lib/thumb/v7e-m+fp/hard\libc_nano.a(libc_a-lock.o)
                                                  D:/Tools/xpack-arm-none-eabi-gcc-13.2.1-1.1/bin/../lib/gcc/arm-none-eabi/13.2.1/../../../../arm-none-eabi/lib/thumb/v7e-m+fp/hard\libc_nano.a(libc_a-fflush.o)
                                                  D:/Tools/xpack-arm-none-eabi-gcc-13.2.1-1.1/bin/../lib/gcc/arm-none-eabi/13.2.1/../../../../arm-none-eabi/lib/thumb/v7e-m+fp/hard\libc_nano.a(libc_a-mlock.o)
                                                  D:/Tools/xpack-arm-none-eabi-gcc-13.2.1-1.1/bin/../lib/gcc/arm-none-eabi/13.2.1/../../../../arm-none-eabi/lib/thumb/v7e-m+fp/hard\libc_nano.a(libc_a-__call_atexit.o)
                                                  D:/Tools/xpack-arm-none-eabi-gcc-13.2.1-1.1/bin/../lib/gcc/arm-none-eabi/13.2.1/../../../../arm-none-eabi/lib/thumb/v7e-m+fp/hard\libc_nano.a(libc_a-__atexit.o)
                                                  D:/Tools/xpack-arm-none-eabi-gcc-13.2.1-1.1/bin/../lib/gcc/arm-none-eabi/13.2.1/../../../../arm-none-eabi/lib/thumb/v7e-m+fp/hard\libc_nano.a(libc_a-findfp.o)
__retarget_lock_close                             D:/Tools/xpack-arm-none-eabi-gcc-13.2.1-1.1/bin/../lib/gcc/arm-none-eabi/13.2.1/../../../../arm-none-eabi/lib/thumb/v7e-m+fp/hard\libc_nano.a(libc_a-lock.o)
__retarget_lock_close_recursive                   D:/Tools/xpack-arm-none-eabi-gcc-13.2.1-1.1/bin/../lib/gcc/arm-none-eabi/13.2.1/../../../../arm-none-eabi/lib/thumb/v7e-m+fp/hard\libc_nano.a(libc_a-lock.o)
__retarget_lock_init                              D:/Tools/xpack-arm-none-eabi-gcc-13.2.1-1.1/bin/../lib/gcc/arm-none-eabi/13.2.1/../../../../arm-none-eabi/lib/thumb/v7e-m+fp/hard\libc_nano.a(libc_a-lock.o)
__retarget_lock_init_recursive                    D:/Tools/xpack-arm-none-eabi-gcc-13.2.1-1.1/bin/../lib/gcc/arm-none-eabi/13.2.1/../../../../arm-none-eabi/lib/thumb/v7e-m+fp/hard\libc_nano.a(libc_a-lock.o)
                                                  D:/Tools/xpack-arm-none-eabi-gcc-13.2.1-1.1/bin/../lib/gcc/arm-none-eabi/13.2.1/../../../../arm-none-eabi/lib/thumb/v7e-m+fp/hard\libc_nano.a(libc_a-findfp.o)
__retarget_lock_release                           D:/Tools/xpack-arm-none-eabi-gcc-13.2.1-1.1/bin/../lib/gcc/arm-none-eabi/13.2.1/../../../../arm-none-eabi/lib/thumb/v7e-m+fp/hard\libc_nano.a(libc_a-lock.o)
__retarget_lock_release_recursive                 D:/Tools/xpack-arm-none-eabi-gcc-13.2.1-1.1/bin/../lib/gcc/arm-none-eabi/13.2.1/../../../../arm-none-eabi/lib/thumb/v7e-m+fp/hard\libc_nano.a(libc_a-lock.o)
                                                  D:/Tools/xpack-arm-none-eabi-gcc-13.2.1-1.1/bin/../lib/gcc/arm-none-eabi/13.2.1/../../../../arm-none-eabi/lib/thumb/v7e-m+fp/hard\libc_nano.a(libc_a-fflush.o)
                                                  D:/Tools/xpack-arm-none-eabi-gcc-13.2.1-1.1/bin/../lib/gcc/arm-none-eabi/13.2.1/../../../../arm-none-eabi/lib/thumb/v7e-m+fp/hard\libc_nano.a(libc_a-mlock.o)
                                                  D:/Tools/xpack-arm-none-eabi-gcc-13.2.1-1.1/bin/../lib/gcc/arm-none-eabi/13.2.1/../../../../arm-none-eabi/lib/thumb/v7e-m+fp/hard\libc_nano.a(libc_a-__call_atexit.o)
                                                  D:/Tools/xpack-arm-none-eabi-gcc-13.2.1-1.1/bin/../lib/gcc/arm-none-eabi/13.2.1/../../../../arm-none-eabi/lib/thumb/v7e-m+fp/hard\libc_nano.a(libc_a-__atexit.o)
                                                  D:/Tools/xpack-arm-none-eabi-gcc-13.2.1-1.1/bin/../lib/gcc/arm-none-eabi/13.2.1/../../../../arm-none-eabi/lib/thumb/v7e-m+fp/hard\libc_nano.a(libc_a-findfp.o)
__retarget_lock_try_acquire                       D:/Tools/xpack-arm-none-eabi-gcc-13.2.1-1.1/bin/../lib/gcc/arm-none-eabi/13.2.1/../../../../arm-none-eabi/lib/thumb/v7e-m+fp/hard\libc_nano.a(libc_a-lock.o)
__retarget_lock_try_acquire_recursive             D:/Tools/xpack-arm-none-eabi-gcc-13.2.1-1.1/bin/../lib/gcc/arm-none-eabi/13.2.1/../../../../arm-none-eabi/lib/thumb/v7e-m+fp/hard\libc_nano.a(libc_a-lock.o)
__sclose                                          D:/Tools/xpack-arm-none-eabi-gcc-13.2.1-1.1/bin/../lib/gcc/arm-none-eabi/13.2.1/../../../../arm-none-eabi/lib/thumb/v7e-m+fp/hard\libc_nano.a(libc_a-stdio.o)
                                                  D:/Tools/xpack-arm-none-eabi-gcc-13.2.1-1.1/bin/../lib/gcc/arm-none-eabi/13.2.1/../../../../arm-none-eabi/lib/thumb/v7e-m+fp/hard\libc_nano.a(libc_a-findfp.o)
__seofread                                        D:/Tools/xpack-arm-none-eabi-gcc-13.2.1-1.1/bin/../lib/gcc/arm-none-eabi/13.2.1/../../../../arm-none-eabi/lib/thumb/v7e-m+fp/hard\libc_nano.a(libc_a-stdio.o)
__sf                                              D:/Tools/xpack-arm-none-eabi-gcc-13.2.1-1.1/bin/../lib/gcc/arm-none-eabi/13.2.1/../../../../arm-none-eabi/lib/thumb/v7e-m+fp/hard\libc_nano.a(libc_a-findfp.o)
                                                  D:/Tools/xpack-arm-none-eabi-gcc-13.2.1-1.1/bin/../lib/gcc/arm-none-eabi/13.2.1/../../../../arm-none-eabi/lib/thumb/v7e-m+fp/hard\libc_nano.a(libc_a-impure.o)
__sflush_r                                        D:/Tools/xpack-arm-none-eabi-gcc-13.2.1-1.1/bin/../lib/gcc/arm-none-eabi/13.2.1/../../../../arm-none-eabi/lib/thumb/v7e-m+fp/hard\libc_nano.a(libc_a-fflush.o)
__sfp                                             D:/Tools/xpack-arm-none-eabi-gcc-13.2.1-1.1/bin/../lib/gcc/arm-none-eabi/13.2.1/../../../../arm-none-eabi/lib/thumb/v7e-m+fp/hard\libc_nano.a(libc_a-findfp.o)
__sfp_lock_acquire                                D:/Tools/xpack-arm-none-eabi-gcc-13.2.1-1.1/bin/../lib/gcc/arm-none-eabi/13.2.1/../../../../arm-none-eabi/lib/thumb/v7e-m+fp/hard\libc_nano.a(libc_a-findfp.o)
__sfp_lock_release                                D:/Tools/xpack-arm-none-eabi-gcc-13.2.1-1.1/bin/../lib/gcc/arm-none-eabi/13.2.1/../../../../arm-none-eabi/lib/thumb/v7e-m+fp/hard\libc_nano.a(libc_a-findfp.o)
__sglue                                           D:/Tools/xpack-arm-none-eabi-gcc-13.2.1-1.1/bin/../lib/gcc/arm-none-eabi/13.2.1/../../../../arm-none-eabi/lib/thumb/v7e-m+fp/hard\libc_nano.a(libc_a-findfp.o)
                                                  D:/Tools/xpack-arm-none-eabi-gcc-13.2.1-1.1/bin/../lib/gcc/arm-none-eabi/13.2.1/../../../../arm-none-eabi/lib/thumb/v7e-m+fp/hard\libc_nano.a(libc_a-fflush.o)
__sinit                                           D:/Tools/xpack-arm-none-eabi-gcc-13.2.1-1.1/bin/../lib/gcc/arm-none-eabi/13.2.1/../../../../arm-none-eabi/lib/thumb/v7e-m+fp/hard\libc_nano.a(libc_a-findfp.o)
                                                  D:/Tools/xpack-arm-none-eabi-gcc-13.2.1-1.1/bin/../lib/gcc/arm-none-eabi/13.2.1/../../../../arm-none-eabi/lib/thumb/v7e-m+fp/hard\libc_nano.a(libc_a-fflush.o)
__sread                                           D:/Tools/xpack-arm-none-eabi-gcc-13.2.1-1.1/bin/../lib/gcc/arm-none-eabi/13.2.1/../../../../arm-none-eabi/lib/thumb/v7e-m+fp/hard\libc_nano.a(libc_a-stdio.o)
                                                  D:/Tools/xpack-arm-none-eabi-gcc-13.2.1-1.1/bin/../lib/gcc/arm-none-eabi/13.2.1/../../../../arm-none-eabi/lib/thumb/v7e-m+fp/hard\libc_nano.a(libc_a-findfp.o)
__sseek                                           D:/Tools/xpack-arm-none-eabi-gcc-13.2.1-1.1/bin/../lib/gcc/arm-none-eabi/13.2.1/../../../../arm-none-eabi/lib/thumb/v7e-m+fp/hard\libc_nano.a(libc_a-stdio.o)
                                                  D:/Tools/xpack-arm-none-eabi-gcc-13.2.1-1.1/bin/../lib/gcc/arm-none-eabi/13.2.1/../../../../arm-none-eabi/lib/thumb/v7e-m+fp/hard\libc_nano.a(libc_a-findfp.o)
__stack                                           D:/Tools/xpack-arm-none-eabi-gcc-13.2.1-1.1/bin/../lib/gcc/arm-none-eabi/13.2.1/../../../../arm-none-eabi/lib/thumb/v7e-m+fp/hard/crt0.o
__stdio_exit_handler                              D:/Tools/xpack-arm-none-eabi-gcc-13.2.1-1.1/bin/../lib/gcc/arm-none-eabi/13.2.1/../../../../arm-none-eabi/lib/thumb/v7e-m+fp/hard\libc_nano.a(libc_a-findfp.o)
                                                  D:/Tools/xpack-arm-none-eabi-gcc-13.2.1-1.1/bin/../lib/gcc/arm-none-eabi/13.2.1/../../../../arm-none-eabi/lib/thumb/v7e-m+fp/hard\libc_nano.a(libc_a-exit.o)
__swrite                                          D:/Tools/xpack-arm-none-eabi-gcc-13.2.1-1.1/bin/../lib/gcc/arm-none-eabi/13.2.1/../../../../arm-none-eabi/lib/thumb/v7e-m+fp/hard\libc_nano.a(libc_a-stdio.o)
                                                  D:/Tools/xpack-arm-none-eabi-gcc-13.2.1-1.1/bin/../lib/gcc/arm-none-eabi/13.2.1/../../../../arm-none-eabi/lib/thumb/v7e-m+fp/hard\libc_nano.a(libc_a-findfp.o)
_close                                            build_F429ZI/syscalls.o
                                                  D:/Tools/xpack-arm-none-eabi-gcc-13.2.1-1.1/bin/../lib/gcc/arm-none-eabi/13.2.1/../../../../arm-none-eabi/lib/thumb/v7e-m+fp/hard\libc_nano.a(libc_a-closer.o)
_close_r                                          D:/Tools/xpack-arm-none-eabi-gcc-13.2.1-1.1/bin/../lib/gcc/arm-none-eabi/13.2.1/../../../../arm-none-eabi/lib/thumb/v7e-m+fp/hard\libc_nano.a(libc_a-closer.o)
                                                  D:/Tools/xpack-arm-none-eabi-gcc-13.2.1-1.1/bin/../lib/gcc/arm-none-eabi/13.2.1/../../../../arm-none-eabi/lib/thumb/v7e-m+fp/hard\libc_nano.a(libc_a-stdio.o)
_ebss                                             build_F429ZI/startup_stm32f429xx.o
_edata                                            build_F429ZI/startup_stm32f429xx.o
_end                                              build_F429ZI/sysmem.o
_estack                                           build_F429ZI/startup_stm32f429xx.o
                                                  build_F429ZI/sysmem.o
_execve                                           build_F429ZI/syscalls.o
_exit                                             build_F429ZI/syscalls.o
                                                  D:/Tools/xpack-arm-none-eabi-gcc-13.2.1-1.1/bin/../lib/gcc/arm-none-eabi/13.2.1/../../../../arm-none-eabi/lib/thumb/v7e-m+fp/hard\libc_nano.a(libc_a-exit.o)
_fflush_r                                         D:/Tools/xpack-arm-none-eabi-gcc-13.2.1-1.1/bin/../lib/gcc/arm-none-eabi/13.2.1/../../../../arm-none-eabi/lib/thumb/v7e-m+fp/hard\libc_nano.a(libc_a-fflush.o)
                                                  D:/Tools/xpack-arm-none-eabi-gcc-13.2.1-1.1/bin/../lib/gcc/arm-none-eabi/13.2.1/../../../../arm-none-eabi/lib/thumb/v7e-m+fp/hard\libc_nano.a(libc_a-findfp.o)
_fini                                             D:/Tools/xpack-arm-none-eabi-gcc-13.2.1-1.1/bin/../lib/gcc/arm-none-eabi/13.2.1/thumb/v7e-m+fp/hard/crti.o
                                                  D:/Tools/xpack-arm-none-eabi-gcc-13.2.1-1.1/bin/../lib/gcc/arm-none-eabi/13.2.1/../../../../arm-none-eabi/lib/thumb/v7e-m+fp/hard\libc_nano.a(libc_a-fini.o)
_fork                                             build_F429ZI/syscalls.o
_free_r                                           D:/Tools/xpack-arm-none-eabi-gcc-13.2.1-1.1/bin/../lib/gcc/arm-none-eabi/13.2.1/../../../../arm-none-eabi/lib/thumb/v7e-m+fp/hard\libc_nano.a(libc_a-freer.o)
                                                  D:/Tools/xpack-arm-none-eabi-gcc-13.2.1-1.1/bin/../lib/gcc/arm-none-eabi/13.2.1/../../../../arm-none-eabi/lib/thumb/v7e-m+fp/hard\libc_nano.a(libc_a-fflush.o)
                                                  D:/Tools/xpack-arm-none-eabi-gcc-13.2.1-1.1/bin/../lib/gcc/arm-none-eabi/13.2.1/../../../../arm-none-eabi/lib/thumb/v7e-m+fp/hard\libc_nano.a(libc_a-reent.o)
_fstat                                            build_F429ZI/syscalls.o
_fwalk_sglue                                      D:/Tools/xpack-arm-none-eabi-gcc-13.2.1-1.1/bin/../lib/gcc/arm-none-eabi/13.2.1/../../../../arm-none-eabi/lib/thumb/v7e-m+fp/hard\libc_nano.a(libc_a-fwalk.o)
                                                  D:/Tools/xpack-arm-none-eabi-gcc-13.2.1-1.1/bin/../lib/gcc/arm-none-eabi/13.2.1/../../../../arm-none-eabi/lib/thumb/v7e-m+fp/hard\libc_nano.a(libc_a-fflush.o)
                                                  D:/Tools/xpack-arm-none-eabi-gcc-13.2.1-1.1/bin/../lib/gcc/arm-none-eabi/13.2.1/../../../../arm-none-eabi/lib/thumb/v7e-m+fp/hard\libc_nano.a(libc_a-findfp.o)
_getpid                                           build_F429ZI/syscalls.o
_impure_data                                      D:/Tools/xpack-arm-none-eabi-gcc-13.2.1-1.1/bin/../lib/gcc/arm-none-eabi/13.2.1/../../../../arm-none-eabi/lib/thumb/v7e-m+fp/hard\libc_nano.a(libc_a-impure.o)
                                                  D:/Tools/xpack-arm-none-eabi-gcc-13.2.1-1.1/bin/../lib/gcc/arm-none-eabi/13.2.1/../../../../arm-none-eabi/lib/thumb/v7e-m+fp/hard\libc_nano.a(libc_a-fflush.o)
                                                  D:/Tools/xpack-arm-none-eabi-gcc-13.2.1-1.1/bin/../lib/gcc/arm-none-eabi/13.2.1/../../../../arm-none-eabi/lib/thumb/v7e-m+fp/hard\libc_nano.a(libc_a-findfp.o)
_impure_ptr                                       D:/Tools/xpack-arm-none-eabi-gcc-13.2.1-1.1/bin/../lib/gcc/arm-none-eabi/13.2.1/../../../../arm-none-eabi/lib/thumb/v7e-m+fp/hard\libc_nano.a(libc_a-impure.o)
                                                  D:/Tools/xpack-arm-none-eabi-gcc-13.2.1-1.1/bin/../lib/gcc/arm-none-eabi/13.2.1/../../../../arm-none-eabi/lib/thumb/v7e-m+fp/hard\libc_nano.a(libc_a-fflush.o)
                                                  D:/Tools/xpack-arm-none-eabi-gcc-13.2.1-1.1/bin/../lib/gcc/arm-none-eabi/13.2.1/../../../../arm-none-eabi/lib/thumb/v7e-m+fp/hard\libc_nano.a(libc_a-errno.o)
                                                  D:/Tools/xpack-arm-none-eabi-gcc-13.2.1-1.1/bin/../lib/gcc/arm-none-eabi/13.2.1/../../../../arm-none-eabi/lib/thumb/v7e-m+fp/hard\libc_nano.a(libc_a-reent.o)
_init                                             D:/Tools/xpack-arm-none-eabi-gcc-13.2.1-1.1/bin/../lib/gcc/arm-none-eabi/13.2.1/thumb/v7e-m+fp/hard/crti.o
                                                  D:/Tools/xpack-arm-none-eabi-gcc-13.2.1-1.1/bin/../lib/gcc/arm-none-eabi/13.2.1/../../../../arm-none-eabi/lib/thumb/v7e-m+fp/hard\libc_nano.a(libc_a-init.o)
_isatty                                           build_F429ZI/syscalls.o
_kill                                             build_F429ZI/syscalls.o
_link                                             build_F429ZI/syscalls.o
_lseek                                            build_F429ZI/syscalls.o
                                                  D:/Tools/xpack-arm-none-eabi-gcc-13.2.1-1.1/bin/../lib/gcc/arm-none-eabi/13.2.1/../../../../arm-none-eabi/lib/thumb/v7e-m+fp/hard\libc_nano.a(libc_a-lseekr.o)
_lseek_r                                          D:/Tools/xpack-arm-none-eabi-gcc-13.2.1-1.1/bin/../lib/gcc/arm-none-eabi/13.2.1/../../../../arm-none-eabi/lib/thumb/v7e-m+fp/hard\libc_nano.a(libc_a-lseekr.o)
                                                  D:/Tools/xpack-arm-none-eabi-gcc-13.2.1-1.1/bin/../lib/gcc/arm-none-eabi/13.2.1/../../../../arm-none-eabi/lib/thumb/v7e-m+fp/hard\libc_nano.a(libc_a-stdio.o)
_mainCRTStartup                                   D:/Tools/xpack-arm-none-eabi-gcc-13.2.1-1.1/bin/../lib/gcc/arm-none-eabi/13.2.1/../../../../arm-none-eabi/lib/thumb/v7e-m+fp/hard/crt0.o
_malloc_r                                         D:/Tools/xpack-arm-none-eabi-gcc-13.2.1-1.1/bin/../lib/gcc/arm-none-eabi/13.2.1/../../../../arm-none-eabi/lib/thumb/v7e-m+fp/hard\libc_nano.a(libc_a-mallocr.o)
                                                  D:/Tools/xpack-arm-none-eabi-gcc-13.2.1-1.1/bin/../lib/gcc/arm-none-eabi/13.2.1/../../../../arm-none-eabi/lib/thumb/v7e-m+fp/hard\libc_nano.a(libc_a-findfp.o)
_open                                             build_F429ZI/syscalls.o
_read                                             build_F429ZI/syscalls.o
                                                  D:/Tools/xpack-arm-none-eabi-gcc-13.2.1-1.1/bin/../lib/gcc/arm-none-eabi/13.2.1/../../../../arm-none-eabi/lib/thumb/v7e-m+fp/hard\libc_nano.a(libc_a-readr.o)
_read_r                                           D:/Tools/xpack-arm-none-eabi-gcc-13.2.1-1.1/bin/../lib/gcc/arm-none-eabi/13.2.1/../../../../arm-none-eabi/lib/thumb/v7e-m+fp/hard\libc_nano.a(libc_a-readr.o)
                                                  D:/Tools/xpack-arm-none-eabi-gcc-13.2.1-1.1/bin/../lib/gcc/arm-none-eabi/13.2.1/../../../../arm-none-eabi/lib/thumb/v7e-m+fp/hard\libc_nano.a(libc_a-stdio.o)
_reclaim_reent                                    D:/Tools/xpack-arm-none-eabi-gcc-13.2.1-1.1/bin/../lib/gcc/arm-none-eabi/13.2.1/../../../../arm-none-eabi/lib/thumb/v7e-m+fp/hard\libc_nano.a(libc_a-reent.o)
_sbrk                                             build_F429ZI/sysmem.o
                                                  D:/Tools/xpack-arm-none-eabi-gcc-13.2.1-1.1/bin/../lib/gcc/arm-none-eabi/13.2.1/../../../../arm-none-eabi/lib/thumb/v7e-m+fp/hard\libc_nano.a(libc_a-sbrkr.o)
_sbrk_r                                           D:/Tools/xpack-arm-none-eabi-gcc-13.2.1-1.1/bin/../lib/gcc/arm-none-eabi/13.2.1/../../../../arm-none-eabi/lib/thumb/v7e-m+fp/hard\libc_nano.a(libc_a-sbrkr.o)
                                                  D:/Tools/xpack-arm-none-eabi-gcc-13.2.1-1.1/bin/../lib/gcc/arm-none-eabi/13.2.1/../../../../arm-none-eabi/lib/thumb/v7e-m+fp/hard\libc_nano.a(libc_a-mallocr.o)
_sbss                                             build_F429ZI/startup_stm32f429xx.o
_sdata                                            build_F429ZI/startup_stm32f429xx.o
_sidata                                           build_F429ZI/startup_stm32f429xx.o
_stack_init                                       D:/Tools/xpack-arm-none-eabi-gcc-13.2.1-1.1/bin/../lib/gcc/arm-none-eabi/13.2.1/../../../../arm-none-eabi/lib/thumb/v7e-m+fp/hard/crt0.o
_start                                            D:/Tools/xpack-arm-none-eabi-gcc-13.2.1-1.1/bin/../lib/gcc/arm-none-eabi/13.2.1/../../../../arm-none-eabi/lib/thumb/v7e-m+fp/hard/crt0.o
_stat                                             build_F429ZI/syscalls.o
_times                                            build_F429ZI/syscalls.o
_unlink                                           build_F429ZI/syscalls.o
_wait                                             build_F429ZI/syscalls.o
_write                                            build_F429ZI/syscalls.o
                                                  D:/Tools/xpack-arm-none-eabi-gcc-13.2.1-1.1/bin/../lib/gcc/arm-none-eabi/13.2.1/../../../../arm-none-eabi/lib/thumb/v7e-m+fp/hard\libc_nano.a(libc_a-writer.o)
_write_r                                          D:/Tools/xpack-arm-none-eabi-gcc-13.2.1-1.1/bin/../lib/gcc/arm-none-eabi/13.2.1/../../../../arm-none-eabi/lib/thumb/v7e-m+fp/hard\libc_nano.a(libc_a-writer.o)
                                                  D:/Tools/xpack-arm-none-eabi-gcc-13.2.1-1.1/bin/../lib/gcc/arm-none-eabi/13.2.1/../../../../arm-none-eabi/lib/thumb/v7e-m+fp/hard\libc_nano.a(libc_a-stdio.o)
atexit                                            D:/Tools/xpack-arm-none-eabi-gcc-13.2.1-1.1/bin/../lib/gcc/arm-none-eabi/13.2.1/../../../../arm-none-eabi/lib/thumb/v7e-m+fp/hard\libc_nano.a(libc_a-atexit.o)
                                                  D:/Tools/xpack-arm-none-eabi-gcc-13.2.1-1.1/bin/../lib/gcc/arm-none-eabi/13.2.1/../../../../arm-none-eabi/lib/thumb/v7e-m+fp/hard/crt0.o
button1_pressed_flag                              build_F429ZI/Interrupt.o
                                                  build_F429ZI/main.o
button2_press_event_flag                          build_F429ZI/Interrupt.o
                                                  build_F429ZI/main.o
button3_press_event_flag                          build_F429ZI/Interrupt.o
                                                  build_F429ZI/main.o
environ                                           build_F429ZI/syscalls.o
errno                                             D:/Tools/xpack-arm-none-eabi-gcc-13.2.1-1.1/bin/../lib/gcc/arm-none-eabi/13.2.1/../../../../arm-none-eabi/lib/thumb/v7e-m+fp/hard\libc_nano.a(libc_a-reent.o)
                                                  D:/Tools/xpack-arm-none-eabi-gcc-13.2.1-1.1/bin/../lib/gcc/arm-none-eabi/13.2.1/../../../../arm-none-eabi/lib/thumb/v7e-m+fp/hard\libc_nano.a(libc_a-sbrkr.o)
                                                  D:/Tools/xpack-arm-none-eabi-gcc-13.2.1-1.1/bin/../lib/gcc/arm-none-eabi/13.2.1/../../../../arm-none-eabi/lib/thumb/v7e-m+fp/hard\libc_nano.a(libc_a-writer.o)
                                                  D:/Tools/xpack-arm-none-eabi-gcc-13.2.1-1.1/bin/../lib/gcc/arm-none-eabi/13.2.1/../../../../arm-none-eabi/lib/thumb/v7e-m+fp/hard\libc_nano.a(libc_a-readr.o)
                                                  D:/Tools/xpack-arm-none-eabi-gcc-13.2.1-1.1/bin/../lib/gcc/arm-none-eabi/13.2.1/../../../../arm-none-eabi/lib/thumb/v7e-m+fp/hard\libc_nano.a(libc_a-lseekr.o)
                                                  D:/Tools/xpack-arm-none-eabi-gcc-13.2.1-1.1/bin/../lib/gcc/arm-none-eabi/13.2.1/../../../../arm-none-eabi/lib/thumb/v7e-m+fp/hard\libc_nano.a(libc_a-closer.o)
exit                                              D:/Tools/xpack-arm-none-eabi-gcc-13.2.1-1.1/bin/../lib/gcc/arm-none-eabi/13.2.1/../../../../arm-none-eabi/lib/thumb/v7e-m+fp/hard\libc_nano.a(libc_a-exit.o)
                                                  D:/Tools/xpack-arm-none-eabi-gcc-13.2.1-1.1/bin/../lib/gcc/arm-none-eabi/13.2.1/../../../../arm-none-eabi/lib/thumb/v7e-m+fp/hard/crt0.o
fflush                                            D:/Tools/xpack-arm-none-eabi-gcc-13.2.1-1.1/bin/../lib/gcc/arm-none-eabi/13.2.1/../../../../arm-none-eabi/lib/thumb/v7e-m+fp/hard\libc_nano.a(libc_a-fflush.o)
g_pfnVectors                                      build_F429ZI/startup_stm32f429xx.o
hardware_init_hook                                D:/Tools/xpack-arm-none-eabi-gcc-13.2.1-1.1/bin/../lib/gcc/arm-none-eabi/13.2.1/../../../../arm-none-eabi/lib/thumb/v7e-m+fp/hard/crt0.o
initialise_monitor_handles                        build_F429ZI/syscalls.o
led1_state                                        build_F429ZI/Interrupt.o
                                                  build_F429ZI/init.o
led2_state                                        build_F429ZI/Interrupt.o
                                                  build_F429ZI/init.o
led3_state                                        build_F429ZI/Interrupt.o
                                                  build_F429ZI/init.o
led4_state                                        build_F429ZI/Interrupt.o
                                                  build_F429ZI/init.o
led5_state                                        build_F429ZI/Interrupt.o
                                                  build_F429ZI/init.o
led6_state                                        build_F429ZI/Interrupt.o
                                                  build_F429ZI/init.o
main                                              build_F429ZI/main.o
                                                  build_F429ZI/startup_stm32f429xx.o
                                                  D:/Tools/xpack-arm-none-eabi-gcc-13.2.1-1.1/bin/../lib/gcc/arm-none-eabi/13.2.1/../../../../arm-none-eabi/lib/thumb/v7e-m+fp/hard/crt0.o
malloc                                            D:/Tools/xpack-arm-none-eabi-gcc-13.2.1-1.1/bin/../lib/gcc/arm-none-eabi/13.2.1/../../../../arm-none-eabi/lib/thumb/v7e-m+fp/hard\libc_nano.a(libc_a-__atexit.o)
memset                                            D:/Tools/xpack-arm-none-eabi-gcc-13.2.1-1.1/bin/../lib/gcc/arm-none-eabi/13.2.1/../../../../arm-none-eabi/lib/thumb/v7e-m+fp/hard\libc_nano.a(libc_a-memset.o)
                                                  D:/Tools/xpack-arm-none-eabi-gcc-13.2.1-1.1/bin/../lib/gcc/arm-none-eabi/13.2.1/../../../../arm-none-eabi/lib/thumb/v7e-m+fp/hard\libc_nano.a(libc_a-findfp.o)
                                                  D:/Tools/xpack-arm-none-eabi-gcc-13.2.1-1.1/bin/../lib/gcc/arm-none-eabi/13.2.1/../../../../arm-none-eabi/lib/thumb/v7e-m+fp/hard/crt0.o
software_init_hook                                D:/Tools/xpack-arm-none-eabi-gcc-13.2.1-1.1/bin/../lib/gcc/arm-none-eabi/13.2.1/../../../../arm-none-eabi/lib/thumb/v7e-m+fp/hard/crt0.o
system_time_ms                                    build_F429ZI/Interrupt.o
                                                  build_F429ZI/main.o
