Archive member included to satisfy reference by file (symbol)

D:/huanjingbianliang/xpack-arm-none-eabi-gcc-13.2.1-1.1-win32-x64/xpack-arm-none-eabi-gcc-13.2.1-1.1/bin/../lib/gcc/arm-none-eabi/13.2.1/../../../../arm-none-eabi/lib/thumb/v7e-m+fp/hard\libc_nano.a(libc_a-atexit.o)
                              D:/huanjingbianliang/xpack-arm-none-eabi-gcc-13.2.1-1.1-win32-x64/xpack-arm-none-eabi-gcc-13.2.1-1.1/bin/../lib/gcc/arm-none-eabi/13.2.1/../../../../arm-none-eabi/lib/thumb/v7e-m+fp/hard/crt0.o (atexit)
D:/huanjingbianliang/xpack-arm-none-eabi-gcc-13.2.1-1.1-win32-x64/xpack-arm-none-eabi-gcc-13.2.1-1.1/bin/../lib/gcc/arm-none-eabi/13.2.1/../../../../arm-none-eabi/lib/thumb/v7e-m+fp/hard\libc_nano.a(libc_a-exit.o)
                              D:/huanjingbianliang/xpack-arm-none-eabi-gcc-13.2.1-1.1-win32-x64/xpack-arm-none-eabi-gcc-13.2.1-1.1/bin/../lib/gcc/arm-none-eabi/13.2.1/../../../../arm-none-eabi/lib/thumb/v7e-m+fp/hard/crt0.o (exit)
D:/huanjingbianliang/xpack-arm-none-eabi-gcc-13.2.1-1.1-win32-x64/xpack-arm-none-eabi-gcc-13.2.1-1.1/bin/../lib/gcc/arm-none-eabi/13.2.1/../../../../arm-none-eabi/lib/thumb/v7e-m+fp/hard\libc_nano.a(libc_a-findfp.o)
                              D:/huanjingbianliang/xpack-arm-none-eabi-gcc-13.2.1-1.1-win32-x64/xpack-arm-none-eabi-gcc-13.2.1-1.1/bin/../lib/gcc/arm-none-eabi/13.2.1/../../../../arm-none-eabi/lib/thumb/v7e-m+fp/hard\libc_nano.a(libc_a-exit.o) (__stdio_exit_handler)
D:/huanjingbianliang/xpack-arm-none-eabi-gcc-13.2.1-1.1-win32-x64/xpack-arm-none-eabi-gcc-13.2.1-1.1/bin/../lib/gcc/arm-none-eabi/13.2.1/../../../../arm-none-eabi/lib/thumb/v7e-m+fp/hard\libc_nano.a(libc_a-fwalk.o)
                              D:/huanjingbianliang/xpack-arm-none-eabi-gcc-13.2.1-1.1-win32-x64/xpack-arm-none-eabi-gcc-13.2.1-1.1/bin/../lib/gcc/arm-none-eabi/13.2.1/../../../../arm-none-eabi/lib/thumb/v7e-m+fp/hard\libc_nano.a(libc_a-findfp.o) (_fwalk_sglue)
D:/huanjingbianliang/xpack-arm-none-eabi-gcc-13.2.1-1.1-win32-x64/xpack-arm-none-eabi-gcc-13.2.1-1.1/bin/../lib/gcc/arm-none-eabi/13.2.1/../../../../arm-none-eabi/lib/thumb/v7e-m+fp/hard\libc_nano.a(libc_a-stdio.o)
                              D:/huanjingbianliang/xpack-arm-none-eabi-gcc-13.2.1-1.1-win32-x64/xpack-arm-none-eabi-gcc-13.2.1-1.1/bin/../lib/gcc/arm-none-eabi/13.2.1/../../../../arm-none-eabi/lib/thumb/v7e-m+fp/hard\libc_nano.a(libc_a-findfp.o) (__sread)
D:/huanjingbianliang/xpack-arm-none-eabi-gcc-13.2.1-1.1-win32-x64/xpack-arm-none-eabi-gcc-13.2.1-1.1/bin/../lib/gcc/arm-none-eabi/13.2.1/../../../../arm-none-eabi/lib/thumb/v7e-m+fp/hard\libc_nano.a(libc_a-memset.o)
                              D:/huanjingbianliang/xpack-arm-none-eabi-gcc-13.2.1-1.1-win32-x64/xpack-arm-none-eabi-gcc-13.2.1-1.1/bin/../lib/gcc/arm-none-eabi/13.2.1/../../../../arm-none-eabi/lib/thumb/v7e-m+fp/hard/crt0.o (memset)
D:/huanjingbianliang/xpack-arm-none-eabi-gcc-13.2.1-1.1-win32-x64/xpack-arm-none-eabi-gcc-13.2.1-1.1/bin/../lib/gcc/arm-none-eabi/13.2.1/../../../../arm-none-eabi/lib/thumb/v7e-m+fp/hard\libc_nano.a(libc_a-closer.o)
                              D:/huanjingbianliang/xpack-arm-none-eabi-gcc-13.2.1-1.1-win32-x64/xpack-arm-none-eabi-gcc-13.2.1-1.1/bin/../lib/gcc/arm-none-eabi/13.2.1/../../../../arm-none-eabi/lib/thumb/v7e-m+fp/hard\libc_nano.a(libc_a-stdio.o) (_close_r)
D:/huanjingbianliang/xpack-arm-none-eabi-gcc-13.2.1-1.1-win32-x64/xpack-arm-none-eabi-gcc-13.2.1-1.1/bin/../lib/gcc/arm-none-eabi/13.2.1/../../../../arm-none-eabi/lib/thumb/v7e-m+fp/hard\libc_nano.a(libc_a-reent.o)
                              D:/huanjingbianliang/xpack-arm-none-eabi-gcc-13.2.1-1.1-win32-x64/xpack-arm-none-eabi-gcc-13.2.1-1.1/bin/../lib/gcc/arm-none-eabi/13.2.1/../../../../arm-none-eabi/lib/thumb/v7e-m+fp/hard\libc_nano.a(libc_a-closer.o) (errno)
D:/huanjingbianliang/xpack-arm-none-eabi-gcc-13.2.1-1.1-win32-x64/xpack-arm-none-eabi-gcc-13.2.1-1.1/bin/../lib/gcc/arm-none-eabi/13.2.1/../../../../arm-none-eabi/lib/thumb/v7e-m+fp/hard\libc_nano.a(libc_a-impure.o)
                              D:/huanjingbianliang/xpack-arm-none-eabi-gcc-13.2.1-1.1-win32-x64/xpack-arm-none-eabi-gcc-13.2.1-1.1/bin/../lib/gcc/arm-none-eabi/13.2.1/../../../../arm-none-eabi/lib/thumb/v7e-m+fp/hard\libc_nano.a(libc_a-reent.o) (_impure_ptr)
D:/huanjingbianliang/xpack-arm-none-eabi-gcc-13.2.1-1.1-win32-x64/xpack-arm-none-eabi-gcc-13.2.1-1.1/bin/../lib/gcc/arm-none-eabi/13.2.1/../../../../arm-none-eabi/lib/thumb/v7e-m+fp/hard\libc_nano.a(libc_a-lseekr.o)
                              D:/huanjingbianliang/xpack-arm-none-eabi-gcc-13.2.1-1.1-win32-x64/xpack-arm-none-eabi-gcc-13.2.1-1.1/bin/../lib/gcc/arm-none-eabi/13.2.1/../../../../arm-none-eabi/lib/thumb/v7e-m+fp/hard\libc_nano.a(libc_a-stdio.o) (_lseek_r)
D:/huanjingbianliang/xpack-arm-none-eabi-gcc-13.2.1-1.1-win32-x64/xpack-arm-none-eabi-gcc-13.2.1-1.1/bin/../lib/gcc/arm-none-eabi/13.2.1/../../../../arm-none-eabi/lib/thumb/v7e-m+fp/hard\libc_nano.a(libc_a-readr.o)
[...]
Memory Configuration

Name             Origin             Length             Attributes
RAM              0x20000000         0x00030000         xrw
CCMRAM           0x10000000         0x00010000         xrw
FLASH            0x08000000         0x00200000         xr
*default*        0x00000000         0xffffffff

Linker script and memory map

LOAD D:/huanjingbianliang/xpack-arm-none-eabi-gcc-13.2.1-1.1-win32-x64/xpack-arm-none-eabi-gcc-13.2.1-1.1/bin/../lib/gcc/arm-none-eabi/13.2.1/thumb/v7e-m+fp/hard/crti.o
LOAD D:/huanjingbianliang/xpack-arm-none-eabi-gcc-13.2.1-1.1-win32-x64/xpack-arm-none-eabi-gcc-13.2.1-1.1/bin/../lib/gcc/arm-none-eabi/13.2.1/thumb/v7e-m+fp/hard/crtbegin.o
LOAD D:/huanjingbianliang/xpack-arm-none-eabi-gcc-13.2.1-1.1-win32-x64/xpack-arm-none-eabi-gcc-13.2.1-1.1/bin/../lib/gcc/arm-none-eabi/13.2.1/../../../../arm-none-eabi/lib/thumb/v7e-m+fp/hard/crt0.o
LOAD Build/main.o
LOAD Build/init.o
LOAD Build/startup_stm32f429xx.o
LOAD D:/huanjingbianliang/xpack-arm-none-eabi-gcc-13.2.1-1.1-win32-x64/xpack-arm-none-eabi-gcc-13.2.1-1.1/bin/../lib/gcc/arm-none-eabi/13.2.1/../../../../arm-none-eabi/lib/thumb/v7e-m+fp/hard\libc_nano.a
LOAD D:/huanjingbianliang/xpack-arm-none-eabi-gcc-13.2.1-1.1-win32-x64/xpack-arm-none-eabi-gcc-13.2.1-1.1/bin/../lib/gcc/arm-none-eabi/13.2.1/../../../../arm-none-eabi/lib/thumb/v7e-m+fp/hard\libm.a
LOAD D:/huanjingbianliang/xpack-arm-none-eabi-gcc-13.2.1-1.1-win32-x64/xpack-arm-none-eabi-gcc-13.2.1-1.1/bin/../lib/gcc/arm-none-eabi/13.2.1/../../../../arm-none-eabi/lib/thumb/v7e-m+fp/hard\libnosys.a
START GROUP
LOAD D:/huanjingbianliang/xpack-arm-none-eabi-gcc-13.2.1-1.1-win32-x64/xpack-arm-none-eabi-gcc-13.2.1-1.1/bin/../lib/gcc/arm-none-eabi/13.2.1/thumb/v7e-m+fp/hard\libgcc.a
LOAD D:/huanjingbianliang/xpack-arm-none-eabi-gcc-13.2.1-1.1-win32-x64/xpack-arm-none-eabi-gcc-13.2.1-1.1/bin/../lib/gcc/arm-none-eabi/13.2.1/../../../../arm-none-eabi/lib/thumb/v7e-m+fp/hard\libc_nano.a
END GROUP
START GROUP
LOAD D:/huanjingbianliang/xpack-arm-none-eabi-gcc-13.2.1-1.1-win32-x64/xpack-arm-none-eabi-gcc-13.2.1-1.1/bin/../lib/gcc/arm-none-eabi/13.2.1/thumb/v7e-m+fp/hard\libgcc.a
LOAD D:/huanjingbianliang/xpack-arm-none-eabi-gcc-13.2.1-1.1-win32-x64/xpack-arm-none-eabi-gcc-13.2.1-1.1/bin/../lib/gcc/arm-none-eabi/13.2.1/../../../../arm-none-eabi/lib/thumb/v7e-m+fp/hard\libc_nano.a
END GROUP
LOAD D:/huanjingbianliang/xpack-arm-none-eabi-gcc-13.2.1-1.1-win32-x64/xpack-arm-none-eabi-gcc-13.2.1-1.1/bin/../lib/gcc/arm-none-eabi/13.2.1/thumb/v7e-m+fp/hard/crtend.o
LOAD D:/huanjingbianliang/xpack-arm-none-eabi-gcc-13.2.1-1.1-win32-x64/xpack-arm-none-eabi-gcc-13.2.1-1.1/bin/../lib/gcc/arm-none-eabi/13.2.1/thumb/v7e-m+fp/hard/crtn.o
                0x20030000                        _estack = (ORIGIN (RAM) + LENGTH (RAM))
                0x00000200                        _Min_Heap_Size = 0x200
                0x00000400                        _Min_Stack_Size = 0x400

.isr_vector     0x08000000      0x1ac
                0x08000000                        . = ALIGN (0x4)
 *(.isr_vector)
 .isr_vector    0x08000000      0x1ac Build/startup_stm32f429xx.o
                0x08000000                g_pfnVectors
                0x080001ac                        . = ALIGN (0x4)

.text           0x080001ac      0x324
                0x080001ac                        . = ALIGN (0x4)
 *(.text)
 *(.text*)
 .text.__do_global_dtors_aux
                0x080001ac       0x24 D:/huanjingbianliang/xpack-arm-none-eabi-gcc-13.2.1-1.1-win32-x64/xpack-arm-none-eabi-gcc-13.2.1-1.1/bin/../lib/gcc/arm-none-eabi/13.2.1/thumb/v7e-m+fp/hard/crtbegin.o
 .text.frame_dummy
                0x080001d0       0x1c D:/huanjingbianliang/xpack-arm-none-eabi-gcc-13.2.1-1.1-win32-x64/xpack-arm-none-eabi-gcc-13.2.1-1.1/bin/../lib/gcc/arm-none-eabi/13.2.1/thumb/v7e-m+fp/hard/crtbegin.o
 .text.delay    0x080001ec        0xe Build/main.o
                0x080001ec                delay
 *fill*         0x080001fa        0x2 
 .text.main     0x080001fc      0x14c Build/main.o
                0x080001fc                main
 .text.GPIO_Ini
                0x08000348       0xd8 Build/init.o
                0x08000348                GPIO_Ini
 .text.Reset_Handler
                0x08000420       0x4c Build/startup_stm32f429xx.o
                0x08000420                Reset_Handler
 .text.Default_Handler
                0x0800046c        0x2 Build/startup_stm32f429xx.o
                0x0800046c                RTC_Alarm_IRQHandler
                0x0800046c                HASH_RNG_IRQHandler
                0x0800046c                EXTI2_IRQHandler
                0x0800046c                TIM8_CC_IRQHandler
                0x0800046c                DebugMon_Handler
                0x0800046c                UART8_IRQHandler
                0x0800046c                SPI4_IRQHandler
                0x0800046c                TIM1_CC_IRQHandler
                0x0800046c                DMA2_Stream5_IRQHandler
                0x0800046c                HardFault_Handler
                0x0800046c                DMA1_Stream5_IRQHandler
                0x0800046c                SysTick_Handler
                0x0800046c                PVD_IRQHandler
                0x0800046c                SDIO_IRQHandler
                0x0800046c                TAMP_STAMP_IRQHandler
                0x0800046c                PendSV_Handler
                0x0800046c                NMI_Handler
                0x0800046c                CAN2_RX1_IRQHandler
                0x0800046c                EXTI3_IRQHandler
                0x0800046c                TIM8_TRG_COM_TIM14_IRQHandler
                0x0800046c                TIM1_UP_TIM10_IRQHandler
                0x0800046c                TIM8_UP_TIM13_IRQHandler
                0x0800046c                I2C3_ER_IRQHandler
                0x0800046c                EXTI0_IRQHandler
                0x0800046c                I2C2_EV_IRQHandler
                0x0800046c                DMA1_Stream2_IRQHandler
                0x0800046c                CAN1_RX0_IRQHandler
                0x0800046c                FPU_IRQHandler
                0x0800046c                OTG_HS_WKUP_IRQHandler
                0x0800046c                UsageFault_Handler
                0x0800046c                LTDC_ER_IRQHandler
                0x0800046c                CAN2_SCE_IRQHandler
                0x0800046c                DMA2_Stream2_IRQHandler
                0x0800046c                SPI1_IRQHandler
                0x0800046c                TIM6_DAC_IRQHandler
                0x0800046c                TIM1_BRK_TIM9_IRQHandler
                0x0800046c                DCMI_IRQHandler
                0x0800046c                CAN2_RX0_IRQHandler
                0x0800046c                DMA2_Stream3_IRQHandler
                0x0800046c                USART6_IRQHandler
                0x0800046c                USART3_IRQHandler
                0x0800046c                CAN1_RX1_IRQHandler
                0x0800046c                UART5_IRQHandler
                0x0800046c                DMA2_Stream0_IRQHandler
                0x0800046c                TIM4_IRQHandler
                0x0800046c                I2C1_EV_IRQHandler
                0x0800046c                DMA1_Stream6_IRQHandler
                0x0800046c                DMA1_Stream1_IRQHandler
                0x0800046c                UART4_IRQHandler
                0x0800046c                TIM3_IRQHandler
                0x0800046c                RCC_IRQHandler
                0x0800046c                TIM8_BRK_TIM12_IRQHandler
                0x0800046c                Default_Handler
                0x0800046c                EXTI15_10_IRQHandler
                0x0800046c                ADC_IRQHandler
                0x0800046c                DMA1_Stream7_IRQHandler
                0x0800046c                SPI5_IRQHandler
                0x0800046c                TIM7_IRQHandler
                0x0800046c                CAN2_TX_IRQHandler
                0x0800046c                TIM5_IRQHandler
                0x0800046c                DMA2_Stream7_IRQHandler
                0x0800046c                I2C3_EV_IRQHandler
                0x0800046c                EXTI9_5_IRQHandler
                0x0800046c                RTC_WKUP_IRQHandler
                0x0800046c                LTDC_IRQHandler
                0x0800046c                ETH_WKUP_IRQHandler
                0x0800046c                SPI2_IRQHandler
                0x0800046c                OTG_HS_EP1_IN_IRQHandler
                0x0800046c                MemManage_Handler
                0x0800046c                DMA1_Stream0_IRQHandler
                0x0800046c                CAN1_TX_IRQHandler
                0x0800046c                SVC_Handler
                0x0800046c                EXTI4_IRQHandler
                0x0800046c                ETH_IRQHandler
                0x0800046c                OTG_HS_EP1_OUT_IRQHandler
                0x0800046c                WWDG_IRQHandler
                0x0800046c                SPI6_IRQHandler
                0x0800046c                TIM2_IRQHandler
                0x0800046c                OTG_FS_WKUP_IRQHandler
                0x0800046c                TIM1_TRG_COM_TIM11_IRQHandler
                0x0800046c                OTG_HS_IRQHandler
                0x0800046c                DMA2D_IRQHandler
                0x0800046c                EXTI1_IRQHandler
                0x0800046c                UART7_IRQHandler
                0x0800046c                USART2_IRQHandler
                0x0800046c                I2C2_ER_IRQHandler
                0x0800046c                DMA2_Stream1_IRQHandler
                0x0800046c                CAN1_SCE_IRQHandler
                0x0800046c                FLASH_IRQHandler
                0x0800046c                DMA2_Stream4_IRQHandler
                0x0800046c                BusFault_Handler
                0x0800046c                USART1_IRQHandler
                0x0800046c                OTG_FS_IRQHandler
                0x0800046c                SPI3_IRQHandler
                0x0800046c                DMA1_Stream4_IRQHandler
                0x0800046c                I2C1_ER_IRQHandler
                0x0800046c                FMC_IRQHandler
                0x0800046c                DMA2_Stream6_IRQHandler
                0x0800046c                SAI1_IRQHandler
                0x0800046c                DMA1_Stream3_IRQHandler
 *fill*         0x0800046e        0x2 
 .text.__libc_init_array
                0x08000470       0x48 D:/huanjingbianliang/xpack-arm-none-eabi-gcc-13.2.1-1.1-win32-x64/xpack-arm-none-eabi-gcc-13.2.1-1.1/bin/../lib/gcc/arm-none-eabi/13.2.1/../../../../arm-none-eabi/lib/thumb/v7e-m+fp/hard\libc_nano.a(libc_a-init.o)
                0x08000470                __libc_init_array
 *(.glue_7)
 .glue_7        0x080004b8        0x0 linker stubs
 *(.glue_7t)
 .glue_7t       0x080004b8        0x0 linker stubs
 *(.eh_frame)
 .eh_frame      0x080004b8        0x0 D:/huanjingbianliang/xpack-arm-none-eabi-gcc-13.2.1-1.1-win32-x64/xpack-arm-none-eabi-gcc-13.2.1-1.1/bin/../lib/gcc/arm-none-eabi/13.2.1/thumb/v7e-m+fp/hard/crtbegin.o
 *(.init)
 .init          0x080004b8        0x4 D:/huanjingbianliang/xpack-arm-none-eabi-gcc-13.2.1-1.1-win32-x64/xpack-arm-none-eabi-gcc-13.2.1-1.1/bin/../lib/gcc/arm-none-eabi/13.2.1/thumb/v7e-m+fp/hard/crti.o
                0x080004b8                _init
 .init          0x080004bc        0x8 D:/huanjingbianliang/xpack-arm-none-eabi-gcc-13.2.1-1.1-win32-x64/xpack-arm-none-eabi-gcc-13.2.1-1.1/bin/../lib/gcc/arm-none-eabi/13.2.1/thumb/v7e-m+fp/hard/crtn.o
 *(.fini)
 .fini          0x080004c4        0x4 D:/huanjingbianliang/xpack-arm-none-eabi-gcc-13.2.1-1.1-win32-x64/xpack-arm-none-eabi-gcc-13.2.1-1.1/bin/../lib/gcc/arm-none-eabi/13.2.1/thumb/v7e-m+fp/hard/crti.o
                0x080004c4                _fini
 .fini          0x080004c8        0x8 D:/huanjingbianliang/xpack-arm-none-eabi-gcc-13.2.1-1.1-win32-x64/xpack-arm-none-eabi-gcc-13.2.1-1.1/bin/../lib/gcc/arm-none-eabi/13.2.1/thumb/v7e-m+fp/hard/crtn.o
                0x080004d0                        . = ALIGN (0x4)
                0x080004d0                        _etext = .

.vfp11_veneer   0x080004d0        0x0
 .vfp11_veneer  0x080004d0        0x0 linker stubs

.v4_bx          0x080004d0        0x0
 .v4_bx         0x080004d0        0x0 linker stubs

.iplt           0x080004d0        0x0
 .iplt          0x080004d0        0x0 D:/huanjingbianliang/xpack-arm-none-eabi-gcc-13.2.1-1.1-win32-x64/xpack-arm-none-eabi-gcc-13.2.1-1.1/bin/../lib/gcc/arm-none-eabi/13.2.1/thumb/v7e-m+fp/hard/crtbegin.o

.rodata         0x080004d0       0x14
                0x080004d0                        . = ALIGN (0x4)
 *(.rodata)
 .rodata        0x080004d0        0x6 Build/main.o
 *fill*         0x080004d6        0x2 
 .rodata        0x080004d8        0x6 Build/init.o
 *(.rodata*)
 *fill*         0x080004de        0x2 
 .rodata.GPIO_Ini.str1.4
                0x080004e0        0x4 Build/init.o
                0x080004e4                        . = ALIGN (0x4)

.rel.dyn        0x080004e4        0x0
 .rel.iplt      0x080004e4        0x0 D:/huanjingbianliang/xpack-arm-none-eabi-gcc-13.2.1-1.1-win32-x64/xpack-arm-none-eabi-gcc-13.2.1-1.1/bin/../lib/gcc/arm-none-eabi/13.2.1/thumb/v7e-m+fp/hard/crtbegin.o

.ARM.extab
 *(.ARM.extab* .gnu.linkonce.armextab.*)

.ARM            0x080004e4        0x0
                0x080004e4                        __exidx_start = .
 *(.ARM.exidx*)
                0x080004e4                        __exidx_end = .

.preinit_array  0x080004e4        0x0
                0x080004e4                        PROVIDE (__preinit_array_start = .)
 *(.preinit_array*)
                0x080004e4                        PROVIDE (__preinit_array_end = .)

.init_array     0x080004e4        0x4
                0x080004e4                        PROVIDE (__init_array_start = .)
 *(SORT_BY_NAME(.init_array.*))
 *(.init_array*)
 .init_array    0x080004e4        0x4 D:/huanjingbianliang/xpack-arm-none-eabi-gcc-13.2.1-1.1-win32-x64/xpack-arm-none-eabi-gcc-13.2.1-1.1/bin/../lib/gcc/arm-none-eabi/13.2.1/thumb/v7e-m+fp/hard/crtbegin.o
                0x080004e8                        PROVIDE (__init_array_end = .)

.fini_array     0x080004e8        0x4
                0x080004e8                        PROVIDE (__fini_array_start = .)
 *(SORT_BY_NAME(.fini_array.*))
 *(.fini_array*)
 .fini_array    0x080004e8        0x4 D:/huanjingbianliang/xpack-arm-none-eabi-gcc-13.2.1-1.1-win32-x64/xpack-arm-none-eabi-gcc-13.2.1-1.1/bin/../lib/gcc/arm-none-eabi/13.2.1/thumb/v7e-m+fp/hard/crtbegin.o
                0x080004ec                        PROVIDE (__fini_array_end = .)
                0x080004ec                        _sidata = LOADADDR (.data)

.data           0x20000000        0x0 load address 0x080004ec
                0x20000000                        . = ALIGN (0x4)
                0x20000000                        _sdata = .
 *(.data)
 *(.data*)
                0x20000000                        . = ALIGN (0x4)
                0x20000000                        _edata = .
                0x080004ec                        _siccmram = LOADADDR (.ccmram)

.igot.plt       0x20000000        0x0 load address 0x080004ec
 .igot.plt      0x20000000        0x0 D:/huanjingbianliang/xpack-arm-none-eabi-gcc-13.2.1-1.1-win32-x64/xpack-arm-none-eabi-gcc-13.2.1-1.1/bin/../lib/gcc/arm-none-eabi/13.2.1/thumb/v7e-m+fp/hard/crtbegin.o

.ccmram         0x10000000        0x0 load address 0x080004ec
                0x10000000                        . = ALIGN (0x4)
                0x10000000                        _sccmram = .
 *(.ccmram)
 *(.ccmram*)
                0x10000000                        . = ALIGN (0x4)
                0x10000000                        _eccmram = .
                0x10000000                        . = ALIGN (0x4)

.bss            0x20000000       0x20
                0x20000000                        _sbss = .
                0x20000000                        __bss_start__ = _sbss
 *(.bss)
 *(.bss*)
 .bss.completed.1
                0x20000000        0x1 D:/huanjingbianliang/xpack-arm-none-eabi-gcc-13.2.1-1.1-win32-x64/xpack-arm-none-eabi-gcc-13.2.1-1.1/bin/../lib/gcc/arm-none-eabi/13.2.1/thumb/v7e-m+fp/hard/crtbegin.o
 *fill*         0x20000001        0x3 
 .bss.object.0  0x20000004       0x18 D:/huanjingbianliang/xpack-arm-none-eabi-gcc-13.2.1-1.1-win32-x64/xpack-arm-none-eabi-gcc-13.2.1-1.1/bin/../lib/gcc/arm-none-eabi/13.2.1/thumb/v7e-m+fp/hard/crtbegin.o
 .bss.flag3     0x2000001c        0x1 Build/main.o
                0x2000001c                flag3
 .bss.flag2     0x2000001d        0x1 Build/main.o
                0x2000001d                flag2
 .bss.flag1     0x2000001e        0x1 Build/main.o
                0x2000001e                flag1
 *(COMMON)
                0x20000020                        . = ALIGN (0x4)
 *fill*         0x2000001f        0x1 
                0x20000020                        _ebss = .
                0x20000020                        __bss_end__ = _ebss

._user_heap_stack
                0x20000020      0x600
                0x20000020                        . = ALIGN (0x8)
                0x20000020                        PROVIDE (end = .)
                [!provide]                        PROVIDE (_end = .)
                0x20000220                        . = (. + _Min_Heap_Size)
 *fill*         0x20000020      0x200 
                0x20000620                        . = (. + _Min_Stack_Size)
 *fill*         0x20000220      0x400 
                0x20000620                        . = ALIGN (0x8)

/DISCARD/
 libc.a(*)
 libm.a(*)
 libgcc.a(*)

.ARM.attributes
                0x00000000       0x30
 *(.ARM.attributes)
 .ARM.attributes
                0x00000000       0x22 D:/huanjingbianliang/xpack-arm-none-eabi-gcc-13.2.1-1.1-win32-x64/xpack-arm-none-eabi-gcc-13.2.1-1.1/bin/../lib/gcc/arm-none-eabi/13.2.1/thumb/v7e-m+fp/hard/crti.o
 .ARM.attributes
                0x00000022       0x34 D:/huanjingbianliang/xpack-arm-none-eabi-gcc-13.2.1-1.1-win32-x64/xpack-arm-none-eabi-gcc-13.2.1-1.1/bin/../lib/gcc/arm-none-eabi/13.2.1/thumb/v7e-m+fp/hard/crtbegin.o
 .ARM.attributes
                0x00000056       0x34 Build/main.o
 .ARM.attributes
                0x0000008a       0x34 Build/init.o
 .ARM.attributes
                0x000000be       0x21 Build/startup_stm32f429xx.o
 .ARM.attributes
                0x000000df       0x34 D:/huanjingbianliang/xpack-arm-none-eabi-gcc-13.2.1-1.1-win32-x64/xpack-arm-none-eabi-gcc-13.2.1-1.1/bin/../lib/gcc/arm-none-eabi/13.2.1/../../../../arm-none-eabi/lib/thumb/v7e-m+fp/hard\libc_nano.a(libc_a-init.o)
 .ARM.attributes
                0x00000113       0x22 D:/huanjingbianliang/xpack-arm-none-eabi-gcc-13.2.1-1.1-win32-x64/xpack-arm-none-eabi-gcc-13.2.1-1.1/bin/../lib/gcc/arm-none-eabi/13.2.1/thumb/v7e-m+fp/hard/crtn.o
OUTPUT(Build/LABORATORY_PRACTICE.elf elf32-littlearm)
LOAD linker stubs
LOAD D:/huanjingbianliang/xpack-arm-none-eabi-gcc-13.2.1-1.1-win32-x64/xpack-arm-none-eabi-gcc-13.2.1-1.1/bin/../lib/gcc/arm-none-eabi/13.2.1/../../../../arm-none-eabi/lib/thumb/v7e-m+fp/hard\libc.a
LOAD D:/huanjingbianliang/xpack-arm-none-eabi-gcc-13.2.1-1.1-win32-x64/xpack-arm-none-eabi-gcc-13.2.1-1.1/bin/../lib/gcc/arm-none-eabi/13.2.1/../../../../arm-none-eabi/lib/thumb/v7e-m+fp/hard\libm.a
LOAD D:/huanjingbianliang/xpack-arm-none-eabi-gcc-13.2.1-1.1-win32-x64/xpack-arm-none-eabi-gcc-13.2.1-1.1/bin/../lib/gcc/arm-none-eabi/13.2.1/thumb/v7e-m+fp/hard\libgcc.a

.comment        0x00000000       0x39
 .comment       0x00000000       0x39 D:/huanjingbianliang/xpack-arm-none-eabi-gcc-13.2.1-1.1-win32-x64/xpack-arm-none-eabi-gcc-13.2.1-1.1/bin/../lib/gcc/arm-none-eabi/13.2.1/thumb/v7e-m+fp/hard/crtbegin.o
                                 0x3a (size before relaxing)
 .comment       0x00000039       0x3a Build/main.o
 .comment       0x00000039       0x3a Build/init.o
 .comment       0x00000039       0x3a D:/huanjingbianliang/xpack-arm-none-eabi-gcc-13.2.1-1.1-win32-x64/xpack-arm-none-eabi-gcc-13.2.1-1.1/bin/../lib/gcc/arm-none-eabi/13.2.1/../../../../arm-none-eabi/lib/thumb/v7e-m+fp/hard\libc_nano.a(libc_a-init.o)

.debug_info     0x00000000      0x397
 .debug_info    0x00000000      0x235 Build/main.o
 .debug_info    0x00000235      0x132 Build/init.o
 .debug_info    0x00000367       0x30 Build/startup_stm32f429xx.o

.debug_abbrev   0x00000000      0x1ea
 .debug_abbrev  0x00000000      0x124 Build/main.o
 .debug_abbrev  0x00000124       0xa9 Build/init.o
 .debug_abbrev  0x000001cd       0x1d Build/startup_stm32f429xx.o

.debug_loc      0x00000000      0x183
 .debug_loc     0x00000000      0x105 Build/main.o
 .debug_loc     0x00000105       0x7e Build/init.o

.debug_aranges  0x00000000       0x70
 .debug_aranges
                0x00000000       0x28 Build/main.o
 .debug_aranges
                0x00000028       0x20 Build/init.o
 .debug_aranges
                0x00000048       0x28 Build/startup_stm32f429xx.o

.debug_ranges   0x00000000       0x48
 .debug_ranges  0x00000000       0x18 Build/main.o
 .debug_ranges  0x00000018       0x10 Build/init.o
 .debug_ranges  0x00000028       0x20 Build/startup_stm32f429xx.o

.debug_line     0x00000000      0x4c8
 .debug_line    0x00000000      0x29b Build/main.o
 .debug_line    0x0000029b      0x1bb Build/init.o
 .debug_line    0x00000456       0x72 Build/startup_stm32f429xx.o

.debug_str      0x00000000      0x203
 .debug_str     0x00000000      0x203 Build/main.o
                                0x1f8 (size before relaxing)
 .debug_str     0x00000203      0x1b8 Build/init.o
 .debug_str     0x00000203       0x79 Build/startup_stm32f429xx.o

.debug_frame    0x00000000       0x70
 .debug_frame   0x00000000       0x40 Build/main.o
 .debug_frame   0x00000040       0x30 Build/init.o

Cross Reference Table

Symbol                                            File
ADC_IRQHandler                                    Build/startup_stm32f429xx.o
BusFault_Handler                                  Build/startup_stm32f429xx.o
CAN1_RX0_IRQHandler                               Build/startup_stm32f429xx.o
CAN1_RX1_IRQHandler                               Build/startup_stm32f429xx.o
CAN1_SCE_IRQHandler                               Build/startup_stm32f429xx.o
CAN1_TX_IRQHandler                                Build/startup_stm32f429xx.o
CAN2_RX0_IRQHandler                               Build/startup_stm32f429xx.o
CAN2_RX1_IRQHandler                               Build/startup_stm32f429xx.o
CAN2_SCE_IRQHandler                               Build/startup_stm32f429xx.o
CAN2_TX_IRQHandler                                Build/startup_stm32f429xx.o
DCMI_IRQHandler                                   Build/startup_stm32f429xx.o
DMA1_Stream0_IRQHandler                           Build/startup_stm32f429xx.o
DMA1_Stream1_IRQHandler                           Build/startup_stm32f429xx.o
DMA1_Stream2_IRQHandler                           Build/startup_stm32f429xx.o
DMA1_Stream3_IRQHandler                           Build/startup_stm32f429xx.o
DMA1_Stream4_IRQHandler                           Build/startup_stm32f429xx.o
DMA1_Stream5_IRQHandler                           Build/startup_stm32f429xx.o
DMA1_Stream6_IRQHandler                           Build/startup_stm32f429xx.o
DMA1_Stream7_IRQHandler                           Build/startup_stm32f429xx.o
DMA2D_IRQHandler                                  Build/startup_stm32f429xx.o
DMA2_Stream0_IRQHandler                           Build/startup_stm32f429xx.o
DMA2_Stream1_IRQHandler                           Build/startup_stm32f429xx.o
DMA2_Stream2_IRQHandler                           Build/startup_stm32f429xx.o
DMA2_Stream3_IRQHandler                           Build/startup_stm32f429xx.o
DMA2_Stream4_IRQHandler                           Build/startup_stm32f429xx.o
DMA2_Stream5_IRQHandler                           Build/startup_stm32f429xx.o
DMA2_Stream6_IRQHandler                           Build/startup_stm32f429xx.o
DMA2_Stream7_IRQHandler                           Build/startup_stm32f429xx.o
DebugMon_Handler                                  Build/startup_stm32f429xx.o
Default_Handler                                   Build/startup_stm32f429xx.o
ETH_IRQHandler                                    Build/startup_stm32f429xx.o
ETH_WKUP_IRQHandler                               Build/startup_stm32f429xx.o
EXTI0_IRQHandler                                  Build/startup_stm32f429xx.o
EXTI15_10_IRQHandler                              Build/startup_stm32f429xx.o
EXTI1_IRQHandler                                  Build/startup_stm32f429xx.o
EXTI2_IRQHandler                                  Build/startup_stm32f429xx.o
EXTI3_IRQHandler                                  Build/startup_stm32f429xx.o
EXTI4_IRQHandler                                  Build/startup_stm32f429xx.o
EXTI9_5_IRQHandler                                Build/startup_stm32f429xx.o
FLASH_IRQHandler                                  Build/startup_stm32f429xx.o
FMC_IRQHandler                                    Build/startup_stm32f429xx.o
FPU_IRQHandler                                    Build/startup_stm32f429xx.o
GPIO_Ini                                          Build/init.o
                                                  Build/main.o
HASH_RNG_IRQHandler                               Build/startup_stm32f429xx.o
HardFault_Handler                                 Build/startup_stm32f429xx.o
I2C1_ER_IRQHandler                                Build/startup_stm32f429xx.o
I2C1_EV_IRQHandler                                Build/startup_stm32f429xx.o
I2C2_ER_IRQHandler                                Build/startup_stm32f429xx.o
I2C2_EV_IRQHandler                                Build/startup_stm32f429xx.o
I2C3_ER_IRQHandler                                Build/startup_stm32f429xx.o
I2C3_EV_IRQHandler                                Build/startup_stm32f429xx.o
LTDC_ER_IRQHandler                                Build/startup_stm32f429xx.o
LTDC_IRQHandler                                   Build/startup_stm32f429xx.o
MemManage_Handler                                 Build/startup_stm32f429xx.o
NMI_Handler                                       Build/startup_stm32f429xx.o
OTG_FS_IRQHandler                                 Build/startup_stm32f429xx.o
OTG_FS_WKUP_IRQHandler                            Build/startup_stm32f429xx.o
OTG_HS_EP1_IN_IRQHandler                          Build/startup_stm32f429xx.o
OTG_HS_EP1_OUT_IRQHandler                         Build/startup_stm32f429xx.o
OTG_HS_IRQHandler                                 Build/startup_stm32f429xx.o
OTG_HS_WKUP_IRQHandler                            Build/startup_stm32f429xx.o
PVD_IRQHandler                                    Build/startup_stm32f429xx.o
PendSV_Handler                                    Build/startup_stm32f429xx.o
RCC_IRQHandler                                    Build/startup_stm32f429xx.o
RTC_Alarm_IRQHandler                              Build/startup_stm32f429xx.o
RTC_WKUP_IRQHandler                               Build/startup_stm32f429xx.o
Reset_Handler                                     Build/startup_stm32f429xx.o
SAI1_IRQHandler                                   Build/startup_stm32f429xx.o
SDIO_IRQHandler                                   Build/startup_stm32f429xx.o
SPI1_IRQHandler                                   Build/startup_stm32f429xx.o
SPI2_IRQHandler                                   Build/startup_stm32f429xx.o
SPI3_IRQHandler                                   Build/startup_stm32f429xx.o
SPI4_IRQHandler                                   Build/startup_stm32f429xx.o
SPI5_IRQHandler                                   Build/startup_stm32f429xx.o
SPI6_IRQHandler                                   Build/startup_stm32f429xx.o
SVC_Handler                                       Build/startup_stm32f429xx.o
SysTick_Handler                                   Build/startup_stm32f429xx.o
TAMP_STAMP_IRQHandler                             Build/startup_stm32f429xx.o
TIM1_BRK_TIM9_IRQHandler                          Build/startup_stm32f429xx.o
TIM1_CC_IRQHandler                                Build/startup_stm32f429xx.o
TIM1_TRG_COM_TIM11_IRQHandler                     Build/startup_stm32f429xx.o
TIM1_UP_TIM10_IRQHandler                          Build/startup_stm32f429xx.o
TIM2_IRQHandler                                   Build/startup_stm32f429xx.o
TIM3_IRQHandler                                   Build/startup_stm32f429xx.o
TIM4_IRQHandler                                   Build/startup_stm32f429xx.o
TIM5_IRQHandler                                   Build/startup_stm32f429xx.o
TIM6_DAC_IRQHandler                               Build/startup_stm32f429xx.o
TIM7_IRQHandler                                   Build/startup_stm32f429xx.o
TIM8_BRK_TIM12_IRQHandler                         Build/startup_stm32f429xx.o
TIM8_CC_IRQHandler                                Build/startup_stm32f429xx.o
TIM8_TRG_COM_TIM14_IRQHandler                     Build/startup_stm32f429xx.o
TIM8_UP_TIM13_IRQHandler                          Build/startup_stm32f429xx.o
UART4_IRQHandler                                  Build/startup_stm32f429xx.o
UART5_IRQHandler                                  Build/startup_stm32f429xx.o
UART7_IRQHandler                                  Build/startup_stm32f429xx.o
UART8_IRQHandler                                  Build/startup_stm32f429xx.o
USART1_IRQHandler                                 Build/startup_stm32f429xx.o
USART2_IRQHandler                                 Build/startup_stm32f429xx.o
USART3_IRQHandler                                 Build/startup_stm32f429xx.o
USART6_IRQHandler                                 Build/startup_stm32f429xx.o
UsageFault_Handler                                Build/startup_stm32f429xx.o
WWDG_IRQHandler                                   Build/startup_stm32f429xx.o
__atexit                                          D:/huanjingbianliang/xpack-arm-none-eabi-gcc-13.2.1-1.1-win32-x64/xpack-arm-none-eabi-gcc-13.2.1-1.1/bin/../lib/gcc/arm-none-eabi/13.2.1/../../../../arm-none-eabi/lib/thumb/v7e-m+fp/hard\libc_nano.a(libc_a-__call_atexit.o)
                                                  D:/huanjingbianliang/xpack-arm-none-eabi-gcc-13.2.1-1.1-win32-x64/xpack-arm-none-eabi-gcc-13.2.1-1.1/bin/../lib/gcc/arm-none-eabi/13.2.1/../../../../arm-none-eabi/lib/thumb/v7e-m+fp/hard\libc_nano.a(libc_a-__atexit.o)
__atexit0                                         D:/huanjingbianliang/xpack-arm-none-eabi-gcc-13.2.1-1.1-win32-x64/xpack-arm-none-eabi-gcc-13.2.1-1.1/bin/../lib/gcc/arm-none-eabi/13.2.1/../../../../arm-none-eabi/lib/thumb/v7e-m+fp/hard\libc_nano.a(libc_a-__atexit.o)
__atexit_dummy                                    D:/huanjingbianliang/xpack-arm-none-eabi-gcc-13.2.1-1.1-win32-x64/xpack-arm-none-eabi-gcc-13.2.1-1.1/bin/../lib/gcc/arm-none-eabi/13.2.1/../../../../arm-none-eabi/lib/thumb/v7e-m+fp/hard\libc_nano.a(libc_a-__atexit.o)
__atexit_recursive_mutex                          D:/huanjingbianliang/xpack-arm-none-eabi-gcc-13.2.1-1.1-win32-x64/xpack-arm-none-eabi-gcc-13.2.1-1.1/bin/../lib/gcc/arm-none-eabi/13.2.1/../../../../arm-none-eabi/lib/thumb/v7e-m+fp/hard\libc_nano.a(libc_a-__call_atexit.o)
                                                  D:/huanjingbianliang/xpack-arm-none-eabi-gcc-13.2.1-1.1-win32-x64/xpack-arm-none-eabi-gcc-13.2.1-1.1/bin/../lib/gcc/arm-none-eabi/13.2.1/../../../../arm-none-eabi/lib/thumb/v7e-m+fp/hard\libc_nano.a(libc_a-__atexit.o)
__bss_end__                                       D:/huanjingbianliang/xpack-arm-none-eabi-gcc-13.2.1-1.1-win32-x64/xpack-arm-none-eabi-gcc-13.2.1-1.1/bin/../lib/gcc/arm-none-eabi/13.2.1/../../../../arm-none-eabi/lib/thumb/v7e-m+fp/hard/crt0.o
__bss_start__                                     D:/huanjingbianliang/xpack-arm-none-eabi-gcc-13.2.1-1.1-win32-x64/xpack-arm-none-eabi-gcc-13.2.1-1.1/bin/../lib/gcc/arm-none-eabi/13.2.1/../../../../arm-none-eabi/lib/thumb/v7e-m+fp/hard/crt0.o
__call_exitprocs                                  D:/huanjingbianliang/xpack-arm-none-eabi-gcc-13.2.1-1.1-win32-x64/xpack-arm-none-eabi-gcc-13.2.1-1.1/bin/../lib/gcc/arm-none-eabi/13.2.1/../../../../arm-none-eabi/lib/thumb/v7e-m+fp/hard\libc_nano.a(libc_a-__call_atexit.o)
                                                  D:/huanjingbianliang/xpack-arm-none-eabi-gcc-13.2.1-1.1-win32-x64/xpack-arm-none-eabi-gcc-13.2.1-1.1/bin/../lib/gcc/arm-none-eabi/13.2.1/../../../../arm-none-eabi/lib/thumb/v7e-m+fp/hard\libc_nano.a(libc_a-__atexit.o)
                                                  D:/huanjingbianliang/xpack-arm-none-eabi-gcc-13.2.1-1.1-win32-x64/xpack-arm-none-eabi-gcc-13.2.1-1.1/bin/../lib/gcc/arm-none-eabi/13.2.1/../../../../arm-none-eabi/lib/thumb/v7e-m+fp/hard\libc_nano.a(libc_a-exit.o)
__deregister_frame_info                           D:/huanjingbianliang/xpack-arm-none-eabi-gcc-13.2.1-1.1-win32-x64/xpack-arm-none-eabi-gcc-13.2.1-1.1/bin/../lib/gcc/arm-none-eabi/13.2.1/thumb/v7e-m+fp/hard/crtbegin.o
__dso_handle                                      D:/huanjingbianliang/xpack-arm-none-eabi-gcc-13.2.1-1.1-win32-x64/xpack-arm-none-eabi-gcc-13.2.1-1.1/bin/../lib/gcc/arm-none-eabi/13.2.1/thumb/v7e-m+fp/hard/crtbegin.o
__fini_array_end                                  D:/huanjingbianliang/xpack-arm-none-eabi-gcc-13.2.1-1.1-win32-x64/xpack-arm-none-eabi-gcc-13.2.1-1.1/bin/../lib/gcc/arm-none-eabi/13.2.1/../../../../arm-none-eabi/lib/thumb/v7e-m+fp/hard\libc_nano.a(libc_a-fini.o)
__fini_array_start                                D:/huanjingbianliang/xpack-arm-none-eabi-gcc-13.2.1-1.1-win32-x64/xpack-arm-none-eabi-gcc-13.2.1-1.1/bin/../lib/gcc/arm-none-eabi/13.2.1/../../../../arm-none-eabi/lib/thumb/v7e-m+fp/hard\libc_nano.a(libc_a-fini.o)
__fp_lock_all                                     D:/huanjingbianliang/xpack-arm-none-eabi-gcc-13.2.1-1.1-win32-x64/xpack-arm-none-eabi-gcc-13.2.1-1.1/bin/../lib/gcc/arm-none-eabi/13.2.1/../../../../arm-none-eabi/lib/thumb/v7e-m+fp/hard\libc_nano.a(libc_a-findfp.o)
__fp_unlock_all                                   D:/huanjingbianliang/xpack-arm-none-eabi-gcc-13.2.1-1.1-win32-x64/xpack-arm-none-eabi-gcc-13.2.1-1.1/bin/../lib/gcc/arm-none-eabi/13.2.1/../../../../arm-none-eabi/lib/thumb/v7e-m+fp/hard\libc_nano.a(libc_a-findfp.o)
__init_array_end                                  D:/huanjingbianliang/xpack-arm-none-eabi-gcc-13.2.1-1.1-win32-x64/xpack-arm-none-eabi-gcc-13.2.1-1.1/bin/../lib/gcc/arm-none-eabi/13.2.1/../../../../arm-none-eabi/lib/thumb/v7e-m+fp/hard\libc_nano.a(libc_a-init.o)
__init_array_start                                D:/huanjingbianliang/xpack-arm-none-eabi-gcc-13.2.1-1.1-win32-x64/xpack-arm-none-eabi-gcc-13.2.1-1.1/bin/../lib/gcc/arm-none-eabi/13.2.1/../../../../arm-none-eabi/lib/thumb/v7e-m+fp/hard\libc_nano.a(libc_a-init.o)
__libc_fini_array                                 D:/huanjingbianliang/xpack-arm-none-eabi-gcc-13.2.1-1.1-win32-x64/xpack-arm-none-eabi-gcc-13.2.1-1.1/bin/../lib/gcc/arm-none-eabi/13.2.1/../../../../arm-none-eabi/lib/thumb/v7e-m+fp/hard\libc_nano.a(libc_a-fini.o)
                                                  D:/huanjingbianliang/xpack-arm-none-eabi-gcc-13.2.1-1.1-win32-x64/xpack-arm-none-eabi-gcc-13.2.1-1.1/bin/../lib/gcc/arm-none-eabi/13.2.1/../../../../arm-none-eabi/lib/thumb/v7e-m+fp/hard/crt0.o
__libc_init_array                                 D:/huanjingbianliang/xpack-arm-none-eabi-gcc-13.2.1-1.1-win32-x64/xpack-arm-none-eabi-gcc-13.2.1-1.1/bin/../lib/gcc/arm-none-eabi/13.2.1/../../../../arm-none-eabi/lib/thumb/v7e-m+fp/hard\libc_nano.a(libc_a-init.o)
                                                  Build/startup_stm32f429xx.o
                                                  D:/huanjingbianliang/xpack-arm-none-eabi-gcc-13.2.1-1.1-win32-x64/xpack-arm-none-eabi-gcc-13.2.1-1.1/bin/../lib/gcc/arm-none-eabi/13.2.1/../../../../arm-none-eabi/lib/thumb/v7e-m+fp/hard/crt0.o
__lock___arc4random_mutex                         D:/huanjingbianliang/xpack-arm-none-eabi-gcc-13.2.1-1.1-win32-x64/xpack-arm-none-eabi-gcc-13.2.1-1.1/bin/../lib/gcc/arm-none-eabi/13.2.1/../../../../arm-none-eabi/lib/thumb/v7e-m+fp/hard\libc_nano.a(libc_a-lock.o)
__lock___at_quick_exit_mutex                      D:/huanjingbianliang/xpack-arm-none-eabi-gcc-13.2.1-1.1-win32-x64/xpack-arm-none-eabi-gcc-13.2.1-1.1/bin/../lib/gcc/arm-none-eabi/13.2.1/../../../../arm-none-eabi/lib/thumb/v7e-m+fp/hard\libc_nano.a(libc_a-lock.o)
__lock___atexit_recursive_mutex                   D:/huanjingbianliang/xpack-arm-none-eabi-gcc-13.2.1-1.1-win32-x64/xpack-arm-none-eabi-gcc-13.2.1-1.1/bin/../lib/gcc/arm-none-eabi/13.2.1/../../../../arm-none-eabi/lib/thumb/v7e-m+fp/hard\libc_nano.a(libc_a-lock.o)
                                                  D:/huanjingbianliang/xpack-arm-none-eabi-gcc-13.2.1-1.1-win32-x64/xpack-arm-none-eabi-gcc-13.2.1-1.1/bin/../lib/gcc/arm-none-eabi/13.2.1/../../../../arm-none-eabi/lib/thumb/v7e-m+fp/hard\libc_nano.a(libc_a-__call_atexit.o)
__lock___dd_hash_mutex                            D:/huanjingbianliang/xpack-arm-none-eabi-gcc-13.2.1-1.1-win32-x64/xpack-arm-none-eabi-gcc-13.2.1-1.1/bin/../lib/gcc/arm-none-eabi/13.2.1/../../../../arm-none-eabi/lib/thumb/v7e-m+fp/hard\libc_nano.a(libc_a-lock.o)
__lock___env_recursive_mutex                      D:/huanjingbianliang/xpack-arm-none-eabi-gcc-13.2.1-1.1-win32-x64/xpack-arm-none-eabi-gcc-13.2.1-1.1/bin/../lib/gcc/arm-none-eabi/13.2.1/../../../../arm-none-eabi/lib/thumb/v7e-m+fp/hard\libc_nano.a(libc_a-lock.o)
__lock___malloc_recursive_mutex                   D:/huanjingbianliang/xpack-arm-none-eabi-gcc-13.2.1-1.1-win32-x64/xpack-arm-none-eabi-gcc-13.2.1-1.1/bin/../lib/gcc/arm-none-eabi/13.2.1/../../../../arm-none-eabi/lib/thumb/v7e-m+fp/hard\libc_nano.a(libc_a-lock.o)
                                                  D:/huanjingbianliang/xpack-arm-none-eabi-gcc-13.2.1-1.1-win32-x64/xpack-arm-none-eabi-gcc-13.2.1-1.1/bin/../lib/gcc/arm-none-eabi/13.2.1/../../../../arm-none-eabi/lib/thumb/v7e-m+fp/hard\libc_nano.a(libc_a-mlock.o)
__lock___sfp_recursive_mutex                      D:/huanjingbianliang/xpack-arm-none-eabi-gcc-13.2.1-1.1-win32-x64/xpack-arm-none-eabi-gcc-13.2.1-1.1/bin/../lib/gcc/arm-none-eabi/13.2.1/../../../../arm-none-eabi/lib/thumb/v7e-m+fp/hard\libc_nano.a(libc_a-lock.o)
                                                  D:/huanjingbianliang/xpack-arm-none-eabi-gcc-13.2.1-1.1-win32-x64/xpack-arm-none-eabi-gcc-13.2.1-1.1/bin/../lib/gcc/arm-none-eabi/13.2.1/../../../../arm-none-eabi/lib/thumb/v7e-m+fp/hard\libc_nano.a(libc_a-findfp.o)
__lock___tz_mutex                                 D:/huanjingbianliang/xpack-arm-none-eabi-gcc-13.2.1-1.1-win32-x64/xpack-arm-none-eabi-gcc-13.2.1-1.1/bin/../lib/gcc/arm-none-eabi/13.2.1/../../../../arm-none-eabi/lib/thumb/v7e-m+fp/hard\libc_nano.a(libc_a-lock.o)
__malloc_free_list                                D:/huanjingbianliang/xpack-arm-none-eabi-gcc-13.2.1-1.1-win32-x64/xpack-arm-none-eabi-gcc-13.2.1-1.1/bin/../lib/gcc/arm-none-eabi/13.2.1/../../../../arm-none-eabi/lib/thumb/v7e-m+fp/hard\libc_nano.a(libc_a-mallocr.o)
                                                  D:/huanjingbianliang/xpack-arm-none-eabi-gcc-13.2.1-1.1-win32-x64/xpack-arm-none-eabi-gcc-13.2.1-1.1/bin/../lib/gcc/arm-none-eabi/13.2.1/../../../../arm-none-eabi/lib/thumb/v7e-m+fp/hard\libc_nano.a(libc_a-freer.o)
__malloc_lock                                     D:/huanjingbianliang/xpack-arm-none-eabi-gcc-13.2.1-1.1-win32-x64/xpack-arm-none-eabi-gcc-13.2.1-1.1/bin/../lib/gcc/arm-none-eabi/13.2.1/../../../../arm-none-eabi/lib/thumb/v7e-m+fp/hard\libc_nano.a(libc_a-mlock.o)
                                                  D:/huanjingbianliang/xpack-arm-none-eabi-gcc-13.2.1-1.1-win32-x64/xpack-arm-none-eabi-gcc-13.2.1-1.1/bin/../lib/gcc/arm-none-eabi/13.2.1/../../../../arm-none-eabi/lib/thumb/v7e-m+fp/hard\libc_nano.a(libc_a-mallocr.o)
                                                  D:/huanjingbianliang/xpack-arm-none-eabi-gcc-13.2.1-1.1-win32-x64/xpack-arm-none-eabi-gcc-13.2.1-1.1/bin/../lib/gcc/arm-none-eabi/13.2.1/../../../../arm-none-eabi/lib/thumb/v7e-m+fp/hard\libc_nano.a(libc_a-freer.o)
__malloc_sbrk_start                               D:/huanjingbianliang/xpack-arm-none-eabi-gcc-13.2.1-1.1-win32-x64/xpack-arm-none-eabi-gcc-13.2.1-1.1/bin/../lib/gcc/arm-none-eabi/13.2.1/../../../../arm-none-eabi/lib/thumb/v7e-m+fp/hard\libc_nano.a(libc_a-mallocr.o)
__malloc_unlock                                   D:/huanjingbianliang/xpack-arm-none-eabi-gcc-13.2.1-1.1-win32-x64/xpack-arm-none-eabi-gcc-13.2.1-1.1/bin/../lib/gcc/arm-none-eabi/13.2.1/../../../../arm-none-eabi/lib/thumb/v7e-m+fp/hard\libc_nano.a(libc_a-mlock.o)
                                                  D:/huanjingbianliang/xpack-arm-none-eabi-gcc-13.2.1-1.1-win32-x64/xpack-arm-none-eabi-gcc-13.2.1-1.1/bin/../lib/gcc/arm-none-eabi/13.2.1/../../../../arm-none-eabi/lib/thumb/v7e-m+fp/hard\libc_nano.a(libc_a-mallocr.o)
                                                  D:/huanjingbianliang/xpack-arm-none-eabi-gcc-13.2.1-1.1-win32-x64/xpack-arm-none-eabi-gcc-13.2.1-1.1/bin/../lib/gcc/arm-none-eabi/13.2.1/../../../../arm-none-eabi/lib/thumb/v7e-m+fp/hard\libc_nano.a(libc_a-freer.o)
__on_exit_args                                    D:/huanjingbianliang/xpack-arm-none-eabi-gcc-13.2.1-1.1-win32-x64/xpack-arm-none-eabi-gcc-13.2.1-1.1/bin/../lib/gcc/arm-none-eabi/13.2.1/../../../../arm-none-eabi/lib/thumb/v7e-m+fp/hard\libc_nano.a(libc_a-__atexit.o)
__preinit_array_end                               D:/huanjingbianliang/xpack-arm-none-eabi-gcc-13.2.1-1.1-win32-x64/xpack-arm-none-eabi-gcc-13.2.1-1.1/bin/../lib/gcc/arm-none-eabi/13.2.1/../../../../arm-none-eabi/lib/thumb/v7e-m+fp/hard\libc_nano.a(libc_a-init.o)
__preinit_array_start                             D:/huanjingbianliang/xpack-arm-none-eabi-gcc-13.2.1-1.1-win32-x64/xpack-arm-none-eabi-gcc-13.2.1-1.1/bin/../lib/gcc/arm-none-eabi/13.2.1/../../../../arm-none-eabi/lib/thumb/v7e-m+fp/hard\libc_nano.a(libc_a-init.o)
__register_exitproc                               D:/huanjingbianliang/xpack-arm-none-eabi-gcc-13.2.1-1.1-win32-x64/xpack-arm-none-eabi-gcc-13.2.1-1.1/bin/../lib/gcc/arm-none-eabi/13.2.1/../../../../arm-none-eabi/lib/thumb/v7e-m+fp/hard\libc_nano.a(libc_a-__atexit.o)
                                                  D:/huanjingbianliang/xpack-arm-none-eabi-gcc-13.2.1-1.1-win32-x64/xpack-arm-none-eabi-gcc-13.2.1-1.1/bin/../lib/gcc/arm-none-eabi/13.2.1/../../../../arm-none-eabi/lib/thumb/v7e-m+fp/hard\libc_nano.a(libc_a-atexit.o)
__register_frame_info                             D:/huanjingbianliang/xpack-arm-none-eabi-gcc-13.2.1-1.1-win32-x64/xpack-arm-none-eabi-gcc-13.2.1-1.1/bin/../lib/gcc/arm-none-eabi/13.2.1/thumb/v7e-m+fp/hard/crtbegin.o
__retarget_lock_acquire                           D:/huanjingbianliang/xpack-arm-none-eabi-gcc-13.2.1-1.1-win32-x64/xpack-arm-none-eabi-gcc-13.2.1-1.1/bin/../lib/gcc/arm-none-eabi/13.2.1/../../../../arm-none-eabi/lib/thumb/v7e-m+fp/hard\libc_nano.a(libc_a-lock.o)
__retarget_lock_acquire_recursive                 D:/huanjingbianliang/xpack-arm-none-eabi-gcc-13.2.1-1.1-win32-x64/xpack-arm-none-eabi-gcc-13.2.1-1.1/bin/../lib/gcc/arm-none-eabi/13.2.1/../../../../arm-none-eabi/lib/thumb/v7e-m+fp/hard\libc_nano.a(libc_a-lock.o)
                                                  D:/huanjingbianliang/xpack-arm-none-eabi-gcc-13.2.1-1.1-win32-x64/xpack-arm-none-eabi-gcc-13.2.1-1.1/bin/../lib/gcc/arm-none-eabi/13.2.1/../../../../arm-none-eabi/lib/thumb/v7e-m+fp/hard\libc_nano.a(libc_a-fflush.o)
                                                  D:/huanjingbianliang/xpack-arm-none-eabi-gcc-13.2.1-1.1-win32-x64/xpack-arm-none-eabi-gcc-13.2.1-1.1/bin/../lib/gcc/arm-none-eabi/13.2.1/../../../../arm-none-eabi/lib/thumb/v7e-m+fp/hard\libc_nano.a(libc_a-mlock.o)
                                                  D:/huanjingbianliang/xpack-arm-none-eabi-gcc-13.2.1-1.1-win32-x64/xpack-arm-none-eabi-gcc-13.2.1-1.1/bin/../lib/gcc/arm-none-eabi/13.2.1/../../../../arm-none-eabi/lib/thumb/v7e-m+fp/hard\libc_nano.a(libc_a-__call_atexit.o)
                                                  D:/huanjingbianliang/xpack-arm-none-eabi-gcc-13.2.1-1.1-win32-x64/xpack-arm-none-eabi-gcc-13.2.1-1.1/bin/../lib/gcc/arm-none-eabi/13.2.1/../../../../arm-none-eabi/lib/thumb/v7e-m+fp/hard\libc_nano.a(libc_a-__atexit.o)
                                                  D:/huanjingbianliang/xpack-arm-none-eabi-gcc-13.2.1-1.1-win32-x64/xpack-arm-none-eabi-gcc-13.2.1-1.1/bin/../lib/gcc/arm-none-eabi/13.2.1/../../../../arm-none-eabi/lib/thumb/v7e-m+fp/hard\libc_nano.a(libc_a-findfp.o)
__retarget_lock_close                             D:/huanjingbianliang/xpack-arm-none-eabi-gcc-13.2.1-1.1-win32-x64/xpack-arm-none-eabi-gcc-13.2.1-1.1/bin/../lib/gcc/arm-none-eabi/13.2.1/../../../../arm-none-eabi/lib/thumb/v7e-m+fp/hard\libc_nano.a(libc_a-lock.o)
__retarget_lock_close_recursive                   D:/huanjingbianliang/xpack-arm-none-eabi-gcc-13.2.1-1.1-win32-x64/xpack-arm-none-eabi-gcc-13.2.1-1.1/bin/../lib/gcc/arm-none-eabi/13.2.1/../../../../arm-none-eabi/lib/thumb/v7e-m+fp/hard\libc_nano.a(libc_a-lock.o)
__retarget_lock_init                              D:/huanjingbianliang/xpack-arm-none-eabi-gcc-13.2.1-1.1-win32-x64/xpack-arm-none-eabi-gcc-13.2.1-1.1/bin/../lib/gcc/arm-none-eabi/13.2.1/../../../../arm-none-eabi/lib/thumb/v7e-m+fp/hard\libc_nano.a(libc_a-lock.o)
__retarget_lock_init_recursive                    D:/huanjingbianliang/xpack-arm-none-eabi-gcc-13.2.1-1.1-win32-x64/xpack-arm-none-eabi-gcc-13.2.1-1.1/bin/../lib/gcc/arm-none-eabi/13.2.1/../../../../arm-none-eabi/lib/thumb/v7e-m+fp/hard\libc_nano.a(libc_a-lock.o)
                                                  D:/huanjingbianliang/xpack-arm-none-eabi-gcc-13.2.1-1.1-win32-x64/xpack-arm-none-eabi-gcc-13.2.1-1.1/bin/../lib/gcc/arm-none-eabi/13.2.1/../../../../arm-none-eabi/lib/thumb/v7e-m+fp/hard\libc_nano.a(libc_a-findfp.o)
__retarget_lock_release                           D:/huanjingbianliang/xpack-arm-none-eabi-gcc-13.2.1-1.1-win32-x64/xpack-arm-none-eabi-gcc-13.2.1-1.1/bin/../lib/gcc/arm-none-eabi/13.2.1/../../../../arm-none-eabi/lib/thumb/v7e-m+fp/hard\libc_nano.a(libc_a-lock.o)
__retarget_lock_release_recursive                 D:/huanjingbianliang/xpack-arm-none-eabi-gcc-13.2.1-1.1-win32-x64/xpack-arm-none-eabi-gcc-13.2.1-1.1/bin/../lib/gcc/arm-none-eabi/13.2.1/../../../../arm-none-eabi/lib/thumb/v7e-m+fp/hard\libc_nano.a(libc_a-lock.o)
                                                  D:/huanjingbianliang/xpack-arm-none-eabi-gcc-13.2.1-1.1-win32-x64/xpack-arm-none-eabi-gcc-13.2.1-1.1/bin/../lib/gcc/arm-none-eabi/13.2.1/../../../../arm-none-eabi/lib/thumb/v7e-m+fp/hard\libc_nano.a(libc_a-fflush.o)
                                                  D:/huanjingbianliang/xpack-arm-none-eabi-gcc-13.2.1-1.1-win32-x64/xpack-arm-none-eabi-gcc-13.2.1-1.1/bin/../lib/gcc/arm-none-eabi/13.2.1/../../../../arm-none-eabi/lib/thumb/v7e-m+fp/hard\libc_nano.a(libc_a-mlock.o)
                                                  D:/huanjingbianliang/xpack-arm-none-eabi-gcc-13.2.1-1.1-win32-x64/xpack-arm-none-eabi-gcc-13.2.1-1.1/bin/../lib/gcc/arm-none-eabi/13.2.1/../../../../arm-none-eabi/lib/thumb/v7e-m+fp/hard\libc_nano.a(libc_a-__call_atexit.o)
                                                  D:/huanjingbianliang/xpack-arm-none-eabi-gcc-13.2.1-1.1-win32-x64/xpack-arm-none-eabi-gcc-13.2.1-1.1/bin/../lib/gcc/arm-none-eabi/13.2.1/../../../../arm-none-eabi/lib/thumb/v7e-m+fp/hard\libc_nano.a(libc_a-__atexit.o)
                                                  D:/huanjingbianliang/xpack-arm-none-eabi-gcc-13.2.1-1.1-win32-x64/xpack-arm-none-eabi-gcc-13.2.1-1.1/bin/../lib/gcc/arm-none-eabi/13.2.1/../../../../arm-none-eabi/lib/thumb/v7e-m+fp/hard\libc_nano.a(libc_a-findfp.o)
__retarget_lock_try_acquire                       D:/huanjingbianliang/xpack-arm-none-eabi-gcc-13.2.1-1.1-win32-x64/xpack-arm-none-eabi-gcc-13.2.1-1.1/bin/../lib/gcc/arm-none-eabi/13.2.1/../../../../arm-none-eabi/lib/thumb/v7e-m+fp/hard\libc_nano.a(libc_a-lock.o)
__retarget_lock_try_acquire_recursive             D:/huanjingbianliang/xpack-arm-none-eabi-gcc-13.2.1-1.1-win32-x64/xpack-arm-none-eabi-gcc-13.2.1-1.1/bin/../lib/gcc/arm-none-eabi/13.2.1/../../../../arm-none-eabi/lib/thumb/v7e-m+fp/hard\libc_nano.a(libc_a-lock.o)
__sclose                                          D:/huanjingbianliang/xpack-arm-none-eabi-gcc-13.2.1-1.1-win32-x64/xpack-arm-none-eabi-gcc-13.2.1-1.1/bin/../lib/gcc/arm-none-eabi/13.2.1/../../../../arm-none-eabi/lib/thumb/v7e-m+fp/hard\libc_nano.a(libc_a-stdio.o)
                                                  D:/huanjingbianliang/xpack-arm-none-eabi-gcc-13.2.1-1.1-win32-x64/xpack-arm-none-eabi-gcc-13.2.1-1.1/bin/../lib/gcc/arm-none-eabi/13.2.1/../../../../arm-none-eabi/lib/thumb/v7e-m+fp/hard\libc_nano.a(libc_a-findfp.o)
__seofread                                        D:/huanjingbianliang/xpack-arm-none-eabi-gcc-13.2.1-1.1-win32-x64/xpack-arm-none-eabi-gcc-13.2.1-1.1/bin/../lib/gcc/arm-none-eabi/13.2.1/../../../../arm-none-eabi/lib/thumb/v7e-m+fp/hard\libc_nano.a(libc_a-stdio.o)
__sf                                              D:/huanjingbianliang/xpack-arm-none-eabi-gcc-13.2.1-1.1-win32-x64/xpack-arm-none-eabi-gcc-13.2.1-1.1/bin/../lib/gcc/arm-none-eabi/13.2.1/../../../../arm-none-eabi/lib/thumb/v7e-m+fp/hard\libc_nano.a(libc_a-findfp.o)
                                                  D:/huanjingbianliang/xpack-arm-none-eabi-gcc-13.2.1-1.1-win32-x64/xpack-arm-none-eabi-gcc-13.2.1-1.1/bin/../lib/gcc/arm-none-eabi/13.2.1/../../../../arm-none-eabi/lib/thumb/v7e-m+fp/hard\libc_nano.a(libc_a-impure.o)
__sflush_r                                        D:/huanjingbianliang/xpack-arm-none-eabi-gcc-13.2.1-1.1-win32-x64/xpack-arm-none-eabi-gcc-13.2.1-1.1/bin/../lib/gcc/arm-none-eabi/13.2.1/../../../../arm-none-eabi/lib/thumb/v7e-m+fp/hard\libc_nano.a(libc_a-fflush.o)
__sfp                                             D:/huanjingbianliang/xpack-arm-none-eabi-gcc-13.2.1-1.1-win32-x64/xpack-arm-none-eabi-gcc-13.2.1-1.1/bin/../lib/gcc/arm-none-eabi/13.2.1/../../../../arm-none-eabi/lib/thumb/v7e-m+fp/hard\libc_nano.a(libc_a-findfp.o)
__sfp_lock_acquire                                D:/huanjingbianliang/xpack-arm-none-eabi-gcc-13.2.1-1.1-win32-x64/xpack-arm-none-eabi-gcc-13.2.1-1.1/bin/../lib/gcc/arm-none-eabi/13.2.1/../../../../arm-none-eabi/lib/thumb/v7e-m+fp/hard\libc_nano.a(libc_a-findfp.o)
__sfp_lock_release                                D:/huanjingbianliang/xpack-arm-none-eabi-gcc-13.2.1-1.1-win32-x64/xpack-arm-none-eabi-gcc-13.2.1-1.1/bin/../lib/gcc/arm-none-eabi/13.2.1/../../../../arm-none-eabi/lib/thumb/v7e-m+fp/hard\libc_nano.a(libc_a-findfp.o)
__sglue                                           D:/huanjingbianliang/xpack-arm-none-eabi-gcc-13.2.1-1.1-win32-x64/xpack-arm-none-eabi-gcc-13.2.1-1.1/bin/../lib/gcc/arm-none-eabi/13.2.1/../../../../arm-none-eabi/lib/thumb/v7e-m+fp/hard\libc_nano.a(libc_a-findfp.o)
                                                  D:/huanjingbianliang/xpack-arm-none-eabi-gcc-13.2.1-1.1-win32-x64/xpack-arm-none-eabi-gcc-13.2.1-1.1/bin/../lib/gcc/arm-none-eabi/13.2.1/../../../../arm-none-eabi/lib/thumb/v7e-m+fp/hard\libc_nano.a(libc_a-fflush.o)
__sinit                                           D:/huanjingbianliang/xpack-arm-none-eabi-gcc-13.2.1-1.1-win32-x64/xpack-arm-none-eabi-gcc-13.2.1-1.1/bin/../lib/gcc/arm-none-eabi/13.2.1/../../../../arm-none-eabi/lib/thumb/v7e-m+fp/hard\libc_nano.a(libc_a-findfp.o)
                                                  D:/huanjingbianliang/xpack-arm-none-eabi-gcc-13.2.1-1.1-win32-x64/xpack-arm-none-eabi-gcc-13.2.1-1.1/bin/../lib/gcc/arm-none-eabi/13.2.1/../../../../arm-none-eabi/lib/thumb/v7e-m+fp/hard\libc_nano.a(libc_a-fflush.o)
__sread                                           D:/huanjingbianliang/xpack-arm-none-eabi-gcc-13.2.1-1.1-win32-x64/xpack-arm-none-eabi-gcc-13.2.1-1.1/bin/../lib/gcc/arm-none-eabi/13.2.1/../../../../arm-none-eabi/lib/thumb/v7e-m+fp/hard\libc_nano.a(libc_a-stdio.o)
                                                  D:/huanjingbianliang/xpack-arm-none-eabi-gcc-13.2.1-1.1-win32-x64/xpack-arm-none-eabi-gcc-13.2.1-1.1/bin/../lib/gcc/arm-none-eabi/13.2.1/../../../../arm-none-eabi/lib/thumb/v7e-m+fp/hard\libc_nano.a(libc_a-findfp.o)
__sseek                                           D:/huanjingbianliang/xpack-arm-none-eabi-gcc-13.2.1-1.1-win32-x64/xpack-arm-none-eabi-gcc-13.2.1-1.1/bin/../lib/gcc/arm-none-eabi/13.2.1/../../../../arm-none-eabi/lib/thumb/v7e-m+fp/hard\libc_nano.a(libc_a-stdio.o)
                                                  D:/huanjingbianliang/xpack-arm-none-eabi-gcc-13.2.1-1.1-win32-x64/xpack-arm-none-eabi-gcc-13.2.1-1.1/bin/../lib/gcc/arm-none-eabi/13.2.1/../../../../arm-none-eabi/lib/thumb/v7e-m+fp/hard\libc_nano.a(libc_a-findfp.o)
__stack                                           D:/huanjingbianliang/xpack-arm-none-eabi-gcc-13.2.1-1.1-win32-x64/xpack-arm-none-eabi-gcc-13.2.1-1.1/bin/../lib/gcc/arm-none-eabi/13.2.1/../../../../arm-none-eabi/lib/thumb/v7e-m+fp/hard/crt0.o
__stdio_exit_handler                              D:/huanjingbianliang/xpack-arm-none-eabi-gcc-13.2.1-1.1-win32-x64/xpack-arm-none-eabi-gcc-13.2.1-1.1/bin/../lib/gcc/arm-none-eabi/13.2.1/../../../../arm-none-eabi/lib/thumb/v7e-m+fp/hard\libc_nano.a(libc_a-findfp.o)
                                                  D:/huanjingbianliang/xpack-arm-none-eabi-gcc-13.2.1-1.1-win32-x64/xpack-arm-none-eabi-gcc-13.2.1-1.1/bin/../lib/gcc/arm-none-eabi/13.2.1/../../../../arm-none-eabi/lib/thumb/v7e-m+fp/hard\libc_nano.a(libc_a-exit.o)
__swrite                                          D:/huanjingbianliang/xpack-arm-none-eabi-gcc-13.2.1-1.1-win32-x64/xpack-arm-none-eabi-gcc-13.2.1-1.1/bin/../lib/gcc/arm-none-eabi/13.2.1/../../../../arm-none-eabi/lib/thumb/v7e-m+fp/hard\libc_nano.a(libc_a-stdio.o)
                                                  D:/huanjingbianliang/xpack-arm-none-eabi-gcc-13.2.1-1.1-win32-x64/xpack-arm-none-eabi-gcc-13.2.1-1.1/bin/../lib/gcc/arm-none-eabi/13.2.1/../../../../arm-none-eabi/lib/thumb/v7e-m+fp/hard\libc_nano.a(libc_a-findfp.o)
_close                                            D:/huanjingbianliang/xpack-arm-none-eabi-gcc-13.2.1-1.1-win32-x64/xpack-arm-none-eabi-gcc-13.2.1-1.1/bin/../lib/gcc/arm-none-eabi/13.2.1/../../../../arm-none-eabi/lib/thumb/v7e-m+fp/hard\libnosys.a(close.o)
                                                  D:/huanjingbianliang/xpack-arm-none-eabi-gcc-13.2.1-1.1-win32-x64/xpack-arm-none-eabi-gcc-13.2.1-1.1/bin/../lib/gcc/arm-none-eabi/13.2.1/../../../../arm-none-eabi/lib/thumb/v7e-m+fp/hard\libc_nano.a(libc_a-closer.o)
_close_r                                          D:/huanjingbianliang/xpack-arm-none-eabi-gcc-13.2.1-1.1-win32-x64/xpack-arm-none-eabi-gcc-13.2.1-1.1/bin/../lib/gcc/arm-none-eabi/13.2.1/../../../../arm-none-eabi/lib/thumb/v7e-m+fp/hard\libc_nano.a(libc_a-closer.o)
                                                  D:/huanjingbianliang/xpack-arm-none-eabi-gcc-13.2.1-1.1-win32-x64/xpack-arm-none-eabi-gcc-13.2.1-1.1/bin/../lib/gcc/arm-none-eabi/13.2.1/../../../../arm-none-eabi/lib/thumb/v7e-m+fp/hard\libc_nano.a(libc_a-stdio.o)
_ebss                                             Build/startup_stm32f429xx.o
_edata                                            Build/startup_stm32f429xx.o
_estack                                           Build/startup_stm32f429xx.o
_exit                                             D:/huanjingbianliang/xpack-arm-none-eabi-gcc-13.2.1-1.1-win32-x64/xpack-arm-none-eabi-gcc-13.2.1-1.1/bin/../lib/gcc/arm-none-eabi/13.2.1/../../../../arm-none-eabi/lib/thumb/v7e-m+fp/hard\libnosys.a(_exit.o)
                                                  D:/huanjingbianliang/xpack-arm-none-eabi-gcc-13.2.1-1.1-win32-x64/xpack-arm-none-eabi-gcc-13.2.1-1.1/bin/../lib/gcc/arm-none-eabi/13.2.1/../../../../arm-none-eabi/lib/thumb/v7e-m+fp/hard\libc_nano.a(libc_a-exit.o)
_fflush_r                                         D:/huanjingbianliang/xpack-arm-none-eabi-gcc-13.2.1-1.1-win32-x64/xpack-arm-none-eabi-gcc-13.2.1-1.1/bin/../lib/gcc/arm-none-eabi/13.2.1/../../../../arm-none-eabi/lib/thumb/v7e-m+fp/hard\libc_nano.a(libc_a-fflush.o)
                                                  D:/huanjingbianliang/xpack-arm-none-eabi-gcc-13.2.1-1.1-win32-x64/xpack-arm-none-eabi-gcc-13.2.1-1.1/bin/../lib/gcc/arm-none-eabi/13.2.1/../../../../arm-none-eabi/lib/thumb/v7e-m+fp/hard\libc_nano.a(libc_a-findfp.o)
_fini                                             D:/huanjingbianliang/xpack-arm-none-eabi-gcc-13.2.1-1.1-win32-x64/xpack-arm-none-eabi-gcc-13.2.1-1.1/bin/../lib/gcc/arm-none-eabi/13.2.1/thumb/v7e-m+fp/hard/crti.o
                                                  D:/huanjingbianliang/xpack-arm-none-eabi-gcc-13.2.1-1.1-win32-x64/xpack-arm-none-eabi-gcc-13.2.1-1.1/bin/../lib/gcc/arm-none-eabi/13.2.1/../../../../arm-none-eabi/lib/thumb/v7e-m+fp/hard\libc_nano.a(libc_a-fini.o)
_free_r                                           D:/huanjingbianliang/xpack-arm-none-eabi-gcc-13.2.1-1.1-win32-x64/xpack-arm-none-eabi-gcc-13.2.1-1.1/bin/../lib/gcc/arm-none-eabi/13.2.1/../../../../arm-none-eabi/lib/thumb/v7e-m+fp/hard\libc_nano.a(libc_a-freer.o)
                                                  D:/huanjingbianliang/xpack-arm-none-eabi-gcc-13.2.1-1.1-win32-x64/xpack-arm-none-eabi-gcc-13.2.1-1.1/bin/../lib/gcc/arm-none-eabi/13.2.1/../../../../arm-none-eabi/lib/thumb/v7e-m+fp/hard\libc_nano.a(libc_a-fflush.o)
                                                  D:/huanjingbianliang/xpack-arm-none-eabi-gcc-13.2.1-1.1-win32-x64/xpack-arm-none-eabi-gcc-13.2.1-1.1/bin/../lib/gcc/arm-none-eabi/13.2.1/../../../../arm-none-eabi/lib/thumb/v7e-m+fp/hard\libc_nano.a(libc_a-reent.o)
_fwalk_sglue                                      D:/huanjingbianliang/xpack-arm-none-eabi-gcc-13.2.1-1.1-win32-x64/xpack-arm-none-eabi-gcc-13.2.1-1.1/bin/../lib/gcc/arm-none-eabi/13.2.1/../../../../arm-none-eabi/lib/thumb/v7e-m+fp/hard\libc_nano.a(libc_a-fwalk.o)
                                                  D:/huanjingbianliang/xpack-arm-none-eabi-gcc-13.2.1-1.1-win32-x64/xpack-arm-none-eabi-gcc-13.2.1-1.1/bin/../lib/gcc/arm-none-eabi/13.2.1/../../../../arm-none-eabi/lib/thumb/v7e-m+fp/hard\libc_nano.a(libc_a-fflush.o)
                                                  D:/huanjingbianliang/xpack-arm-none-eabi-gcc-13.2.1-1.1-win32-x64/xpack-arm-none-eabi-gcc-13.2.1-1.1/bin/../lib/gcc/arm-none-eabi/13.2.1/../../../../arm-none-eabi/lib/thumb/v7e-m+fp/hard\libc_nano.a(libc_a-findfp.o)
_impure_data                                      D:/huanjingbianliang/xpack-arm-none-eabi-gcc-13.2.1-1.1-win32-x64/xpack-arm-none-eabi-gcc-13.2.1-1.1/bin/../lib/gcc/arm-none-eabi/13.2.1/../../../../arm-none-eabi/lib/thumb/v7e-m+fp/hard\libc_nano.a(libc_a-impure.o)
                                                  D:/huanjingbianliang/xpack-arm-none-eabi-gcc-13.2.1-1.1-win32-x64/xpack-arm-none-eabi-gcc-13.2.1-1.1/bin/../lib/gcc/arm-none-eabi/13.2.1/../../../../arm-none-eabi/lib/thumb/v7e-m+fp/hard\libc_nano.a(libc_a-fflush.o)
                                                  D:/huanjingbianliang/xpack-arm-none-eabi-gcc-13.2.1-1.1-win32-x64/xpack-arm-none-eabi-gcc-13.2.1-1.1/bin/../lib/gcc/arm-none-eabi/13.2.1/../../../../arm-none-eabi/lib/thumb/v7e-m+fp/hard\libc_nano.a(libc_a-findfp.o)
_impure_ptr                                       D:/huanjingbianliang/xpack-arm-none-eabi-gcc-13.2.1-1.1-win32-x64/xpack-arm-none-eabi-gcc-13.2.1-1.1/bin/../lib/gcc/arm-none-eabi/13.2.1/../../../../arm-none-eabi/lib/thumb/v7e-m+fp/hard\libc_nano.a(libc_a-impure.o)
                                                  D:/huanjingbianliang/xpack-arm-none-eabi-gcc-13.2.1-1.1-win32-x64/xpack-arm-none-eabi-gcc-13.2.1-1.1/bin/../lib/gcc/arm-none-eabi/13.2.1/../../../../arm-none-eabi/lib/thumb/v7e-m+fp/hard\libc_nano.a(libc_a-fflush.o)
                                                  D:/huanjingbianliang/xpack-arm-none-eabi-gcc-13.2.1-1.1-win32-x64/xpack-arm-none-eabi-gcc-13.2.1-1.1/bin/../lib/gcc/arm-none-eabi/13.2.1/../../../../arm-none-eabi/lib/thumb/v7e-m+fp/hard\libc_nano.a(libc_a-reent.o)
_init                                             D:/huanjingbianliang/xpack-arm-none-eabi-gcc-13.2.1-1.1-win32-x64/xpack-arm-none-eabi-gcc-13.2.1-1.1/bin/../lib/gcc/arm-none-eabi/13.2.1/thumb/v7e-m+fp/hard/crti.o
                                                  D:/huanjingbianliang/xpack-arm-none-eabi-gcc-13.2.1-1.1-win32-x64/xpack-arm-none-eabi-gcc-13.2.1-1.1/bin/../lib/gcc/arm-none-eabi/13.2.1/../../../../arm-none-eabi/lib/thumb/v7e-m+fp/hard\libc_nano.a(libc_a-init.o)
_lseek                                            D:/huanjingbianliang/xpack-arm-none-eabi-gcc-13.2.1-1.1-win32-x64/xpack-arm-none-eabi-gcc-13.2.1-1.1/bin/../lib/gcc/arm-none-eabi/13.2.1/../../../../arm-none-eabi/lib/thumb/v7e-m+fp/hard\libnosys.a(lseek.o)
                                                  D:/huanjingbianliang/xpack-arm-none-eabi-gcc-13.2.1-1.1-win32-x64/xpack-arm-none-eabi-gcc-13.2.1-1.1/bin/../lib/gcc/arm-none-eabi/13.2.1/../../../../arm-none-eabi/lib/thumb/v7e-m+fp/hard\libc_nano.a(libc_a-lseekr.o)
_lseek_r                                          D:/huanjingbianliang/xpack-arm-none-eabi-gcc-13.2.1-1.1-win32-x64/xpack-arm-none-eabi-gcc-13.2.1-1.1/bin/../lib/gcc/arm-none-eabi/13.2.1/../../../../arm-none-eabi/lib/thumb/v7e-m+fp/hard\libc_nano.a(libc_a-lseekr.o)
                                                  D:/huanjingbianliang/xpack-arm-none-eabi-gcc-13.2.1-1.1-win32-x64/xpack-arm-none-eabi-gcc-13.2.1-1.1/bin/../lib/gcc/arm-none-eabi/13.2.1/../../../../arm-none-eabi/lib/thumb/v7e-m+fp/hard\libc_nano.a(libc_a-stdio.o)
_mainCRTStartup                                   D:/huanjingbianliang/xpack-arm-none-eabi-gcc-13.2.1-1.1-win32-x64/xpack-arm-none-eabi-gcc-13.2.1-1.1/bin/../lib/gcc/arm-none-eabi/13.2.1/../../../../arm-none-eabi/lib/thumb/v7e-m+fp/hard/crt0.o
_malloc_r                                         D:/huanjingbianliang/xpack-arm-none-eabi-gcc-13.2.1-1.1-win32-x64/xpack-arm-none-eabi-gcc-13.2.1-1.1/bin/../lib/gcc/arm-none-eabi/13.2.1/../../../../arm-none-eabi/lib/thumb/v7e-m+fp/hard\libc_nano.a(libc_a-mallocr.o)
                                                  D:/huanjingbianliang/xpack-arm-none-eabi-gcc-13.2.1-1.1-win32-x64/xpack-arm-none-eabi-gcc-13.2.1-1.1/bin/../lib/gcc/arm-none-eabi/13.2.1/../../../../arm-none-eabi/lib/thumb/v7e-m+fp/hard\libc_nano.a(libc_a-findfp.o)
_read                                             D:/huanjingbianliang/xpack-arm-none-eabi-gcc-13.2.1-1.1-win32-x64/xpack-arm-none-eabi-gcc-13.2.1-1.1/bin/../lib/gcc/arm-none-eabi/13.2.1/../../../../arm-none-eabi/lib/thumb/v7e-m+fp/hard\libnosys.a(read.o)
                                                  D:/huanjingbianliang/xpack-arm-none-eabi-gcc-13.2.1-1.1-win32-x64/xpack-arm-none-eabi-gcc-13.2.1-1.1/bin/../lib/gcc/arm-none-eabi/13.2.1/../../../../arm-none-eabi/lib/thumb/v7e-m+fp/hard\libc_nano.a(libc_a-readr.o)
_read_r                                           D:/huanjingbianliang/xpack-arm-none-eabi-gcc-13.2.1-1.1-win32-x64/xpack-arm-none-eabi-gcc-13.2.1-1.1/bin/../lib/gcc/arm-none-eabi/13.2.1/../../../../arm-none-eabi/lib/thumb/v7e-m+fp/hard\libc_nano.a(libc_a-readr.o)
                                                  D:/huanjingbianliang/xpack-arm-none-eabi-gcc-13.2.1-1.1-win32-x64/xpack-arm-none-eabi-gcc-13.2.1-1.1/bin/../lib/gcc/arm-none-eabi/13.2.1/../../../../arm-none-eabi/lib/thumb/v7e-m+fp/hard\libc_nano.a(libc_a-stdio.o)
_reclaim_reent                                    D:/huanjingbianliang/xpack-arm-none-eabi-gcc-13.2.1-1.1-win32-x64/xpack-arm-none-eabi-gcc-13.2.1-1.1/bin/../lib/gcc/arm-none-eabi/13.2.1/../../../../arm-none-eabi/lib/thumb/v7e-m+fp/hard\libc_nano.a(libc_a-reent.o)
_sbrk                                             D:/huanjingbianliang/xpack-arm-none-eabi-gcc-13.2.1-1.1-win32-x64/xpack-arm-none-eabi-gcc-13.2.1-1.1/bin/../lib/gcc/arm-none-eabi/13.2.1/../../../../arm-none-eabi/lib/thumb/v7e-m+fp/hard\libnosys.a(sbrk.o)
                                                  D:/huanjingbianliang/xpack-arm-none-eabi-gcc-13.2.1-1.1-win32-x64/xpack-arm-none-eabi-gcc-13.2.1-1.1/bin/../lib/gcc/arm-none-eabi/13.2.1/../../../../arm-none-eabi/lib/thumb/v7e-m+fp/hard\libc_nano.a(libc_a-sbrkr.o)
_sbrk_r                                           D:/huanjingbianliang/xpack-arm-none-eabi-gcc-13.2.1-1.1-win32-x64/xpack-arm-none-eabi-gcc-13.2.1-1.1/bin/../lib/gcc/arm-none-eabi/13.2.1/../../../../arm-none-eabi/lib/thumb/v7e-m+fp/hard\libc_nano.a(libc_a-sbrkr.o)
                                                  D:/huanjingbianliang/xpack-arm-none-eabi-gcc-13.2.1-1.1-win32-x64/xpack-arm-none-eabi-gcc-13.2.1-1.1/bin/../lib/gcc/arm-none-eabi/13.2.1/../../../../arm-none-eabi/lib/thumb/v7e-m+fp/hard\libc_nano.a(libc_a-mallocr.o)
_sbss                                             Build/startup_stm32f429xx.o
_sdata                                            Build/startup_stm32f429xx.o
_sidata                                           Build/startup_stm32f429xx.o
_stack_init                                       D:/huanjingbianliang/xpack-arm-none-eabi-gcc-13.2.1-1.1-win32-x64/xpack-arm-none-eabi-gcc-13.2.1-1.1/bin/../lib/gcc/arm-none-eabi/13.2.1/../../../../arm-none-eabi/lib/thumb/v7e-m+fp/hard/crt0.o
_start                                            D:/huanjingbianliang/xpack-arm-none-eabi-gcc-13.2.1-1.1-win32-x64/xpack-arm-none-eabi-gcc-13.2.1-1.1/bin/../lib/gcc/arm-none-eabi/13.2.1/../../../../arm-none-eabi/lib/thumb/v7e-m+fp/hard/crt0.o
_write                                            D:/huanjingbianliang/xpack-arm-none-eabi-gcc-13.2.1-1.1-win32-x64/xpack-arm-none-eabi-gcc-13.2.1-1.1/bin/../lib/gcc/arm-none-eabi/13.2.1/../../../../arm-none-eabi/lib/thumb/v7e-m+fp/hard\libnosys.a(write.o)
                                                  D:/huanjingbianliang/xpack-arm-none-eabi-gcc-13.2.1-1.1-win32-x64/xpack-arm-none-eabi-gcc-13.2.1-1.1/bin/../lib/gcc/arm-none-eabi/13.2.1/../../../../arm-none-eabi/lib/thumb/v7e-m+fp/hard\libc_nano.a(libc_a-writer.o)
_write_r                                          D:/huanjingbianliang/xpack-arm-none-eabi-gcc-13.2.1-1.1-win32-x64/xpack-arm-none-eabi-gcc-13.2.1-1.1/bin/../lib/gcc/arm-none-eabi/13.2.1/../../../../arm-none-eabi/lib/thumb/v7e-m+fp/hard\libc_nano.a(libc_a-writer.o)
                                                  D:/huanjingbianliang/xpack-arm-none-eabi-gcc-13.2.1-1.1-win32-x64/xpack-arm-none-eabi-gcc-13.2.1-1.1/bin/../lib/gcc/arm-none-eabi/13.2.1/../../../../arm-none-eabi/lib/thumb/v7e-m+fp/hard\libc_nano.a(libc_a-stdio.o)
atexit                                            D:/huanjingbianliang/xpack-arm-none-eabi-gcc-13.2.1-1.1-win32-x64/xpack-arm-none-eabi-gcc-13.2.1-1.1/bin/../lib/gcc/arm-none-eabi/13.2.1/../../../../arm-none-eabi/lib/thumb/v7e-m+fp/hard\libc_nano.a(libc_a-atexit.o)
                                                  D:/huanjingbianliang/xpack-arm-none-eabi-gcc-13.2.1-1.1-win32-x64/xpack-arm-none-eabi-gcc-13.2.1-1.1/bin/../lib/gcc/arm-none-eabi/13.2.1/../../../../arm-none-eabi/lib/thumb/v7e-m+fp/hard/crt0.o
delay                                             Build/main.o
end                                               D:/huanjingbianliang/xpack-arm-none-eabi-gcc-13.2.1-1.1-win32-x64/xpack-arm-none-eabi-gcc-13.2.1-1.1/bin/../lib/gcc/arm-none-eabi/13.2.1/../../../../arm-none-eabi/lib/thumb/v7e-m+fp/hard\libnosys.a(sbrk.o)
errno                                             D:/huanjingbianliang/xpack-arm-none-eabi-gcc-13.2.1-1.1-win32-x64/xpack-arm-none-eabi-gcc-13.2.1-1.1/bin/../lib/gcc/arm-none-eabi/13.2.1/../../../../arm-none-eabi/lib/thumb/v7e-m+fp/hard\libc_nano.a(libc_a-reent.o)
                                                  D:/huanjingbianliang/xpack-arm-none-eabi-gcc-13.2.1-1.1-win32-x64/xpack-arm-none-eabi-gcc-13.2.1-1.1/bin/../lib/gcc/arm-none-eabi/13.2.1/../../../../arm-none-eabi/lib/thumb/v7e-m+fp/hard\libnosys.a(write.o)
                                                  D:/huanjingbianliang/xpack-arm-none-eabi-gcc-13.2.1-1.1-win32-x64/xpack-arm-none-eabi-gcc-13.2.1-1.1/bin/../lib/gcc/arm-none-eabi/13.2.1/../../../../arm-none-eabi/lib/thumb/v7e-m+fp/hard\libnosys.a(read.o)
                                                  D:/huanjingbianliang/xpack-arm-none-eabi-gcc-13.2.1-1.1-win32-x64/xpack-arm-none-eabi-gcc-13.2.1-1.1/bin/../lib/gcc/arm-none-eabi/13.2.1/../../../../arm-none-eabi/lib/thumb/v7e-m+fp/hard\libnosys.a(lseek.o)
                                                  D:/huanjingbianliang/xpack-arm-none-eabi-gcc-13.2.1-1.1-win32-x64/xpack-arm-none-eabi-gcc-13.2.1-1.1/bin/../lib/gcc/arm-none-eabi/13.2.1/../../../../arm-none-eabi/lib/thumb/v7e-m+fp/hard\libnosys.a(close.o)
                                                  D:/huanjingbianliang/xpack-arm-none-eabi-gcc-13.2.1-1.1-win32-x64/xpack-arm-none-eabi-gcc-13.2.1-1.1/bin/../lib/gcc/arm-none-eabi/13.2.1/../../../../arm-none-eabi/lib/thumb/v7e-m+fp/hard\libc_nano.a(libc_a-sbrkr.o)
                                                  D:/huanjingbianliang/xpack-arm-none-eabi-gcc-13.2.1-1.1-win32-x64/xpack-arm-none-eabi-gcc-13.2.1-1.1/bin/../lib/gcc/arm-none-eabi/13.2.1/../../../../arm-none-eabi/lib/thumb/v7e-m+fp/hard\libc_nano.a(libc_a-writer.o)
                                                  D:/huanjingbianliang/xpack-arm-none-eabi-gcc-13.2.1-1.1-win32-x64/xpack-arm-none-eabi-gcc-13.2.1-1.1/bin/../lib/gcc/arm-none-eabi/13.2.1/../../../../arm-none-eabi/lib/thumb/v7e-m+fp/hard\libc_nano.a(libc_a-readr.o)
                                                  D:/huanjingbianliang/xpack-arm-none-eabi-gcc-13.2.1-1.1-win32-x64/xpack-arm-none-eabi-gcc-13.2.1-1.1/bin/../lib/gcc/arm-none-eabi/13.2.1/../../../../arm-none-eabi/lib/thumb/v7e-m+fp/hard\libc_nano.a(libc_a-lseekr.o)
                                                  D:/huanjingbianliang/xpack-arm-none-eabi-gcc-13.2.1-1.1-win32-x64/xpack-arm-none-eabi-gcc-13.2.1-1.1/bin/../lib/gcc/arm-none-eabi/13.2.1/../../../../arm-none-eabi/lib/thumb/v7e-m+fp/hard\libc_nano.a(libc_a-closer.o)
exit                                              D:/huanjingbianliang/xpack-arm-none-eabi-gcc-13.2.1-1.1-win32-x64/xpack-arm-none-eabi-gcc-13.2.1-1.1/bin/../lib/gcc/arm-none-eabi/13.2.1/../../../../arm-none-eabi/lib/thumb/v7e-m+fp/hard\libc_nano.a(libc_a-exit.o)
                                                  D:/huanjingbianliang/xpack-arm-none-eabi-gcc-13.2.1-1.1-win32-x64/xpack-arm-none-eabi-gcc-13.2.1-1.1/bin/../lib/gcc/arm-none-eabi/13.2.1/../../../../arm-none-eabi/lib/thumb/v7e-m+fp/hard/crt0.o
fflush                                            D:/huanjingbianliang/xpack-arm-none-eabi-gcc-13.2.1-1.1-win32-x64/xpack-arm-none-eabi-gcc-13.2.1-1.1/bin/../lib/gcc/arm-none-eabi/13.2.1/../../../../arm-none-eabi/lib/thumb/v7e-m+fp/hard\libc_nano.a(libc_a-fflush.o)
flag1                                             Build/main.o
flag2                                             Build/main.o
flag3                                             Build/main.o
g_pfnVectors                                      Build/startup_stm32f429xx.o
hardware_init_hook                                D:/huanjingbianliang/xpack-arm-none-eabi-gcc-13.2.1-1.1-win32-x64/xpack-arm-none-eabi-gcc-13.2.1-1.1/bin/../lib/gcc/arm-none-eabi/13.2.1/../../../../arm-none-eabi/lib/thumb/v7e-m+fp/hard/crt0.o
main                                              Build/main.o
                                                  Build/startup_stm32f429xx.o
                                                  D:/huanjingbianliang/xpack-arm-none-eabi-gcc-13.2.1-1.1-win32-x64/xpack-arm-none-eabi-gcc-13.2.1-1.1/bin/../lib/gcc/arm-none-eabi/13.2.1/../../../../arm-none-eabi/lib/thumb/v7e-m+fp/hard/crt0.o
malloc                                            D:/huanjingbianliang/xpack-arm-none-eabi-gcc-13.2.1-1.1-win32-x64/xpack-arm-none-eabi-gcc-13.2.1-1.1/bin/../lib/gcc/arm-none-eabi/13.2.1/../../../../arm-none-eabi/lib/thumb/v7e-m+fp/hard\libc_nano.a(libc_a-__atexit.o)
memset                                            D:/huanjingbianliang/xpack-arm-none-eabi-gcc-13.2.1-1.1-win32-x64/xpack-arm-none-eabi-gcc-13.2.1-1.1/bin/../lib/gcc/arm-none-eabi/13.2.1/../../../../arm-none-eabi/lib/thumb/v7e-m+fp/hard\libc_nano.a(libc_a-memset.o)
                                                  D:/huanjingbianliang/xpack-arm-none-eabi-gcc-13.2.1-1.1-win32-x64/xpack-arm-none-eabi-gcc-13.2.1-1.1/bin/../lib/gcc/arm-none-eabi/13.2.1/../../../../arm-none-eabi/lib/thumb/v7e-m+fp/hard\libc_nano.a(libc_a-findfp.o)
                                                  D:/huanjingbianliang/xpack-arm-none-eabi-gcc-13.2.1-1.1-win32-x64/xpack-arm-none-eabi-gcc-13.2.1-1.1/bin/../lib/gcc/arm-none-eabi/13.2.1/../../../../arm-none-eabi/lib/thumb/v7e-m+fp/hard/crt0.o
software_init_hook                                D:/huanjingbianliang/xpack-arm-none-eabi-gcc-13.2.1-1.1-win32-x64/xpack-arm-none-eabi-gcc-13.2.1-1.1/bin/../lib/gcc/arm-none-eabi/13.2.1/../../../../arm-none-eabi/lib/thumb/v7e-m+fp/hard/crt0.o
