Archive member included to satisfy reference by file (symbol)

D:/cccccccc/SysGCC/bin/../lib/gcc/arm-none-eabi/13.3.1/thumb/v7e-m+fp/hard\libc_nano.a(libc_a-exit.o)
                              D:/cccccccc/SysGCC/bin/../lib/gcc/arm-none-eabi/13.3.1/thumb/v7e-m+fp/hard/crt0.o (exit)
D:/cccccccc/SysGCC/bin/../lib/gcc/arm-none-eabi/13.3.1/thumb/v7e-m+fp/hard\libc_nano.a(libc_a-findfp.o)
                              D:/cccccccc/SysGCC/bin/../lib/gcc/arm-none-eabi/13.3.1/thumb/v7e-m+fp/hard\libc_nano.a(libc_a-exit.o) (__stdio_exit_handler)
D:/cccccccc/SysGCC/bin/../lib/gcc/arm-none-eabi/13.3.1/thumb/v7e-m+fp/hard\libc_nano.a(libc_a-fwalk.o)
                              D:/cccccccc/SysGCC/bin/../lib/gcc/arm-none-eabi/13.3.1/thumb/v7e-m+fp/hard\libc_nano.a(libc_a-findfp.o) (_fwalk_sglue)
D:/cccccccc/SysGCC/bin/../lib/gcc/arm-none-eabi/13.3.1/thumb/v7e-m+fp/hard\libc_nano.a(libc_a-stdio.o)
                              D:/cccccccc/SysGCC/bin/../lib/gcc/arm-none-eabi/13.3.1/thumb/v7e-m+fp/hard\libc_nano.a(libc_a-findfp.o) (__sread)
D:/cccccccc/SysGCC/bin/../lib/gcc/arm-none-eabi/13.3.1/thumb/v7e-m+fp/hard\libc_nano.a(libc_a-memset.o)
                              D:/cccccccc/SysGCC/bin/../lib/gcc/arm-none-eabi/13.3.1/thumb/v7e-m+fp/hard/crt0.o (memset)
D:/cccccccc/SysGCC/bin/../lib/gcc/arm-none-eabi/13.3.1/thumb/v7e-m+fp/hard\libc_nano.a(libc_a-closer.o)
                              D:/cccccccc/SysGCC/bin/../lib/gcc/arm-none-eabi/13.3.1/thumb/v7e-m+fp/hard\libc_nano.a(libc_a-stdio.o) (_close_r)
D:/cccccccc/SysGCC/bin/../lib/gcc/arm-none-eabi/13.3.1/thumb/v7e-m+fp/hard\libc_nano.a(libc_a-reent.o)
                              D:/cccccccc/SysGCC/bin/../lib/gcc/arm-none-eabi/13.3.1/thumb/v7e-m+fp/hard\libc_nano.a(libc_a-closer.o) (errno)
D:/cccccccc/SysGCC/bin/../lib/gcc/arm-none-eabi/13.3.1/thumb/v7e-m+fp/hard\libc_nano.a(libc_a-impure.o)
                              D:/cccccccc/SysGCC/bin/../lib/gcc/arm-none-eabi/13.3.1/thumb/v7e-m+fp/hard\libc_nano.a(libc_a-reent.o) (_impure_ptr)
D:/cccccccc/SysGCC/bin/../lib/gcc/arm-none-eabi/13.3.1/thumb/v7e-m+fp/hard\libc_nano.a(libc_a-lseekr.o)
                              D:/cccccccc/SysGCC/bin/../lib/gcc/arm-none-eabi/13.3.1/thumb/v7e-m+fp/hard\libc_nano.a(libc_a-stdio.o) (_lseek_r)
D:/cccccccc/SysGCC/bin/../lib/gcc/arm-none-eabi/13.3.1/thumb/v7e-m+fp/hard\libc_nano.a(libc_a-readr.o)
                              D:/cccccccc/SysGCC/bin/../lib/gcc/arm-none-eabi/13.3.1/thumb/v7e-m+fp/hard\libc_nano.a(libc_a-stdio.o) (_read_r)
D:/cccccccc/SysGCC/bin/../lib/gcc/arm-none-eabi/13.3.1/thumb/v7e-m+fp/hard\libc_nano.a(libc_a-writer.o)
                              D:/cccccccc/SysGCC/bin/../lib/gcc/arm-none-eabi/13.3.1/thumb/v7e-m+fp/hard\libc_nano.a(libc_a-stdio.o) (_write_r)
D:/cccccccc/SysGCC/bin/../lib/gcc/arm-none-eabi/13.3.1/thumb/v7e-m+fp/hard\libc_nano.a(libc_a-init.o)
                              D:/cccccccc/SysGCC/bin/../lib/gcc/arm-none-eabi/13.3.1/thumb/v7e-m+fp/hard/crt0.o (__libc_init_array)
D:/cccccccc/SysGCC/bin/../lib/gcc/arm-none-eabi/13.3.1/thumb/v7e-m+fp/hard\libc_nano.a(libc_a-lock.o)
                              D:/cccccccc/SysGCC/bin/../lib/gcc/arm-none-eabi/13.3.1/thumb/v7e-m+fp/hard\libc_nano.a(libc_a-findfp.o) (__retarget_lock_init_recursive)
D:/cccccccc/SysGCC/bin/../lib/gcc/arm-none-eabi/13.3.1/thumb/v7e-m+fp/hard\libc_nano.a(libc_a-freer.o)
                              D:/cccccccc/SysGCC/bin/../lib/gcc/arm-none-eabi/13.3.1/thumb/v7e-m+fp/hard\libc_nano.a(libc_a-reent.o) (_free_r)
D:/cccccccc/SysGCC/bin/../lib/gcc/arm-none-eabi/13.3.1/thumb/v7e-m+fp/hard\libc_nano.a(libc_a-mallocr.o)
                              D:/cccccccc/SysGCC/bin/../lib/gcc/arm-none-eabi/13.3.1/thumb/v7e-m+fp/hard\libc_nano.a(libc_a-findfp.o) (_malloc_r)
D:/cccccccc/SysGCC/bin/../lib/gcc/arm-none-eabi/13.3.1/thumb/v7e-m+fp/hard\libc_nano.a(libc_a-mlock.o)
                              D:/cccccccc/SysGCC/bin/../lib/gcc/arm-none-eabi/13.3.1/thumb/v7e-m+fp/hard\libc_nano.a(libc_a-freer.o) (__malloc_lock)
D:/cccccccc/SysGCC/bin/../lib/gcc/arm-none-eabi/13.3.1/thumb/v7e-m+fp/hard\libc_nano.a(libc_a-fflush.o)
                              D:/cccccccc/SysGCC/bin/../lib/gcc/arm-none-eabi/13.3.1/thumb/v7e-m+fp/hard\libc_nano.a(libc_a-findfp.o) (_fflush_r)
D:/cccccccc/SysGCC/bin/../lib/gcc/arm-none-eabi/13.3.1/thumb/v7e-m+fp/hard\libc_nano.a(libc_a-sbrkr.o)
                              D:/cccccccc/SysGCC/bin/../lib/gcc/arm-none-eabi/13.3.1/thumb/v7e-m+fp/hard\libc_nano.a(libc_a-mallocr.o) (_sbrk_r)
D:/cccccccc/SysGCC/bin/../lib/gcc/arm-none-eabi/13.3.1/thumb/v7e-m+fp/hard\libnosys.a(close.o)
                              D:/cccccccc/SysGCC/bin/../lib/gcc/arm-none-eabi/13.3.1/thumb/v7e-m+fp/hard\libc_nano.a(libc_a-closer.o) (_close)
D:/cccccccc/SysGCC/bin/../lib/gcc/arm-none-eabi/13.3.1/thumb/v7e-m+fp/hard\libnosys.a(lseek.o)
                              D:/cccccccc/SysGCC/bin/../lib/gcc/arm-none-eabi/13.3.1/thumb/v7e-m+fp/hard\libc_nano.a(libc_a-lseekr.o) (_lseek)
D:/cccccccc/SysGCC/bin/../lib/gcc/arm-none-eabi/13.3.1/thumb/v7e-m+fp/hard\libnosys.a(read.o)
                              D:/cccccccc/SysGCC/bin/../lib/gcc/arm-none-eabi/13.3.1/thumb/v7e-m+fp/hard\libc_nano.a(libc_a-readr.o) (_read)
D:/cccccccc/SysGCC/bin/../lib/gcc/arm-none-eabi/13.3.1/thumb/v7e-m+fp/hard\libnosys.a(sbrk.o)
                              D:/cccccccc/SysGCC/bin/../lib/gcc/arm-none-eabi/13.3.1/thumb/v7e-m+fp/hard\libc_nano.a(libc_a-sbrkr.o) (_sbrk)
D:/cccccccc/SysGCC/bin/../lib/gcc/arm-none-eabi/13.3.1/thumb/v7e-m+fp/hard\libnosys.a(write.o)
                              D:/cccccccc/SysGCC/bin/../lib/gcc/arm-none-eabi/13.3.1/thumb/v7e-m+fp/hard\libc_nano.a(libc_a-writer.o) (_write)
D:/cccccccc/SysGCC/bin/../lib/gcc/arm-none-eabi/13.3.1/thumb/v7e-m+fp/hard\libnosys.a(_exit.o)
                              D:/cccccccc/SysGCC/bin/../lib/gcc/arm-none-eabi/13.3.1/thumb/v7e-m+fp/hard\libc_nano.a(libc_a-exit.o) (_exit)

Discarded input sections

 .text          0x00000000        0x0 D:/cccccccc/SysGCC/bin/../lib/gcc/arm-none-eabi/13.3.1/thumb/v7e-m+fp/hard/crti.o
 .data          0x00000000        0x0 D:/cccccccc/SysGCC/bin/../lib/gcc/arm-none-eabi/13.3.1/thumb/v7e-m+fp/hard/crti.o
 .bss           0x00000000        0x0 D:/cccccccc/SysGCC/bin/../lib/gcc/arm-none-eabi/13.3.1/thumb/v7e-m+fp/hard/crti.o
 .text          0x00000000        0x0 D:/cccccccc/SysGCC/bin/../lib/gcc/arm-none-eabi/13.3.1/thumb/v7e-m+fp/hard/crtbegin.o
 .data          0x00000000        0x0 D:/cccccccc/SysGCC/bin/../lib/gcc/arm-none-eabi/13.3.1/thumb/v7e-m+fp/hard/crtbegin.o
 .bss           0x00000000        0x0 D:/cccccccc/SysGCC/bin/../lib/gcc/arm-none-eabi/13.3.1/thumb/v7e-m+fp/hard/crtbegin.o
 .rodata.all_implied_fbits
                0x00000000       0x24 D:/cccccccc/SysGCC/bin/../lib/gcc/arm-none-eabi/13.3.1/thumb/v7e-m+fp/hard/crtbegin.o
 .data.__dso_handle
                0x00000000        0x4 D:/cccccccc/SysGCC/bin/../lib/gcc/arm-none-eabi/13.3.1/thumb/v7e-m+fp/hard/crtbegin.o
 .text          0x00000000       0x7c D:/cccccccc/SysGCC/bin/../lib/gcc/arm-none-eabi/13.3.1/thumb/v7e-m+fp/hard/crt0.o
 .data          0x00000000        0x0 D:/cccccccc/SysGCC/bin/../lib/gcc/arm-none-eabi/13.3.1/thumb/v7e-m+fp/hard/crt0.o
 .bss           0x00000000        0x0 D:/cccccccc/SysGCC/bin/../lib/gcc/arm-none-eabi/13.3.1/thumb/v7e-m+fp/hard/crt0.o
 .ARM.extab     0x00000000        0x0 D:/cccccccc/SysGCC/bin/../lib/gcc/arm-none-eabi/13.3.1/thumb/v7e-m+fp/hard/crt0.o
 .ARM.exidx     0x00000000       0x10 D:/cccccccc/SysGCC/bin/../lib/gcc/arm-none-eabi/13.3.1/thumb/v7e-m+fp/hard/crt0.o
 .debug_line_str
                0x00000000       0xd6 D:/cccccccc/SysGCC/bin/../lib/gcc/arm-none-eabi/13.3.1/thumb/v7e-m+fp/hard/crt0.o
 .ARM.attributes
                0x00000000       0x20 D:/cccccccc/SysGCC/bin/../lib/gcc/arm-none-eabi/13.3.1/thumb/v7e-m+fp/hard/crt0.o
 .text          0x00000000        0x0 Build/main.o
 .data          0x00000000        0x0 Build/main.o
 .bss           0x00000000        0x0 Build/main.o
 .text.TurnOnAllLEDs1
                0x00000000       0x14 Build/main.o
 .text          0x00000000       0x14 Build/startup_stm32f429xx.o
 .data          0x00000000        0x0 Build/startup_stm32f429xx.o
 .bss           0x00000000        0x0 Build/startup_stm32f429xx.o
 .text          0x00000000        0x0 D:/cccccccc/SysGCC/bin/../lib/gcc/arm-none-eabi/13.3.1/thumb/v7e-m+fp/hard\libc_nano.a(libc_a-exit.o)
 .data          0x00000000        0x0 D:/cccccccc/SysGCC/bin/../lib/gcc/arm-none-eabi/13.3.1/thumb/v7e-m+fp/hard\libc_nano.a(libc_a-exit.o)
 .bss           0x00000000        0x0 D:/cccccccc/SysGCC/bin/../lib/gcc/arm-none-eabi/13.3.1/thumb/v7e-m+fp/hard\libc_nano.a(libc_a-exit.o)
 .text.exit     0x00000000       0x24 D:/cccccccc/SysGCC/bin/../lib/gcc/arm-none-eabi/13.3.1/thumb/v7e-m+fp/hard\libc_nano.a(libc_a-exit.o)
 .debug_frame   0x00000000       0x28 D:/cccccccc/SysGCC/bin/../lib/gcc/arm-none-eabi/13.3.1/thumb/v7e-m+fp/hard\libc_nano.a(libc_a-exit.o)
 .ARM.attributes
                0x00000000       0x34 D:/cccccccc/SysGCC/bin/../lib/gcc/arm-none-eabi/13.3.1/thumb/v7e-m+fp/hard\libc_nano.a(libc_a-exit.o)
 .text          0x00000000        0x0 D:/cccccccc/SysGCC/bin/../lib/gcc/arm-none-eabi/13.3.1/thumb/v7e-m+fp/hard\libc_nano.a(libc_a-findfp.o)
 .data          0x00000000        0x0 D:/cccccccc/SysGCC/bin/../lib/gcc/arm-none-eabi/13.3.1/thumb/v7e-m+fp/hard\libc_nano.a(libc_a-findfp.o)
 .bss           0x00000000        0x0 D:/cccccccc/SysGCC/bin/../lib/gcc/arm-none-eabi/13.3.1/thumb/v7e-m+fp/hard\libc_nano.a(libc_a-findfp.o)
 .text.std      0x00000000       0x6c D:/cccccccc/SysGCC/bin/../lib/gcc/arm-none-eabi/13.3.1/thumb/v7e-m+fp/hard\libc_nano.a(libc_a-findfp.o)
 .text.stdio_exit_handler
                0x00000000       0x18 D:/cccccccc/SysGCC/bin/../lib/gcc/arm-none-eabi/13.3.1/thumb/v7e-m+fp/hard\libc_nano.a(libc_a-findfp.o)
 .text.cleanup_stdio
                0x00000000       0x40 D:/cccccccc/SysGCC/bin/../lib/gcc/arm-none-eabi/13.3.1/thumb/v7e-m+fp/hard\libc_nano.a(libc_a-findfp.o)
 .text.__fp_lock
                0x00000000       0x18 D:/cccccccc/SysGCC/bin/../lib/gcc/arm-none-eabi/13.3.1/thumb/v7e-m+fp/hard\libc_nano.a(libc_a-findfp.o)
 .text.__fp_unlock
                0x00000000       0x18 D:/cccccccc/SysGCC/bin/../lib/gcc/arm-none-eabi/13.3.1/thumb/v7e-m+fp/hard\libc_nano.a(libc_a-findfp.o)
 .text.global_stdio_init.part.0
                0x00000000       0x3c D:/cccccccc/SysGCC/bin/../lib/gcc/arm-none-eabi/13.3.1/thumb/v7e-m+fp/hard\libc_nano.a(libc_a-findfp.o)
 .text.__sfp_lock_acquire
                0x00000000        0xc D:/cccccccc/SysGCC/bin/../lib/gcc/arm-none-eabi/13.3.1/thumb/v7e-m+fp/hard\libc_nano.a(libc_a-findfp.o)
 .text.__sfp_lock_release
                0x00000000        0xc D:/cccccccc/SysGCC/bin/../lib/gcc/arm-none-eabi/13.3.1/thumb/v7e-m+fp/hard\libc_nano.a(libc_a-findfp.o)
 .text.__sfp    0x00000000       0xa4 D:/cccccccc/SysGCC/bin/../lib/gcc/arm-none-eabi/13.3.1/thumb/v7e-m+fp/hard\libc_nano.a(libc_a-findfp.o)
 .text.__sinit  0x00000000       0x30 D:/cccccccc/SysGCC/bin/../lib/gcc/arm-none-eabi/13.3.1/thumb/v7e-m+fp/hard\libc_nano.a(libc_a-findfp.o)
 .text.__fp_lock_all
                0x00000000       0x1c D:/cccccccc/SysGCC/bin/../lib/gcc/arm-none-eabi/13.3.1/thumb/v7e-m+fp/hard\libc_nano.a(libc_a-findfp.o)
 .text.__fp_unlock_all
                0x00000000       0x1c D:/cccccccc/SysGCC/bin/../lib/gcc/arm-none-eabi/13.3.1/thumb/v7e-m+fp/hard\libc_nano.a(libc_a-findfp.o)
 .data.__sglue  0x00000000        0xc D:/cccccccc/SysGCC/bin/../lib/gcc/arm-none-eabi/13.3.1/thumb/v7e-m+fp/hard\libc_nano.a(libc_a-findfp.o)
 .bss.__sf      0x00000000      0x138 D:/cccccccc/SysGCC/bin/../lib/gcc/arm-none-eabi/13.3.1/thumb/v7e-m+fp/hard\libc_nano.a(libc_a-findfp.o)
 .bss.__stdio_exit_handler
                0x00000000        0x4 D:/cccccccc/SysGCC/bin/../lib/gcc/arm-none-eabi/13.3.1/thumb/v7e-m+fp/hard\libc_nano.a(libc_a-findfp.o)
 .debug_frame   0x00000000      0x144 D:/cccccccc/SysGCC/bin/../lib/gcc/arm-none-eabi/13.3.1/thumb/v7e-m+fp/hard\libc_nano.a(libc_a-findfp.o)
 .ARM.attributes
                0x00000000       0x34 D:/cccccccc/SysGCC/bin/../lib/gcc/arm-none-eabi/13.3.1/thumb/v7e-m+fp/hard\libc_nano.a(libc_a-findfp.o)
 .text          0x00000000        0x0 D:/cccccccc/SysGCC/bin/../lib/gcc/arm-none-eabi/13.3.1/thumb/v7e-m+fp/hard\libc_nano.a(libc_a-fwalk.o)
 .data          0x00000000        0x0 D:/cccccccc/SysGCC/bin/../lib/gcc/arm-none-eabi/13.3.1/thumb/v7e-m+fp/hard\libc_nano.a(libc_a-fwalk.o)
 .bss           0x00000000        0x0 D:/cccccccc/SysGCC/bin/../lib/gcc/arm-none-eabi/13.3.1/thumb/v7e-m+fp/hard\libc_nano.a(libc_a-fwalk.o)
 .text._fwalk_sglue
                0x00000000       0x3c D:/cccccccc/SysGCC/bin/../lib/gcc/arm-none-eabi/13.3.1/thumb/v7e-m+fp/hard\libc_nano.a(libc_a-fwalk.o)
 .debug_frame   0x00000000       0x34 D:/cccccccc/SysGCC/bin/../lib/gcc/arm-none-eabi/13.3.1/thumb/v7e-m+fp/hard\libc_nano.a(libc_a-fwalk.o)
 .ARM.attributes
                0x00000000       0x34 D:/cccccccc/SysGCC/bin/../lib/gcc/arm-none-eabi/13.3.1/thumb/v7e-m+fp/hard\libc_nano.a(libc_a-fwalk.o)
 .text          0x00000000        0x0 D:/cccccccc/SysGCC/bin/../lib/gcc/arm-none-eabi/13.3.1/thumb/v7e-m+fp/hard\libc_nano.a(libc_a-stdio.o)
 .data          0x00000000        0x0 D:/cccccccc/SysGCC/bin/../lib/gcc/arm-none-eabi/13.3.1/thumb/v7e-m+fp/hard\libc_nano.a(libc_a-stdio.o)
 .bss           0x00000000        0x0 D:/cccccccc/SysGCC/bin/../lib/gcc/arm-none-eabi/13.3.1/thumb/v7e-m+fp/hard\libc_nano.a(libc_a-stdio.o)
 .text.__sread  0x00000000       0x22 D:/cccccccc/SysGCC/bin/../lib/gcc/arm-none-eabi/13.3.1/thumb/v7e-m+fp/hard\libc_nano.a(libc_a-stdio.o)
 .text.__seofread
                0x00000000        0x4 D:/cccccccc/SysGCC/bin/../lib/gcc/arm-none-eabi/13.3.1/thumb/v7e-m+fp/hard\libc_nano.a(libc_a-stdio.o)
 .text.__swrite
                0x00000000       0x38 D:/cccccccc/SysGCC/bin/../lib/gcc/arm-none-eabi/13.3.1/thumb/v7e-m+fp/hard\libc_nano.a(libc_a-stdio.o)
 .text.__sseek  0x00000000       0x24 D:/cccccccc/SysGCC/bin/../lib/gcc/arm-none-eabi/13.3.1/thumb/v7e-m+fp/hard\libc_nano.a(libc_a-stdio.o)
 .text.__sclose
                0x00000000        0x8 D:/cccccccc/SysGCC/bin/../lib/gcc/arm-none-eabi/13.3.1/thumb/v7e-m+fp/hard\libc_nano.a(libc_a-stdio.o)
 .debug_frame   0x00000000       0x88 D:/cccccccc/SysGCC/bin/../lib/gcc/arm-none-eabi/13.3.1/thumb/v7e-m+fp/hard\libc_nano.a(libc_a-stdio.o)
 .ARM.attributes
                0x00000000       0x34 D:/cccccccc/SysGCC/bin/../lib/gcc/arm-none-eabi/13.3.1/thumb/v7e-m+fp/hard\libc_nano.a(libc_a-stdio.o)
 .text          0x00000000        0x0 D:/cccccccc/SysGCC/bin/../lib/gcc/arm-none-eabi/13.3.1/thumb/v7e-m+fp/hard\libc_nano.a(libc_a-memset.o)
 .data          0x00000000        0x0 D:/cccccccc/SysGCC/bin/../lib/gcc/arm-none-eabi/13.3.1/thumb/v7e-m+fp/hard\libc_nano.a(libc_a-memset.o)
 .bss           0x00000000        0x0 D:/cccccccc/SysGCC/bin/../lib/gcc/arm-none-eabi/13.3.1/thumb/v7e-m+fp/hard\libc_nano.a(libc_a-memset.o)
 .text.memset   0x00000000       0x10 D:/cccccccc/SysGCC/bin/../lib/gcc/arm-none-eabi/13.3.1/thumb/v7e-m+fp/hard\libc_nano.a(libc_a-memset.o)
 .debug_frame   0x00000000       0x20 D:/cccccccc/SysGCC/bin/../lib/gcc/arm-none-eabi/13.3.1/thumb/v7e-m+fp/hard\libc_nano.a(libc_a-memset.o)
 .ARM.attributes
                0x00000000       0x34 D:/cccccccc/SysGCC/bin/../lib/gcc/arm-none-eabi/13.3.1/thumb/v7e-m+fp/hard\libc_nano.a(libc_a-memset.o)
 .text          0x00000000        0x0 D:/cccccccc/SysGCC/bin/../lib/gcc/arm-none-eabi/13.3.1/thumb/v7e-m+fp/hard\libc_nano.a(libc_a-closer.o)
 .data          0x00000000        0x0 D:/cccccccc/SysGCC/bin/../lib/gcc/arm-none-eabi/13.3.1/thumb/v7e-m+fp/hard\libc_nano.a(libc_a-closer.o)
 .bss           0x00000000        0x0 D:/cccccccc/SysGCC/bin/../lib/gcc/arm-none-eabi/13.3.1/thumb/v7e-m+fp/hard\libc_nano.a(libc_a-closer.o)
 .text._close_r
                0x00000000       0x20 D:/cccccccc/SysGCC/bin/../lib/gcc/arm-none-eabi/13.3.1/thumb/v7e-m+fp/hard\libc_nano.a(libc_a-closer.o)
 .debug_frame   0x00000000       0x2c D:/cccccccc/SysGCC/bin/../lib/gcc/arm-none-eabi/13.3.1/thumb/v7e-m+fp/hard\libc_nano.a(libc_a-closer.o)
 .ARM.attributes
                0x00000000       0x34 D:/cccccccc/SysGCC/bin/../lib/gcc/arm-none-eabi/13.3.1/thumb/v7e-m+fp/hard\libc_nano.a(libc_a-closer.o)
 .text          0x00000000        0x0 D:/cccccccc/SysGCC/bin/../lib/gcc/arm-none-eabi/13.3.1/thumb/v7e-m+fp/hard\libc_nano.a(libc_a-reent.o)
 .data          0x00000000        0x0 D:/cccccccc/SysGCC/bin/../lib/gcc/arm-none-eabi/13.3.1/thumb/v7e-m+fp/hard\libc_nano.a(libc_a-reent.o)
 .bss           0x00000000        0x0 D:/cccccccc/SysGCC/bin/../lib/gcc/arm-none-eabi/13.3.1/thumb/v7e-m+fp/hard\libc_nano.a(libc_a-reent.o)
 .text._reclaim_reent
                0x00000000       0xbc D:/cccccccc/SysGCC/bin/../lib/gcc/arm-none-eabi/13.3.1/thumb/v7e-m+fp/hard\libc_nano.a(libc_a-reent.o)
 .bss.errno     0x00000000        0x4 D:/cccccccc/SysGCC/bin/../lib/gcc/arm-none-eabi/13.3.1/thumb/v7e-m+fp/hard\libc_nano.a(libc_a-reent.o)
 .debug_frame   0x00000000       0x38 D:/cccccccc/SysGCC/bin/../lib/gcc/arm-none-eabi/13.3.1/thumb/v7e-m+fp/hard\libc_nano.a(libc_a-reent.o)
 .ARM.attributes
                0x00000000       0x34 D:/cccccccc/SysGCC/bin/../lib/gcc/arm-none-eabi/13.3.1/thumb/v7e-m+fp/hard\libc_nano.a(libc_a-reent.o)
 .text          0x00000000        0x0 D:/cccccccc/SysGCC/bin/../lib/gcc/arm-none-eabi/13.3.1/thumb/v7e-m+fp/hard\libc_nano.a(libc_a-impure.o)
 .data          0x00000000        0x0 D:/cccccccc/SysGCC/bin/../lib/gcc/arm-none-eabi/13.3.1/thumb/v7e-m+fp/hard\libc_nano.a(libc_a-impure.o)
 .bss           0x00000000        0x0 D:/cccccccc/SysGCC/bin/../lib/gcc/arm-none-eabi/13.3.1/thumb/v7e-m+fp/hard\libc_nano.a(libc_a-impure.o)
 .data._impure_ptr
                0x00000000        0x4 D:/cccccccc/SysGCC/bin/../lib/gcc/arm-none-eabi/13.3.1/thumb/v7e-m+fp/hard\libc_nano.a(libc_a-impure.o)
 .data._impure_data
                0x00000000       0x4c D:/cccccccc/SysGCC/bin/../lib/gcc/arm-none-eabi/13.3.1/thumb/v7e-m+fp/hard\libc_nano.a(libc_a-impure.o)
 .ARM.attributes
                0x00000000       0x34 D:/cccccccc/SysGCC/bin/../lib/gcc/arm-none-eabi/13.3.1/thumb/v7e-m+fp/hard\libc_nano.a(libc_a-impure.o)
 .text          0x00000000        0x0 D:/cccccccc/SysGCC/bin/../lib/gcc/arm-none-eabi/13.3.1/thumb/v7e-m+fp/hard\libc_nano.a(libc_a-lseekr.o)
 .data          0x00000000        0x0 D:/cccccccc/SysGCC/bin/../lib/gcc/arm-none-eabi/13.3.1/thumb/v7e-m+fp/hard\libc_nano.a(libc_a-lseekr.o)
 .bss           0x00000000        0x0 D:/cccccccc/SysGCC/bin/../lib/gcc/arm-none-eabi/13.3.1/thumb/v7e-m+fp/hard\libc_nano.a(libc_a-lseekr.o)
 .text._lseek_r
                0x00000000       0x24 D:/cccccccc/SysGCC/bin/../lib/gcc/arm-none-eabi/13.3.1/thumb/v7e-m+fp/hard\libc_nano.a(libc_a-lseekr.o)
 .debug_frame   0x00000000       0x2c D:/cccccccc/SysGCC/bin/../lib/gcc/arm-none-eabi/13.3.1/thumb/v7e-m+fp/hard\libc_nano.a(libc_a-lseekr.o)
 .ARM.attributes
                0x00000000       0x34 D:/cccccccc/SysGCC/bin/../lib/gcc/arm-none-eabi/13.3.1/thumb/v7e-m+fp/hard\libc_nano.a(libc_a-lseekr.o)
 .text          0x00000000        0x0 D:/cccccccc/SysGCC/bin/../lib/gcc/arm-none-eabi/13.3.1/thumb/v7e-m+fp/hard\libc_nano.a(libc_a-readr.o)
 .data          0x00000000        0x0 D:/cccccccc/SysGCC/bin/../lib/gcc/arm-none-eabi/13.3.1/thumb/v7e-m+fp/hard\libc_nano.a(libc_a-readr.o)
 .bss           0x00000000        0x0 D:/cccccccc/SysGCC/bin/../lib/gcc/arm-none-eabi/13.3.1/thumb/v7e-m+fp/hard\libc_nano.a(libc_a-readr.o)
 .text._read_r  0x00000000       0x24 D:/cccccccc/SysGCC/bin/../lib/gcc/arm-none-eabi/13.3.1/thumb/v7e-m+fp/hard\libc_nano.a(libc_a-readr.o)
 .debug_frame   0x00000000       0x2c D:/cccccccc/SysGCC/bin/../lib/gcc/arm-none-eabi/13.3.1/thumb/v7e-m+fp/hard\libc_nano.a(libc_a-readr.o)
 .ARM.attributes
                0x00000000       0x34 D:/cccccccc/SysGCC/bin/../lib/gcc/arm-none-eabi/13.3.1/thumb/v7e-m+fp/hard\libc_nano.a(libc_a-readr.o)
 .text          0x00000000        0x0 D:/cccccccc/SysGCC/bin/../lib/gcc/arm-none-eabi/13.3.1/thumb/v7e-m+fp/hard\libc_nano.a(libc_a-writer.o)
 .data          0x00000000        0x0 D:/cccccccc/SysGCC/bin/../lib/gcc/arm-none-eabi/13.3.1/thumb/v7e-m+fp/hard\libc_nano.a(libc_a-writer.o)
 .bss           0x00000000        0x0 D:/cccccccc/SysGCC/bin/../lib/gcc/arm-none-eabi/13.3.1/thumb/v7e-m+fp/hard\libc_nano.a(libc_a-writer.o)
 .text._write_r
                0x00000000       0x24 D:/cccccccc/SysGCC/bin/../lib/gcc/arm-none-eabi/13.3.1/thumb/v7e-m+fp/hard\libc_nano.a(libc_a-writer.o)
 .debug_frame   0x00000000       0x2c D:/cccccccc/SysGCC/bin/../lib/gcc/arm-none-eabi/13.3.1/thumb/v7e-m+fp/hard\libc_nano.a(libc_a-writer.o)
 .ARM.attributes
                0x00000000       0x34 D:/cccccccc/SysGCC/bin/../lib/gcc/arm-none-eabi/13.3.1/thumb/v7e-m+fp/hard\libc_nano.a(libc_a-writer.o)
 .text          0x00000000        0x0 D:/cccccccc/SysGCC/bin/../lib/gcc/arm-none-eabi/13.3.1/thumb/v7e-m+fp/hard\libc_nano.a(libc_a-init.o)
 .data          0x00000000        0x0 D:/cccccccc/SysGCC/bin/../lib/gcc/arm-none-eabi/13.3.1/thumb/v7e-m+fp/hard\libc_nano.a(libc_a-init.o)
 .bss           0x00000000        0x0 D:/cccccccc/SysGCC/bin/../lib/gcc/arm-none-eabi/13.3.1/thumb/v7e-m+fp/hard\libc_nano.a(libc_a-init.o)
 .text          0x00000000        0x0 D:/cccccccc/SysGCC/bin/../lib/gcc/arm-none-eabi/13.3.1/thumb/v7e-m+fp/hard\libc_nano.a(libc_a-lock.o)
 .data          0x00000000        0x0 D:/cccccccc/SysGCC/bin/../lib/gcc/arm-none-eabi/13.3.1/thumb/v7e-m+fp/hard\libc_nano.a(libc_a-lock.o)
 .bss           0x00000000        0x0 D:/cccccccc/SysGCC/bin/../lib/gcc/arm-none-eabi/13.3.1/thumb/v7e-m+fp/hard\libc_nano.a(libc_a-lock.o)
 .text.__retarget_lock_init
                0x00000000        0x2 D:/cccccccc/SysGCC/bin/../lib/gcc/arm-none-eabi/13.3.1/thumb/v7e-m+fp/hard\libc_nano.a(libc_a-lock.o)
 .text.__retarget_lock_init_recursive
                0x00000000        0x2 D:/cccccccc/SysGCC/bin/../lib/gcc/arm-none-eabi/13.3.1/thumb/v7e-m+fp/hard\libc_nano.a(libc_a-lock.o)
 .text.__retarget_lock_close
                0x00000000        0x2 D:/cccccccc/SysGCC/bin/../lib/gcc/arm-none-eabi/13.3.1/thumb/v7e-m+fp/hard\libc_nano.a(libc_a-lock.o)
 .text.__retarget_lock_close_recursive
                0x00000000        0x2 D:/cccccccc/SysGCC/bin/../lib/gcc/arm-none-eabi/13.3.1/thumb/v7e-m+fp/hard\libc_nano.a(libc_a-lock.o)
 .text.__retarget_lock_acquire
                0x00000000        0x2 D:/cccccccc/SysGCC/bin/../lib/gcc/arm-none-eabi/13.3.1/thumb/v7e-m+fp/hard\libc_nano.a(libc_a-lock.o)
 .text.__retarget_lock_acquire_recursive
                0x00000000        0x2 D:/cccccccc/SysGCC/bin/../lib/gcc/arm-none-eabi/13.3.1/thumb/v7e-m+fp/hard\libc_nano.a(libc_a-lock.o)
 .text.__retarget_lock_try_acquire
                0x00000000        0x4 D:/cccccccc/SysGCC/bin/../lib/gcc/arm-none-eabi/13.3.1/thumb/v7e-m+fp/hard\libc_nano.a(libc_a-lock.o)
 .text.__retarget_lock_try_acquire_recursive
                0x00000000        0x4 D:/cccccccc/SysGCC/bin/../lib/gcc/arm-none-eabi/13.3.1/thumb/v7e-m+fp/hard\libc_nano.a(libc_a-lock.o)
 .text.__retarget_lock_release
                0x00000000        0x2 D:/cccccccc/SysGCC/bin/../lib/gcc/arm-none-eabi/13.3.1/thumb/v7e-m+fp/hard\libc_nano.a(libc_a-lock.o)
 .text.__retarget_lock_release_recursive
                0x00000000        0x2 D:/cccccccc/SysGCC/bin/../lib/gcc/arm-none-eabi/13.3.1/thumb/v7e-m+fp/hard\libc_nano.a(libc_a-lock.o)
 .bss.__lock___arc4random_mutex
                0x00000000        0x1 D:/cccccccc/SysGCC/bin/../lib/gcc/arm-none-eabi/13.3.1/thumb/v7e-m+fp/hard\libc_nano.a(libc_a-lock.o)
 .bss.__lock___dd_hash_mutex
                0x00000000        0x1 D:/cccccccc/SysGCC/bin/../lib/gcc/arm-none-eabi/13.3.1/thumb/v7e-m+fp/hard\libc_nano.a(libc_a-lock.o)
 .bss.__lock___tz_mutex
                0x00000000        0x1 D:/cccccccc/SysGCC/bin/../lib/gcc/arm-none-eabi/13.3.1/thumb/v7e-m+fp/hard\libc_nano.a(libc_a-lock.o)
 .bss.__lock___env_recursive_mutex
                0x00000000        0x1 D:/cccccccc/SysGCC/bin/../lib/gcc/arm-none-eabi/13.3.1/thumb/v7e-m+fp/hard\libc_nano.a(libc_a-lock.o)
 .bss.__lock___malloc_recursive_mutex
                0x00000000        0x1 D:/cccccccc/SysGCC/bin/../lib/gcc/arm-none-eabi/13.3.1/thumb/v7e-m+fp/hard\libc_nano.a(libc_a-lock.o)
 .bss.__lock___at_quick_exit_mutex
                0x00000000        0x1 D:/cccccccc/SysGCC/bin/../lib/gcc/arm-none-eabi/13.3.1/thumb/v7e-m+fp/hard\libc_nano.a(libc_a-lock.o)
 .bss.__lock___atexit_recursive_mutex
                0x00000000        0x1 D:/cccccccc/SysGCC/bin/../lib/gcc/arm-none-eabi/13.3.1/thumb/v7e-m+fp/hard\libc_nano.a(libc_a-lock.o)
 .bss.__lock___sfp_recursive_mutex
                0x00000000        0x1 D:/cccccccc/SysGCC/bin/../lib/gcc/arm-none-eabi/13.3.1/thumb/v7e-m+fp/hard\libc_nano.a(libc_a-lock.o)
 .debug_frame   0x00000000       0xb0 D:/cccccccc/SysGCC/bin/../lib/gcc/arm-none-eabi/13.3.1/thumb/v7e-m+fp/hard\libc_nano.a(libc_a-lock.o)
 .ARM.attributes
                0x00000000       0x34 D:/cccccccc/SysGCC/bin/../lib/gcc/arm-none-eabi/13.3.1/thumb/v7e-m+fp/hard\libc_nano.a(libc_a-lock.o)
 .text          0x00000000        0x0 D:/cccccccc/SysGCC/bin/../lib/gcc/arm-none-eabi/13.3.1/thumb/v7e-m+fp/hard\libc_nano.a(libc_a-freer.o)
 .data          0x00000000        0x0 D:/cccccccc/SysGCC/bin/../lib/gcc/arm-none-eabi/13.3.1/thumb/v7e-m+fp/hard\libc_nano.a(libc_a-freer.o)
 .bss           0x00000000        0x0 D:/cccccccc/SysGCC/bin/../lib/gcc/arm-none-eabi/13.3.1/thumb/v7e-m+fp/hard\libc_nano.a(libc_a-freer.o)
 .text._free_r  0x00000000       0x94 D:/cccccccc/SysGCC/bin/../lib/gcc/arm-none-eabi/13.3.1/thumb/v7e-m+fp/hard\libc_nano.a(libc_a-freer.o)
 .debug_frame   0x00000000       0x38 D:/cccccccc/SysGCC/bin/../lib/gcc/arm-none-eabi/13.3.1/thumb/v7e-m+fp/hard\libc_nano.a(libc_a-freer.o)
 .ARM.attributes
                0x00000000       0x34 D:/cccccccc/SysGCC/bin/../lib/gcc/arm-none-eabi/13.3.1/thumb/v7e-m+fp/hard\libc_nano.a(libc_a-freer.o)
 .text          0x00000000        0x0 D:/cccccccc/SysGCC/bin/../lib/gcc/arm-none-eabi/13.3.1/thumb/v7e-m+fp/hard\libc_nano.a(libc_a-mallocr.o)
 .data          0x00000000        0x0 D:/cccccccc/SysGCC/bin/../lib/gcc/arm-none-eabi/13.3.1/thumb/v7e-m+fp/hard\libc_nano.a(libc_a-mallocr.o)
 .bss           0x00000000        0x0 D:/cccccccc/SysGCC/bin/../lib/gcc/arm-none-eabi/13.3.1/thumb/v7e-m+fp/hard\libc_nano.a(libc_a-mallocr.o)
 .text.sbrk_aligned
                0x00000000       0x44 D:/cccccccc/SysGCC/bin/../lib/gcc/arm-none-eabi/13.3.1/thumb/v7e-m+fp/hard\libc_nano.a(libc_a-mallocr.o)
 .text._malloc_r
                0x00000000      0x100 D:/cccccccc/SysGCC/bin/../lib/gcc/arm-none-eabi/13.3.1/thumb/v7e-m+fp/hard\libc_nano.a(libc_a-mallocr.o)
 .bss.__malloc_sbrk_start
                0x00000000        0x4 D:/cccccccc/SysGCC/bin/../lib/gcc/arm-none-eabi/13.3.1/thumb/v7e-m+fp/hard\libc_nano.a(libc_a-mallocr.o)
 .bss.__malloc_free_list
                0x00000000        0x4 D:/cccccccc/SysGCC/bin/../lib/gcc/arm-none-eabi/13.3.1/thumb/v7e-m+fp/hard\libc_nano.a(libc_a-mallocr.o)
 .debug_frame   0x00000000       0x50 D:/cccccccc/SysGCC/bin/../lib/gcc/arm-none-eabi/13.3.1/thumb/v7e-m+fp/hard\libc_nano.a(libc_a-mallocr.o)
 .ARM.attributes
                0x00000000       0x34 D:/cccccccc/SysGCC/bin/../lib/gcc/arm-none-eabi/13.3.1/thumb/v7e-m+fp/hard\libc_nano.a(libc_a-mallocr.o)
 .text          0x00000000        0x0 D:/cccccccc/SysGCC/bin/../lib/gcc/arm-none-eabi/13.3.1/thumb/v7e-m+fp/hard\libc_nano.a(libc_a-mlock.o)
 .data          0x00000000        0x0 D:/cccccccc/SysGCC/bin/../lib/gcc/arm-none-eabi/13.3.1/thumb/v7e-m+fp/hard\libc_nano.a(libc_a-mlock.o)
 .bss           0x00000000        0x0 D:/cccccccc/SysGCC/bin/../lib/gcc/arm-none-eabi/13.3.1/thumb/v7e-m+fp/hard\libc_nano.a(libc_a-mlock.o)
 .text.__malloc_lock
                0x00000000        0xc D:/cccccccc/SysGCC/bin/../lib/gcc/arm-none-eabi/13.3.1/thumb/v7e-m+fp/hard\libc_nano.a(libc_a-mlock.o)
 .text.__malloc_unlock
                0x00000000        0xc D:/cccccccc/SysGCC/bin/../lib/gcc/arm-none-eabi/13.3.1/thumb/v7e-m+fp/hard\libc_nano.a(libc_a-mlock.o)
 .debug_frame   0x00000000       0x30 D:/cccccccc/SysGCC/bin/../lib/gcc/arm-none-eabi/13.3.1/thumb/v7e-m+fp/hard\libc_nano.a(libc_a-mlock.o)
 .ARM.attributes
                0x00000000       0x34 D:/cccccccc/SysGCC/bin/../lib/gcc/arm-none-eabi/13.3.1/thumb/v7e-m+fp/hard\libc_nano.a(libc_a-mlock.o)
 .text          0x00000000        0x0 D:/cccccccc/SysGCC/bin/../lib/gcc/arm-none-eabi/13.3.1/thumb/v7e-m+fp/hard\libc_nano.a(libc_a-fflush.o)
 .data          0x00000000        0x0 D:/cccccccc/SysGCC/bin/../lib/gcc/arm-none-eabi/13.3.1/thumb/v7e-m+fp/hard\libc_nano.a(libc_a-fflush.o)
 .bss           0x00000000        0x0 D:/cccccccc/SysGCC/bin/../lib/gcc/arm-none-eabi/13.3.1/thumb/v7e-m+fp/hard\libc_nano.a(libc_a-fflush.o)
 .text.__sflush_r
                0x00000000      0x108 D:/cccccccc/SysGCC/bin/../lib/gcc/arm-none-eabi/13.3.1/thumb/v7e-m+fp/hard\libc_nano.a(libc_a-fflush.o)
 .text._fflush_r
                0x00000000       0x50 D:/cccccccc/SysGCC/bin/../lib/gcc/arm-none-eabi/13.3.1/thumb/v7e-m+fp/hard\libc_nano.a(libc_a-fflush.o)
 .text.fflush   0x00000000       0x28 D:/cccccccc/SysGCC/bin/../lib/gcc/arm-none-eabi/13.3.1/thumb/v7e-m+fp/hard\libc_nano.a(libc_a-fflush.o)
 .debug_frame   0x00000000       0x5c D:/cccccccc/SysGCC/bin/../lib/gcc/arm-none-eabi/13.3.1/thumb/v7e-m+fp/hard\libc_nano.a(libc_a-fflush.o)
 .ARM.attributes
                0x00000000       0x34 D:/cccccccc/SysGCC/bin/../lib/gcc/arm-none-eabi/13.3.1/thumb/v7e-m+fp/hard\libc_nano.a(libc_a-fflush.o)
 .text          0x00000000        0x0 D:/cccccccc/SysGCC/bin/../lib/gcc/arm-none-eabi/13.3.1/thumb/v7e-m+fp/hard\libc_nano.a(libc_a-sbrkr.o)
 .data          0x00000000        0x0 D:/cccccccc/SysGCC/bin/../lib/gcc/arm-none-eabi/13.3.1/thumb/v7e-m+fp/hard\libc_nano.a(libc_a-sbrkr.o)
 .bss           0x00000000        0x0 D:/cccccccc/SysGCC/bin/../lib/gcc/arm-none-eabi/13.3.1/thumb/v7e-m+fp/hard\libc_nano.a(libc_a-sbrkr.o)
 .text._sbrk_r  0x00000000       0x20 D:/cccccccc/SysGCC/bin/../lib/gcc/arm-none-eabi/13.3.1/thumb/v7e-m+fp/hard\libc_nano.a(libc_a-sbrkr.o)
 .debug_frame   0x00000000       0x2c D:/cccccccc/SysGCC/bin/../lib/gcc/arm-none-eabi/13.3.1/thumb/v7e-m+fp/hard\libc_nano.a(libc_a-sbrkr.o)
 .ARM.attributes
                0x00000000       0x34 D:/cccccccc/SysGCC/bin/../lib/gcc/arm-none-eabi/13.3.1/thumb/v7e-m+fp/hard\libc_nano.a(libc_a-sbrkr.o)
 .text          0x00000000        0x0 D:/cccccccc/SysGCC/bin/../lib/gcc/arm-none-eabi/13.3.1/thumb/v7e-m+fp/hard\libnosys.a(close.o)
 .data          0x00000000        0x0 D:/cccccccc/SysGCC/bin/../lib/gcc/arm-none-eabi/13.3.1/thumb/v7e-m+fp/hard\libnosys.a(close.o)
 .bss           0x00000000        0x0 D:/cccccccc/SysGCC/bin/../lib/gcc/arm-none-eabi/13.3.1/thumb/v7e-m+fp/hard\libnosys.a(close.o)
 .text._close   0x00000000       0x10 D:/cccccccc/SysGCC/bin/../lib/gcc/arm-none-eabi/13.3.1/thumb/v7e-m+fp/hard\libnosys.a(close.o)
 .debug_frame   0x00000000       0x20 D:/cccccccc/SysGCC/bin/../lib/gcc/arm-none-eabi/13.3.1/thumb/v7e-m+fp/hard\libnosys.a(close.o)
 .ARM.attributes
                0x00000000       0x34 D:/cccccccc/SysGCC/bin/../lib/gcc/arm-none-eabi/13.3.1/thumb/v7e-m+fp/hard\libnosys.a(close.o)
 .text          0x00000000        0x0 D:/cccccccc/SysGCC/bin/../lib/gcc/arm-none-eabi/13.3.1/thumb/v7e-m+fp/hard\libnosys.a(lseek.o)
 .data          0x00000000        0x0 D:/cccccccc/SysGCC/bin/../lib/gcc/arm-none-eabi/13.3.1/thumb/v7e-m+fp/hard\libnosys.a(lseek.o)
 .bss           0x00000000        0x0 D:/cccccccc/SysGCC/bin/../lib/gcc/arm-none-eabi/13.3.1/thumb/v7e-m+fp/hard\libnosys.a(lseek.o)
 .text._lseek   0x00000000       0x10 D:/cccccccc/SysGCC/bin/../lib/gcc/arm-none-eabi/13.3.1/thumb/v7e-m+fp/hard\libnosys.a(lseek.o)
 .debug_frame   0x00000000       0x20 D:/cccccccc/SysGCC/bin/../lib/gcc/arm-none-eabi/13.3.1/thumb/v7e-m+fp/hard\libnosys.a(lseek.o)
 .ARM.attributes
                0x00000000       0x34 D:/cccccccc/SysGCC/bin/../lib/gcc/arm-none-eabi/13.3.1/thumb/v7e-m+fp/hard\libnosys.a(lseek.o)
 .text          0x00000000        0x0 D:/cccccccc/SysGCC/bin/../lib/gcc/arm-none-eabi/13.3.1/thumb/v7e-m+fp/hard\libnosys.a(read.o)
 .data          0x00000000        0x0 D:/cccccccc/SysGCC/bin/../lib/gcc/arm-none-eabi/13.3.1/thumb/v7e-m+fp/hard\libnosys.a(read.o)
 .bss           0x00000000        0x0 D:/cccccccc/SysGCC/bin/../lib/gcc/arm-none-eabi/13.3.1/thumb/v7e-m+fp/hard\libnosys.a(read.o)
 .text._read    0x00000000       0x10 D:/cccccccc/SysGCC/bin/../lib/gcc/arm-none-eabi/13.3.1/thumb/v7e-m+fp/hard\libnosys.a(read.o)
 .debug_frame   0x00000000       0x20 D:/cccccccc/SysGCC/bin/../lib/gcc/arm-none-eabi/13.3.1/thumb/v7e-m+fp/hard\libnosys.a(read.o)
 .ARM.attributes
                0x00000000       0x34 D:/cccccccc/SysGCC/bin/../lib/gcc/arm-none-eabi/13.3.1/thumb/v7e-m+fp/hard\libnosys.a(read.o)
 .text          0x00000000        0x0 D:/cccccccc/SysGCC/bin/../lib/gcc/arm-none-eabi/13.3.1/thumb/v7e-m+fp/hard\libnosys.a(sbrk.o)
 .data          0x00000000        0x0 D:/cccccccc/SysGCC/bin/../lib/gcc/arm-none-eabi/13.3.1/thumb/v7e-m+fp/hard\libnosys.a(sbrk.o)
 .bss           0x00000000        0x0 D:/cccccccc/SysGCC/bin/../lib/gcc/arm-none-eabi/13.3.1/thumb/v7e-m+fp/hard\libnosys.a(sbrk.o)
 .text._sbrk    0x00000000       0x1c D:/cccccccc/SysGCC/bin/../lib/gcc/arm-none-eabi/13.3.1/thumb/v7e-m+fp/hard\libnosys.a(sbrk.o)
 .bss.heap_end.0
                0x00000000        0x4 D:/cccccccc/SysGCC/bin/../lib/gcc/arm-none-eabi/13.3.1/thumb/v7e-m+fp/hard\libnosys.a(sbrk.o)
 .debug_frame   0x00000000       0x20 D:/cccccccc/SysGCC/bin/../lib/gcc/arm-none-eabi/13.3.1/thumb/v7e-m+fp/hard\libnosys.a(sbrk.o)
 .ARM.attributes
                0x00000000       0x34 D:/cccccccc/SysGCC/bin/../lib/gcc/arm-none-eabi/13.3.1/thumb/v7e-m+fp/hard\libnosys.a(sbrk.o)
 .text          0x00000000        0x0 D:/cccccccc/SysGCC/bin/../lib/gcc/arm-none-eabi/13.3.1/thumb/v7e-m+fp/hard\libnosys.a(write.o)
 .data          0x00000000        0x0 D:/cccccccc/SysGCC/bin/../lib/gcc/arm-none-eabi/13.3.1/thumb/v7e-m+fp/hard\libnosys.a(write.o)
 .bss           0x00000000        0x0 D:/cccccccc/SysGCC/bin/../lib/gcc/arm-none-eabi/13.3.1/thumb/v7e-m+fp/hard\libnosys.a(write.o)
 .text._write   0x00000000       0x10 D:/cccccccc/SysGCC/bin/../lib/gcc/arm-none-eabi/13.3.1/thumb/v7e-m+fp/hard\libnosys.a(write.o)
 .debug_frame   0x00000000       0x20 D:/cccccccc/SysGCC/bin/../lib/gcc/arm-none-eabi/13.3.1/thumb/v7e-m+fp/hard\libnosys.a(write.o)
 .ARM.attributes
                0x00000000       0x34 D:/cccccccc/SysGCC/bin/../lib/gcc/arm-none-eabi/13.3.1/thumb/v7e-m+fp/hard\libnosys.a(write.o)
 .text          0x00000000        0x0 D:/cccccccc/SysGCC/bin/../lib/gcc/arm-none-eabi/13.3.1/thumb/v7e-m+fp/hard\libnosys.a(_exit.o)
 .data          0x00000000        0x0 D:/cccccccc/SysGCC/bin/../lib/gcc/arm-none-eabi/13.3.1/thumb/v7e-m+fp/hard\libnosys.a(_exit.o)
 .bss           0x00000000        0x0 D:/cccccccc/SysGCC/bin/../lib/gcc/arm-none-eabi/13.3.1/thumb/v7e-m+fp/hard\libnosys.a(_exit.o)
 .text._exit    0x00000000        0x4 D:/cccccccc/SysGCC/bin/../lib/gcc/arm-none-eabi/13.3.1/thumb/v7e-m+fp/hard\libnosys.a(_exit.o)
 .debug_frame   0x00000000       0x20 D:/cccccccc/SysGCC/bin/../lib/gcc/arm-none-eabi/13.3.1/thumb/v7e-m+fp/hard\libnosys.a(_exit.o)
 .ARM.attributes
                0x00000000       0x34 D:/cccccccc/SysGCC/bin/../lib/gcc/arm-none-eabi/13.3.1/thumb/v7e-m+fp/hard\libnosys.a(_exit.o)
 .text          0x00000000        0x0 D:/cccccccc/SysGCC/bin/../lib/gcc/arm-none-eabi/13.3.1/thumb/v7e-m+fp/hard/crtend.o
 .data          0x00000000        0x0 D:/cccccccc/SysGCC/bin/../lib/gcc/arm-none-eabi/13.3.1/thumb/v7e-m+fp/hard/crtend.o
 .bss           0x00000000        0x0 D:/cccccccc/SysGCC/bin/../lib/gcc/arm-none-eabi/13.3.1/thumb/v7e-m+fp/hard/crtend.o
 .rodata.all_implied_fbits
                0x00000000       0x24 D:/cccccccc/SysGCC/bin/../lib/gcc/arm-none-eabi/13.3.1/thumb/v7e-m+fp/hard/crtend.o
 .eh_frame      0x00000000        0x4 D:/cccccccc/SysGCC/bin/../lib/gcc/arm-none-eabi/13.3.1/thumb/v7e-m+fp/hard/crtend.o
 .text          0x00000000        0x0 D:/cccccccc/SysGCC/bin/../lib/gcc/arm-none-eabi/13.3.1/thumb/v7e-m+fp/hard/crtn.o
 .data          0x00000000        0x0 D:/cccccccc/SysGCC/bin/../lib/gcc/arm-none-eabi/13.3.1/thumb/v7e-m+fp/hard/crtn.o
 .bss           0x00000000        0x0 D:/cccccccc/SysGCC/bin/../lib/gcc/arm-none-eabi/13.3.1/thumb/v7e-m+fp/hard/crtn.o

Memory Configuration

Name             Origin             Length             Attributes
RAM              0x20000000         0x00030000         xrw
CCMRAM           0x10000000         0x00010000         xrw
FLASH            0x08000000         0x00200000         xr
*default*        0x00000000         0xffffffff

Linker script and memory map

LOAD D:/cccccccc/SysGCC/bin/../lib/gcc/arm-none-eabi/13.3.1/thumb/v7e-m+fp/hard/crti.o
LOAD D:/cccccccc/SysGCC/bin/../lib/gcc/arm-none-eabi/13.3.1/thumb/v7e-m+fp/hard/crtbegin.o
LOAD D:/cccccccc/SysGCC/bin/../lib/gcc/arm-none-eabi/13.3.1/thumb/v7e-m+fp/hard/crt0.o
LOAD Build/main.o
LOAD Build/startup_stm32f429xx.o
LOAD D:/cccccccc/SysGCC/bin/../lib/gcc/arm-none-eabi/13.3.1/thumb/v7e-m+fp/hard\libc_nano.a
LOAD D:/cccccccc/SysGCC/bin/../lib/gcc/arm-none-eabi/13.3.1/thumb/v7e-m+fp/hard\libm.a
LOAD D:/cccccccc/SysGCC/bin/../lib/gcc/arm-none-eabi/13.3.1/thumb/v7e-m+fp/hard\libnosys.a
START GROUP
LOAD D:/cccccccc/SysGCC/bin/../lib/gcc/arm-none-eabi/13.3.1/thumb/v7e-m+fp/hard\libgcc.a
LOAD D:/cccccccc/SysGCC/bin/../lib/gcc/arm-none-eabi/13.3.1/thumb/v7e-m+fp/hard\libc_nano.a
END GROUP
START GROUP
LOAD D:/cccccccc/SysGCC/bin/../lib/gcc/arm-none-eabi/13.3.1/thumb/v7e-m+fp/hard\libgcc.a
LOAD D:/cccccccc/SysGCC/bin/../lib/gcc/arm-none-eabi/13.3.1/thumb/v7e-m+fp/hard\libc_nano.a
END GROUP
LOAD D:/cccccccc/SysGCC/bin/../lib/gcc/arm-none-eabi/13.3.1/thumb/v7e-m+fp/hard/crtend.o
LOAD D:/cccccccc/SysGCC/bin/../lib/gcc/arm-none-eabi/13.3.1/thumb/v7e-m+fp/hard/crtn.o
                0x20030000                        _estack = (ORIGIN (RAM) + LENGTH (RAM))
                0x00000200                        _Min_Heap_Size = 0x200
                0x00000400                        _Min_Stack_Size = 0x400

.isr_vector     0x08000000      0x1ac
                0x08000000                        . = ALIGN (0x4)
 *(.isr_vector)
 .isr_vector    0x08000000      0x1ac Build/startup_stm32f429xx.o
                0x08000000                g_pfnVectors
                0x080001ac                        . = ALIGN (0x4)

.text           0x080001ac      0x290
                0x080001ac                        . = ALIGN (0x4)
 *(.text)
 *(.text*)
 .text.deregister_tm_clones
                0x080001ac       0x1c D:/cccccccc/SysGCC/bin/../lib/gcc/arm-none-eabi/13.3.1/thumb/v7e-m+fp/hard/crtbegin.o
 .text.register_tm_clones
                0x080001c8       0x24 D:/cccccccc/SysGCC/bin/../lib/gcc/arm-none-eabi/13.3.1/thumb/v7e-m+fp/hard/crtbegin.o
 .text.__do_global_dtors_aux
                0x080001ec       0x28 D:/cccccccc/SysGCC/bin/../lib/gcc/arm-none-eabi/13.3.1/thumb/v7e-m+fp/hard/crtbegin.o
 .text.frame_dummy
                0x08000214       0x24 D:/cccccccc/SysGCC/bin/../lib/gcc/arm-none-eabi/13.3.1/thumb/v7e-m+fp/hard/crtbegin.o
 .text.GPIO_Ini
                0x08000238       0x28 Build/main.o
                0x08000238                GPIO_Ini
 .text.ToggleLED
                0x08000260       0x60 Build/main.o
                0x08000260                ToggleLED
 .text.TurnOffAllLEDs
                0x080002c0       0x14 Build/main.o
                0x080002c0                TurnOffAllLEDs
 .text.TurnOnAllLEDs
                0x080002d4       0x10 Build/main.o
                0x080002d4                TurnOnAllLEDs
 .text.main     0x080002e4       0xa8 Build/main.o
                0x080002e4                main
 .text.Reset_Handler
                0x0800038c       0x4c Build/startup_stm32f429xx.o
                0x0800038c                Reset_Handler
 .text.Default_Handler
                0x080003d8        0x2 Build/startup_stm32f429xx.o
                0x080003d8                RTC_Alarm_IRQHandler
                0x080003d8                HASH_RNG_IRQHandler
                0x080003d8                EXTI2_IRQHandler
                0x080003d8                TIM8_CC_IRQHandler
                0x080003d8                DebugMon_Handler
                0x080003d8                UART8_IRQHandler
                0x080003d8                SPI4_IRQHandler
                0x080003d8                TIM1_CC_IRQHandler
                0x080003d8                DMA2_Stream5_IRQHandler
                0x080003d8                HardFault_Handler
                0x080003d8                DMA1_Stream5_IRQHandler
                0x080003d8                SysTick_Handler
                0x080003d8                PVD_IRQHandler
                0x080003d8                SDIO_IRQHandler
                0x080003d8                TAMP_STAMP_IRQHandler
                0x080003d8                PendSV_Handler
                0x080003d8                NMI_Handler
                0x080003d8                CAN2_RX1_IRQHandler
                0x080003d8                EXTI3_IRQHandler
                0x080003d8                TIM8_TRG_COM_TIM14_IRQHandler
                0x080003d8                TIM1_UP_TIM10_IRQHandler
                0x080003d8                TIM8_UP_TIM13_IRQHandler
                0x080003d8                I2C3_ER_IRQHandler
                0x080003d8                EXTI0_IRQHandler
                0x080003d8                I2C2_EV_IRQHandler
                0x080003d8                DMA1_Stream2_IRQHandler
                0x080003d8                CAN1_RX0_IRQHandler
                0x080003d8                FPU_IRQHandler
                0x080003d8                OTG_HS_WKUP_IRQHandler
                0x080003d8                UsageFault_Handler
                0x080003d8                LTDC_ER_IRQHandler
                0x080003d8                CAN2_SCE_IRQHandler
                0x080003d8                DMA2_Stream2_IRQHandler
                0x080003d8                SPI1_IRQHandler
                0x080003d8                TIM6_DAC_IRQHandler
                0x080003d8                TIM1_BRK_TIM9_IRQHandler
                0x080003d8                DCMI_IRQHandler
                0x080003d8                CAN2_RX0_IRQHandler
                0x080003d8                DMA2_Stream3_IRQHandler
                0x080003d8                USART6_IRQHandler
                0x080003d8                USART3_IRQHandler
                0x080003d8                CAN1_RX1_IRQHandler
                0x080003d8                UART5_IRQHandler
                0x080003d8                DMA2_Stream0_IRQHandler
                0x080003d8                TIM4_IRQHandler
                0x080003d8                I2C1_EV_IRQHandler
                0x080003d8                DMA1_Stream6_IRQHandler
                0x080003d8                DMA1_Stream1_IRQHandler
                0x080003d8                UART4_IRQHandler
                0x080003d8                TIM3_IRQHandler
                0x080003d8                RCC_IRQHandler
                0x080003d8                TIM8_BRK_TIM12_IRQHandler
                0x080003d8                Default_Handler
                0x080003d8                EXTI15_10_IRQHandler
                0x080003d8                ADC_IRQHandler
                0x080003d8                DMA1_Stream7_IRQHandler
                0x080003d8                SPI5_IRQHandler
                0x080003d8                TIM7_IRQHandler
                0x080003d8                CAN2_TX_IRQHandler
                0x080003d8                TIM5_IRQHandler
                0x080003d8                DMA2_Stream7_IRQHandler
                0x080003d8                I2C3_EV_IRQHandler
                0x080003d8                EXTI9_5_IRQHandler
                0x080003d8                RTC_WKUP_IRQHandler
                0x080003d8                LTDC_IRQHandler
                0x080003d8                ETH_WKUP_IRQHandler
                0x080003d8                SPI2_IRQHandler
                0x080003d8                OTG_HS_EP1_IN_IRQHandler
                0x080003d8                MemManage_Handler
                0x080003d8                DMA1_Stream0_IRQHandler
                0x080003d8                CAN1_TX_IRQHandler
                0x080003d8                SVC_Handler
                0x080003d8                EXTI4_IRQHandler
                0x080003d8                ETH_IRQHandler
                0x080003d8                OTG_HS_EP1_OUT_IRQHandler
                0x080003d8                WWDG_IRQHandler
                0x080003d8                SPI6_IRQHandler
                0x080003d8                TIM2_IRQHandler
                0x080003d8                OTG_FS_WKUP_IRQHandler
                0x080003d8                TIM1_TRG_COM_TIM11_IRQHandler
                0x080003d8                OTG_HS_IRQHandler
                0x080003d8                DMA2D_IRQHandler
                0x080003d8                EXTI1_IRQHandler
                0x080003d8                UART7_IRQHandler
                0x080003d8                USART2_IRQHandler
                0x080003d8                I2C2_ER_IRQHandler
                0x080003d8                DMA2_Stream1_IRQHandler
                0x080003d8                CAN1_SCE_IRQHandler
                0x080003d8                FLASH_IRQHandler
                0x080003d8                DMA2_Stream4_IRQHandler
                0x080003d8                BusFault_Handler
                0x080003d8                USART1_IRQHandler
                0x080003d8                OTG_FS_IRQHandler
                0x080003d8                SPI3_IRQHandler
                0x080003d8                DMA1_Stream4_IRQHandler
                0x080003d8                I2C1_ER_IRQHandler
                0x080003d8                FMC_IRQHandler
                0x080003d8                DMA2_Stream6_IRQHandler
                0x080003d8                SAI1_IRQHandler
                0x080003d8                DMA1_Stream3_IRQHandler
 *fill*         0x080003da        0x2 
 .text.__libc_init_array
                0x080003dc       0x48 D:/cccccccc/SysGCC/bin/../lib/gcc/arm-none-eabi/13.3.1/thumb/v7e-m+fp/hard\libc_nano.a(libc_a-init.o)
                0x080003dc                __libc_init_array
 *(.glue_7)
 .glue_7        0x08000424        0x0 linker stubs
 *(.glue_7t)
 .glue_7t       0x08000424        0x0 linker stubs
 *(.eh_frame)
 .eh_frame      0x08000424        0x0 D:/cccccccc/SysGCC/bin/../lib/gcc/arm-none-eabi/13.3.1/thumb/v7e-m+fp/hard/crtbegin.o
 *(.init)
 .init          0x08000424        0x4 D:/cccccccc/SysGCC/bin/../lib/gcc/arm-none-eabi/13.3.1/thumb/v7e-m+fp/hard/crti.o
                0x08000424                _init
 .init          0x08000428        0x8 D:/cccccccc/SysGCC/bin/../lib/gcc/arm-none-eabi/13.3.1/thumb/v7e-m+fp/hard/crtn.o
 *(.fini)
 .fini          0x08000430        0x4 D:/cccccccc/SysGCC/bin/../lib/gcc/arm-none-eabi/13.3.1/thumb/v7e-m+fp/hard/crti.o
                0x08000430                _fini
 .fini          0x08000434        0x8 D:/cccccccc/SysGCC/bin/../lib/gcc/arm-none-eabi/13.3.1/thumb/v7e-m+fp/hard/crtn.o
                0x0800043c                        . = ALIGN (0x4)
                0x0800043c                        _etext = .

.vfp11_veneer   0x0800043c        0x0
 .vfp11_veneer  0x0800043c        0x0 linker stubs

.v4_bx          0x0800043c        0x0
 .v4_bx         0x0800043c        0x0 linker stubs

.iplt           0x0800043c        0x0
 .iplt          0x0800043c        0x0 D:/cccccccc/SysGCC/bin/../lib/gcc/arm-none-eabi/13.3.1/thumb/v7e-m+fp/hard/crtbegin.o

.rel.dyn        0x0800043c        0x0
 .rel.iplt      0x0800043c        0x0 D:/cccccccc/SysGCC/bin/../lib/gcc/arm-none-eabi/13.3.1/thumb/v7e-m+fp/hard/crtbegin.o

.rodata         0x0800043c        0x0
                0x0800043c                        . = ALIGN (0x4)
 *(.rodata)
 *(.rodata*)
                0x0800043c                        . = ALIGN (0x4)

.ARM.extab
 *(.ARM.extab* .gnu.linkonce.armextab.*)

.ARM            0x0800043c        0x0
                0x0800043c                        __exidx_start = .
 *(.ARM.exidx*)
                0x0800043c                        __exidx_end = .

.preinit_array  0x0800043c        0x0
                0x0800043c                        PROVIDE (__preinit_array_start = .)
 *(.preinit_array*)
                0x0800043c                        PROVIDE (__preinit_array_end = .)

.init_array     0x0800043c        0x4
                0x0800043c                        PROVIDE (__init_array_start = .)
 *(SORT_BY_NAME(.init_array.*))
 *(.init_array*)
 .init_array    0x0800043c        0x4 D:/cccccccc/SysGCC/bin/../lib/gcc/arm-none-eabi/13.3.1/thumb/v7e-m+fp/hard/crtbegin.o
                0x08000440                        PROVIDE (__init_array_end = .)

.fini_array     0x08000440        0x4
                [!provide]                        PROVIDE (__fini_array_start = .)
 *(SORT_BY_NAME(.fini_array.*))
 *(.fini_array*)
 .fini_array    0x08000440        0x4 D:/cccccccc/SysGCC/bin/../lib/gcc/arm-none-eabi/13.3.1/thumb/v7e-m+fp/hard/crtbegin.o
                [!provide]                        PROVIDE (__fini_array_end = .)
                0x08000444                        _sidata = LOADADDR (.data)

.data           0x20000000        0x0 load address 0x08000444
                0x20000000                        . = ALIGN (0x4)
                0x20000000                        _sdata = .
 *(.data)
 *(.data*)
                0x20000000                        . = ALIGN (0x4)
                0x20000000                        _edata = .
                0x08000444                        _siccmram = LOADADDR (.ccmram)

.tm_clone_table
                0x20000000        0x0 load address 0x08000444
 .tm_clone_table
                0x20000000        0x0 D:/cccccccc/SysGCC/bin/../lib/gcc/arm-none-eabi/13.3.1/thumb/v7e-m+fp/hard/crtbegin.o
 .tm_clone_table
                0x20000000        0x0 D:/cccccccc/SysGCC/bin/../lib/gcc/arm-none-eabi/13.3.1/thumb/v7e-m+fp/hard/crtend.o

.igot.plt       0x20000000        0x0 load address 0x08000444
 .igot.plt      0x20000000        0x0 D:/cccccccc/SysGCC/bin/../lib/gcc/arm-none-eabi/13.3.1/thumb/v7e-m+fp/hard/crtbegin.o

.ccmram         0x10000000        0x0 load address 0x08000444
                0x10000000                        . = ALIGN (0x4)
                0x10000000                        _sccmram = .
 *(.ccmram)
 *(.ccmram*)
                0x10000000                        . = ALIGN (0x4)
                0x10000000                        _eccmram = .
                0x10000000                        . = ALIGN (0x4)

.bss            0x20000000       0x20
                0x20000000                        _sbss = .
                0x20000000                        __bss_start__ = _sbss
 *(.bss)
 *(.bss*)
 .bss.completed.1
                0x20000000        0x1 D:/cccccccc/SysGCC/bin/../lib/gcc/arm-none-eabi/13.3.1/thumb/v7e-m+fp/hard/crtbegin.o
 *fill*         0x20000001        0x3 
 .bss.object.0  0x20000004       0x18 D:/cccccccc/SysGCC/bin/../lib/gcc/arm-none-eabi/13.3.1/thumb/v7e-m+fp/hard/crtbegin.o
 .bss.led_flag  0x2000001c        0x1 Build/main.o
                0x2000001c                led_flag
 .bss.button_flag
                0x2000001d        0x1 Build/main.o
                0x2000001d                button_flag
 *(COMMON)
                0x20000020                        . = ALIGN (0x4)
 *fill*         0x2000001e        0x2 
                0x20000020                        _ebss = .
                0x20000020                        __bss_end__ = _ebss

._user_heap_stack
                0x20000020      0x600
                0x20000020                        . = ALIGN (0x8)
                0x20000020                        PROVIDE (end = .)
                [!provide]                        PROVIDE (_end = .)
                0x20000220                        . = (. + _Min_Heap_Size)
 *fill*         0x20000020      0x200 
                0x20000620                        . = (. + _Min_Stack_Size)
 *fill*         0x20000220      0x400 
                0x20000620                        . = ALIGN (0x8)

/DISCARD/
 libc.a(*)
 libm.a(*)
 libgcc.a(*)

.ARM.attributes
                0x00000000       0x30
 *(.ARM.attributes)
 .ARM.attributes
                0x00000000       0x22 D:/cccccccc/SysGCC/bin/../lib/gcc/arm-none-eabi/13.3.1/thumb/v7e-m+fp/hard/crti.o
 .ARM.attributes
                0x00000022       0x34 D:/cccccccc/SysGCC/bin/../lib/gcc/arm-none-eabi/13.3.1/thumb/v7e-m+fp/hard/crtbegin.o
 .ARM.attributes
                0x00000056       0x34 Build/main.o
 .ARM.attributes
                0x0000008a       0x21 Build/startup_stm32f429xx.o
 .ARM.attributes
                0x000000ab       0x34 D:/cccccccc/SysGCC/bin/../lib/gcc/arm-none-eabi/13.3.1/thumb/v7e-m+fp/hard\libc_nano.a(libc_a-init.o)
 .ARM.attributes
                0x000000df       0x34 D:/cccccccc/SysGCC/bin/../lib/gcc/arm-none-eabi/13.3.1/thumb/v7e-m+fp/hard/crtend.o
 .ARM.attributes
                0x00000113       0x22 D:/cccccccc/SysGCC/bin/../lib/gcc/arm-none-eabi/13.3.1/thumb/v7e-m+fp/hard/crtn.o
OUTPUT(Build/LABORATORY_PRACTICE.elf elf32-littlearm)
LOAD linker stubs
LOAD D:/cccccccc/SysGCC/bin/../lib/gcc/arm-none-eabi/13.3.1/thumb/v7e-m+fp/hard\libc.a
LOAD D:/cccccccc/SysGCC/bin/../lib/gcc/arm-none-eabi/13.3.1/thumb/v7e-m+fp/hard\libm.a
LOAD D:/cccccccc/SysGCC/bin/../lib/gcc/arm-none-eabi/13.3.1/thumb/v7e-m+fp/hard\libgcc.a

.debug_info     0x00000000      0x251
 .debug_info    0x00000000      0x221 Build/main.o
 .debug_info    0x00000221       0x30 Build/startup_stm32f429xx.o

.debug_abbrev   0x00000000      0x13f
 .debug_abbrev  0x00000000      0x122 Build/main.o
 .debug_abbrev  0x00000122       0x1d Build/startup_stm32f429xx.o

.debug_loc      0x00000000       0xda
 .debug_loc     0x00000000       0xda Build/main.o

.debug_aranges  0x00000000       0x70
 .debug_aranges
                0x00000000       0x48 Build/main.o
 .debug_aranges
                0x00000048       0x28 Build/startup_stm32f429xx.o

.debug_ranges   0x00000000       0x58
 .debug_ranges  0x00000000       0x38 Build/main.o
 .debug_ranges  0x00000038       0x20 Build/startup_stm32f429xx.o

.debug_line     0x00000000      0x308
 .debug_line    0x00000000      0x296 Build/main.o
 .debug_line    0x00000296       0x72 Build/startup_stm32f429xx.o

.debug_str      0x00000000      0x1d4
 .debug_str     0x00000000      0x1d4 Build/main.o
                                0x1e7 (size before relaxing)
 .debug_str     0x000001d4       0x4c Build/startup_stm32f429xx.o

.comment        0x00000000       0x45
 .comment       0x00000000       0x45 Build/main.o
                                 0x46 (size before relaxing)

.debug_frame    0x00000000       0xa8
 .debug_frame   0x00000000       0x7c Build/main.o
 .debug_frame   0x0000007c       0x2c D:/cccccccc/SysGCC/bin/../lib/gcc/arm-none-eabi/13.3.1/thumb/v7e-m+fp/hard\libc_nano.a(libc_a-init.o)

Cross Reference Table

Symbol                                            File
ADC_IRQHandler                                    Build/startup_stm32f429xx.o
BusFault_Handler                                  Build/startup_stm32f429xx.o
CAN1_RX0_IRQHandler                               Build/startup_stm32f429xx.o
CAN1_RX1_IRQHandler                               Build/startup_stm32f429xx.o
CAN1_SCE_IRQHandler                               Build/startup_stm32f429xx.o
CAN1_TX_IRQHandler                                Build/startup_stm32f429xx.o
CAN2_RX0_IRQHandler                               Build/startup_stm32f429xx.o
CAN2_RX1_IRQHandler                               Build/startup_stm32f429xx.o
CAN2_SCE_IRQHandler                               Build/startup_stm32f429xx.o
CAN2_TX_IRQHandler                                Build/startup_stm32f429xx.o
DCMI_IRQHandler                                   Build/startup_stm32f429xx.o
DMA1_Stream0_IRQHandler                           Build/startup_stm32f429xx.o
DMA1_Stream1_IRQHandler                           Build/startup_stm32f429xx.o
DMA1_Stream2_IRQHandler                           Build/startup_stm32f429xx.o
DMA1_Stream3_IRQHandler                           Build/startup_stm32f429xx.o
DMA1_Stream4_IRQHandler                           Build/startup_stm32f429xx.o
DMA1_Stream5_IRQHandler                           Build/startup_stm32f429xx.o
DMA1_Stream6_IRQHandler                           Build/startup_stm32f429xx.o
DMA1_Stream7_IRQHandler                           Build/startup_stm32f429xx.o
DMA2D_IRQHandler                                  Build/startup_stm32f429xx.o
DMA2_Stream0_IRQHandler                           Build/startup_stm32f429xx.o
DMA2_Stream1_IRQHandler                           Build/startup_stm32f429xx.o
DMA2_Stream2_IRQHandler                           Build/startup_stm32f429xx.o
DMA2_Stream3_IRQHandler                           Build/startup_stm32f429xx.o
DMA2_Stream4_IRQHandler                           Build/startup_stm32f429xx.o
DMA2_Stream5_IRQHandler                           Build/startup_stm32f429xx.o
DMA2_Stream6_IRQHandler                           Build/startup_stm32f429xx.o
DMA2_Stream7_IRQHandler                           Build/startup_stm32f429xx.o
DebugMon_Handler                                  Build/startup_stm32f429xx.o
Default_Handler                                   Build/startup_stm32f429xx.o
ETH_IRQHandler                                    Build/startup_stm32f429xx.o
ETH_WKUP_IRQHandler                               Build/startup_stm32f429xx.o
EXTI0_IRQHandler                                  Build/startup_stm32f429xx.o
EXTI15_10_IRQHandler                              Build/startup_stm32f429xx.o
EXTI1_IRQHandler                                  Build/startup_stm32f429xx.o
EXTI2_IRQHandler                                  Build/startup_stm32f429xx.o
EXTI3_IRQHandler                                  Build/startup_stm32f429xx.o
EXTI4_IRQHandler                                  Build/startup_stm32f429xx.o
EXTI9_5_IRQHandler                                Build/startup_stm32f429xx.o
FLASH_IRQHandler                                  Build/startup_stm32f429xx.o
FMC_IRQHandler                                    Build/startup_stm32f429xx.o
FPU_IRQHandler                                    Build/startup_stm32f429xx.o
GPIO_Ini                                          Build/main.o
HASH_RNG_IRQHandler                               Build/startup_stm32f429xx.o
HardFault_Handler                                 Build/startup_stm32f429xx.o
I2C1_ER_IRQHandler                                Build/startup_stm32f429xx.o
I2C1_EV_IRQHandler                                Build/startup_stm32f429xx.o
I2C2_ER_IRQHandler                                Build/startup_stm32f429xx.o
I2C2_EV_IRQHandler                                Build/startup_stm32f429xx.o
I2C3_ER_IRQHandler                                Build/startup_stm32f429xx.o
I2C3_EV_IRQHandler                                Build/startup_stm32f429xx.o
LTDC_ER_IRQHandler                                Build/startup_stm32f429xx.o
LTDC_IRQHandler                                   Build/startup_stm32f429xx.o
MemManage_Handler                                 Build/startup_stm32f429xx.o
NMI_Handler                                       Build/startup_stm32f429xx.o
OTG_FS_IRQHandler                                 Build/startup_stm32f429xx.o
OTG_FS_WKUP_IRQHandler                            Build/startup_stm32f429xx.o
OTG_HS_EP1_IN_IRQHandler                          Build/startup_stm32f429xx.o
OTG_HS_EP1_OUT_IRQHandler                         Build/startup_stm32f429xx.o
OTG_HS_IRQHandler                                 Build/startup_stm32f429xx.o
OTG_HS_WKUP_IRQHandler                            Build/startup_stm32f429xx.o
PVD_IRQHandler                                    Build/startup_stm32f429xx.o
PendSV_Handler                                    Build/startup_stm32f429xx.o
RCC_IRQHandler                                    Build/startup_stm32f429xx.o
RTC_Alarm_IRQHandler                              Build/startup_stm32f429xx.o
RTC_WKUP_IRQHandler                               Build/startup_stm32f429xx.o
Reset_Handler                                     Build/startup_stm32f429xx.o
SAI1_IRQHandler                                   Build/startup_stm32f429xx.o
SDIO_IRQHandler                                   Build/startup_stm32f429xx.o
SPI1_IRQHandler                                   Build/startup_stm32f429xx.o
SPI2_IRQHandler                                   Build/startup_stm32f429xx.o
SPI3_IRQHandler                                   Build/startup_stm32f429xx.o
SPI4_IRQHandler                                   Build/startup_stm32f429xx.o
SPI5_IRQHandler                                   Build/startup_stm32f429xx.o
SPI6_IRQHandler                                   Build/startup_stm32f429xx.o
SVC_Handler                                       Build/startup_stm32f429xx.o
SysTick_Handler                                   Build/startup_stm32f429xx.o
TAMP_STAMP_IRQHandler                             Build/startup_stm32f429xx.o
TIM1_BRK_TIM9_IRQHandler                          Build/startup_stm32f429xx.o
TIM1_CC_IRQHandler                                Build/startup_stm32f429xx.o
TIM1_TRG_COM_TIM11_IRQHandler                     Build/startup_stm32f429xx.o
TIM1_UP_TIM10_IRQHandler                          Build/startup_stm32f429xx.o
TIM2_IRQHandler                                   Build/startup_stm32f429xx.o
TIM3_IRQHandler                                   Build/startup_stm32f429xx.o
TIM4_IRQHandler                                   Build/startup_stm32f429xx.o
TIM5_IRQHandler                                   Build/startup_stm32f429xx.o
TIM6_DAC_IRQHandler                               Build/startup_stm32f429xx.o
TIM7_IRQHandler                                   Build/startup_stm32f429xx.o
TIM8_BRK_TIM12_IRQHandler                         Build/startup_stm32f429xx.o
TIM8_CC_IRQHandler                                Build/startup_stm32f429xx.o
TIM8_TRG_COM_TIM14_IRQHandler                     Build/startup_stm32f429xx.o
TIM8_UP_TIM13_IRQHandler                          Build/startup_stm32f429xx.o
ToggleLED                                         Build/main.o
TurnOffAllLEDs                                    Build/main.o
TurnOnAllLEDs                                     Build/main.o
TurnOnAllLEDs1                                    Build/main.o
UART4_IRQHandler                                  Build/startup_stm32f429xx.o
UART5_IRQHandler                                  Build/startup_stm32f429xx.o
UART7_IRQHandler                                  Build/startup_stm32f429xx.o
UART8_IRQHandler                                  Build/startup_stm32f429xx.o
USART1_IRQHandler                                 Build/startup_stm32f429xx.o
USART2_IRQHandler                                 Build/startup_stm32f429xx.o
USART3_IRQHandler                                 Build/startup_stm32f429xx.o
USART6_IRQHandler                                 Build/startup_stm32f429xx.o
UsageFault_Handler                                Build/startup_stm32f429xx.o
WWDG_IRQHandler                                   Build/startup_stm32f429xx.o
_ITM_deregisterTMCloneTable                       D:/cccccccc/SysGCC/bin/../lib/gcc/arm-none-eabi/13.3.1/thumb/v7e-m+fp/hard/crtbegin.o
_ITM_registerTMCloneTable                         D:/cccccccc/SysGCC/bin/../lib/gcc/arm-none-eabi/13.3.1/thumb/v7e-m+fp/hard/crtbegin.o
__TMC_END__                                       D:/cccccccc/SysGCC/bin/../lib/gcc/arm-none-eabi/13.3.1/thumb/v7e-m+fp/hard/crtend.o
                                                  D:/cccccccc/SysGCC/bin/../lib/gcc/arm-none-eabi/13.3.1/thumb/v7e-m+fp/hard/crtbegin.o
__bss_end__                                       D:/cccccccc/SysGCC/bin/../lib/gcc/arm-none-eabi/13.3.1/thumb/v7e-m+fp/hard/crt0.o
__bss_start__                                     D:/cccccccc/SysGCC/bin/../lib/gcc/arm-none-eabi/13.3.1/thumb/v7e-m+fp/hard/crt0.o
__call_exitprocs                                  D:/cccccccc/SysGCC/bin/../lib/gcc/arm-none-eabi/13.3.1/thumb/v7e-m+fp/hard\libc_nano.a(libc_a-exit.o)
__deregister_frame_info                           D:/cccccccc/SysGCC/bin/../lib/gcc/arm-none-eabi/13.3.1/thumb/v7e-m+fp/hard/crtbegin.o
__dso_handle                                      D:/cccccccc/SysGCC/bin/../lib/gcc/arm-none-eabi/13.3.1/thumb/v7e-m+fp/hard/crtbegin.o
__fp_lock_all                                     D:/cccccccc/SysGCC/bin/../lib/gcc/arm-none-eabi/13.3.1/thumb/v7e-m+fp/hard\libc_nano.a(libc_a-findfp.o)
__fp_unlock_all                                   D:/cccccccc/SysGCC/bin/../lib/gcc/arm-none-eabi/13.3.1/thumb/v7e-m+fp/hard\libc_nano.a(libc_a-findfp.o)
__init_array_end                                  D:/cccccccc/SysGCC/bin/../lib/gcc/arm-none-eabi/13.3.1/thumb/v7e-m+fp/hard\libc_nano.a(libc_a-init.o)
__init_array_start                                D:/cccccccc/SysGCC/bin/../lib/gcc/arm-none-eabi/13.3.1/thumb/v7e-m+fp/hard\libc_nano.a(libc_a-init.o)
__libc_fini_array                                 D:/cccccccc/SysGCC/bin/../lib/gcc/arm-none-eabi/13.3.1/thumb/v7e-m+fp/hard/crt0.o
__libc_init_array                                 D:/cccccccc/SysGCC/bin/../lib/gcc/arm-none-eabi/13.3.1/thumb/v7e-m+fp/hard\libc_nano.a(libc_a-init.o)
                                                  Build/startup_stm32f429xx.o
                                                  D:/cccccccc/SysGCC/bin/../lib/gcc/arm-none-eabi/13.3.1/thumb/v7e-m+fp/hard/crt0.o
__lock___arc4random_mutex                         D:/cccccccc/SysGCC/bin/../lib/gcc/arm-none-eabi/13.3.1/thumb/v7e-m+fp/hard\libc_nano.a(libc_a-lock.o)
__lock___at_quick_exit_mutex                      D:/cccccccc/SysGCC/bin/../lib/gcc/arm-none-eabi/13.3.1/thumb/v7e-m+fp/hard\libc_nano.a(libc_a-lock.o)
__lock___atexit_recursive_mutex                   D:/cccccccc/SysGCC/bin/../lib/gcc/arm-none-eabi/13.3.1/thumb/v7e-m+fp/hard\libc_nano.a(libc_a-lock.o)
__lock___dd_hash_mutex                            D:/cccccccc/SysGCC/bin/../lib/gcc/arm-none-eabi/13.3.1/thumb/v7e-m+fp/hard\libc_nano.a(libc_a-lock.o)
__lock___env_recursive_mutex                      D:/cccccccc/SysGCC/bin/../lib/gcc/arm-none-eabi/13.3.1/thumb/v7e-m+fp/hard\libc_nano.a(libc_a-lock.o)
__lock___malloc_recursive_mutex                   D:/cccccccc/SysGCC/bin/../lib/gcc/arm-none-eabi/13.3.1/thumb/v7e-m+fp/hard\libc_nano.a(libc_a-lock.o)
                                                  D:/cccccccc/SysGCC/bin/../lib/gcc/arm-none-eabi/13.3.1/thumb/v7e-m+fp/hard\libc_nano.a(libc_a-mlock.o)
__lock___sfp_recursive_mutex                      D:/cccccccc/SysGCC/bin/../lib/gcc/arm-none-eabi/13.3.1/thumb/v7e-m+fp/hard\libc_nano.a(libc_a-lock.o)
                                                  D:/cccccccc/SysGCC/bin/../lib/gcc/arm-none-eabi/13.3.1/thumb/v7e-m+fp/hard\libc_nano.a(libc_a-findfp.o)
__lock___tz_mutex                                 D:/cccccccc/SysGCC/bin/../lib/gcc/arm-none-eabi/13.3.1/thumb/v7e-m+fp/hard\libc_nano.a(libc_a-lock.o)
__malloc_free_list                                D:/cccccccc/SysGCC/bin/../lib/gcc/arm-none-eabi/13.3.1/thumb/v7e-m+fp/hard\libc_nano.a(libc_a-mallocr.o)
                                                  D:/cccccccc/SysGCC/bin/../lib/gcc/arm-none-eabi/13.3.1/thumb/v7e-m+fp/hard\libc_nano.a(libc_a-freer.o)
__malloc_lock                                     D:/cccccccc/SysGCC/bin/../lib/gcc/arm-none-eabi/13.3.1/thumb/v7e-m+fp/hard\libc_nano.a(libc_a-mlock.o)
                                                  D:/cccccccc/SysGCC/bin/../lib/gcc/arm-none-eabi/13.3.1/thumb/v7e-m+fp/hard\libc_nano.a(libc_a-mallocr.o)
                                                  D:/cccccccc/SysGCC/bin/../lib/gcc/arm-none-eabi/13.3.1/thumb/v7e-m+fp/hard\libc_nano.a(libc_a-freer.o)
__malloc_sbrk_start                               D:/cccccccc/SysGCC/bin/../lib/gcc/arm-none-eabi/13.3.1/thumb/v7e-m+fp/hard\libc_nano.a(libc_a-mallocr.o)
__malloc_unlock                                   D:/cccccccc/SysGCC/bin/../lib/gcc/arm-none-eabi/13.3.1/thumb/v7e-m+fp/hard\libc_nano.a(libc_a-mlock.o)
                                                  D:/cccccccc/SysGCC/bin/../lib/gcc/arm-none-eabi/13.3.1/thumb/v7e-m+fp/hard\libc_nano.a(libc_a-mallocr.o)
                                                  D:/cccccccc/SysGCC/bin/../lib/gcc/arm-none-eabi/13.3.1/thumb/v7e-m+fp/hard\libc_nano.a(libc_a-freer.o)
__preinit_array_end                               D:/cccccccc/SysGCC/bin/../lib/gcc/arm-none-eabi/13.3.1/thumb/v7e-m+fp/hard\libc_nano.a(libc_a-init.o)
__preinit_array_start                             D:/cccccccc/SysGCC/bin/../lib/gcc/arm-none-eabi/13.3.1/thumb/v7e-m+fp/hard\libc_nano.a(libc_a-init.o)
__register_frame_info                             D:/cccccccc/SysGCC/bin/../lib/gcc/arm-none-eabi/13.3.1/thumb/v7e-m+fp/hard/crtbegin.o
__retarget_lock_acquire                           D:/cccccccc/SysGCC/bin/../lib/gcc/arm-none-eabi/13.3.1/thumb/v7e-m+fp/hard\libc_nano.a(libc_a-lock.o)
__retarget_lock_acquire_recursive                 D:/cccccccc/SysGCC/bin/../lib/gcc/arm-none-eabi/13.3.1/thumb/v7e-m+fp/hard\libc_nano.a(libc_a-lock.o)
                                                  D:/cccccccc/SysGCC/bin/../lib/gcc/arm-none-eabi/13.3.1/thumb/v7e-m+fp/hard\libc_nano.a(libc_a-fflush.o)
                                                  D:/cccccccc/SysGCC/bin/../lib/gcc/arm-none-eabi/13.3.1/thumb/v7e-m+fp/hard\libc_nano.a(libc_a-mlock.o)
                                                  D:/cccccccc/SysGCC/bin/../lib/gcc/arm-none-eabi/13.3.1/thumb/v7e-m+fp/hard\libc_nano.a(libc_a-findfp.o)
__retarget_lock_close                             D:/cccccccc/SysGCC/bin/../lib/gcc/arm-none-eabi/13.3.1/thumb/v7e-m+fp/hard\libc_nano.a(libc_a-lock.o)
__retarget_lock_close_recursive                   D:/cccccccc/SysGCC/bin/../lib/gcc/arm-none-eabi/13.3.1/thumb/v7e-m+fp/hard\libc_nano.a(libc_a-lock.o)
__retarget_lock_init                              D:/cccccccc/SysGCC/bin/../lib/gcc/arm-none-eabi/13.3.1/thumb/v7e-m+fp/hard\libc_nano.a(libc_a-lock.o)
__retarget_lock_init_recursive                    D:/cccccccc/SysGCC/bin/../lib/gcc/arm-none-eabi/13.3.1/thumb/v7e-m+fp/hard\libc_nano.a(libc_a-lock.o)
                                                  D:/cccccccc/SysGCC/bin/../lib/gcc/arm-none-eabi/13.3.1/thumb/v7e-m+fp/hard\libc_nano.a(libc_a-findfp.o)
__retarget_lock_release                           D:/cccccccc/SysGCC/bin/../lib/gcc/arm-none-eabi/13.3.1/thumb/v7e-m+fp/hard\libc_nano.a(libc_a-lock.o)
__retarget_lock_release_recursive                 D:/cccccccc/SysGCC/bin/../lib/gcc/arm-none-eabi/13.3.1/thumb/v7e-m+fp/hard\libc_nano.a(libc_a-lock.o)
                                                  D:/cccccccc/SysGCC/bin/../lib/gcc/arm-none-eabi/13.3.1/thumb/v7e-m+fp/hard\libc_nano.a(libc_a-fflush.o)
                                                  D:/cccccccc/SysGCC/bin/../lib/gcc/arm-none-eabi/13.3.1/thumb/v7e-m+fp/hard\libc_nano.a(libc_a-mlock.o)
                                                  D:/cccccccc/SysGCC/bin/../lib/gcc/arm-none-eabi/13.3.1/thumb/v7e-m+fp/hard\libc_nano.a(libc_a-findfp.o)
__retarget_lock_try_acquire                       D:/cccccccc/SysGCC/bin/../lib/gcc/arm-none-eabi/13.3.1/thumb/v7e-m+fp/hard\libc_nano.a(libc_a-lock.o)
__retarget_lock_try_acquire_recursive             D:/cccccccc/SysGCC/bin/../lib/gcc/arm-none-eabi/13.3.1/thumb/v7e-m+fp/hard\libc_nano.a(libc_a-lock.o)
__sclose                                          D:/cccccccc/SysGCC/bin/../lib/gcc/arm-none-eabi/13.3.1/thumb/v7e-m+fp/hard\libc_nano.a(libc_a-stdio.o)
                                                  D:/cccccccc/SysGCC/bin/../lib/gcc/arm-none-eabi/13.3.1/thumb/v7e-m+fp/hard\libc_nano.a(libc_a-findfp.o)
__seofread                                        D:/cccccccc/SysGCC/bin/../lib/gcc/arm-none-eabi/13.3.1/thumb/v7e-m+fp/hard\libc_nano.a(libc_a-stdio.o)
__sf                                              D:/cccccccc/SysGCC/bin/../lib/gcc/arm-none-eabi/13.3.1/thumb/v7e-m+fp/hard\libc_nano.a(libc_a-findfp.o)
                                                  D:/cccccccc/SysGCC/bin/../lib/gcc/arm-none-eabi/13.3.1/thumb/v7e-m+fp/hard\libc_nano.a(libc_a-impure.o)
__sflush_r                                        D:/cccccccc/SysGCC/bin/../lib/gcc/arm-none-eabi/13.3.1/thumb/v7e-m+fp/hard\libc_nano.a(libc_a-fflush.o)
__sfp                                             D:/cccccccc/SysGCC/bin/../lib/gcc/arm-none-eabi/13.3.1/thumb/v7e-m+fp/hard\libc_nano.a(libc_a-findfp.o)
__sfp_lock_acquire                                D:/cccccccc/SysGCC/bin/../lib/gcc/arm-none-eabi/13.3.1/thumb/v7e-m+fp/hard\libc_nano.a(libc_a-findfp.o)
__sfp_lock_release                                D:/cccccccc/SysGCC/bin/../lib/gcc/arm-none-eabi/13.3.1/thumb/v7e-m+fp/hard\libc_nano.a(libc_a-findfp.o)
__sglue                                           D:/cccccccc/SysGCC/bin/../lib/gcc/arm-none-eabi/13.3.1/thumb/v7e-m+fp/hard\libc_nano.a(libc_a-findfp.o)
                                                  D:/cccccccc/SysGCC/bin/../lib/gcc/arm-none-eabi/13.3.1/thumb/v7e-m+fp/hard\libc_nano.a(libc_a-fflush.o)
__sinit                                           D:/cccccccc/SysGCC/bin/../lib/gcc/arm-none-eabi/13.3.1/thumb/v7e-m+fp/hard\libc_nano.a(libc_a-findfp.o)
                                                  D:/cccccccc/SysGCC/bin/../lib/gcc/arm-none-eabi/13.3.1/thumb/v7e-m+fp/hard\libc_nano.a(libc_a-fflush.o)
__sread                                           D:/cccccccc/SysGCC/bin/../lib/gcc/arm-none-eabi/13.3.1/thumb/v7e-m+fp/hard\libc_nano.a(libc_a-stdio.o)
                                                  D:/cccccccc/SysGCC/bin/../lib/gcc/arm-none-eabi/13.3.1/thumb/v7e-m+fp/hard\libc_nano.a(libc_a-findfp.o)
__sseek                                           D:/cccccccc/SysGCC/bin/../lib/gcc/arm-none-eabi/13.3.1/thumb/v7e-m+fp/hard\libc_nano.a(libc_a-stdio.o)
                                                  D:/cccccccc/SysGCC/bin/../lib/gcc/arm-none-eabi/13.3.1/thumb/v7e-m+fp/hard\libc_nano.a(libc_a-findfp.o)
__stack                                           D:/cccccccc/SysGCC/bin/../lib/gcc/arm-none-eabi/13.3.1/thumb/v7e-m+fp/hard/crt0.o
__stdio_exit_handler                              D:/cccccccc/SysGCC/bin/../lib/gcc/arm-none-eabi/13.3.1/thumb/v7e-m+fp/hard\libc_nano.a(libc_a-findfp.o)
                                                  D:/cccccccc/SysGCC/bin/../lib/gcc/arm-none-eabi/13.3.1/thumb/v7e-m+fp/hard\libc_nano.a(libc_a-exit.o)
__swrite                                          D:/cccccccc/SysGCC/bin/../lib/gcc/arm-none-eabi/13.3.1/thumb/v7e-m+fp/hard\libc_nano.a(libc_a-stdio.o)
                                                  D:/cccccccc/SysGCC/bin/../lib/gcc/arm-none-eabi/13.3.1/thumb/v7e-m+fp/hard\libc_nano.a(libc_a-findfp.o)
_close                                            D:/cccccccc/SysGCC/bin/../lib/gcc/arm-none-eabi/13.3.1/thumb/v7e-m+fp/hard\libnosys.a(close.o)
                                                  D:/cccccccc/SysGCC/bin/../lib/gcc/arm-none-eabi/13.3.1/thumb/v7e-m+fp/hard\libc_nano.a(libc_a-closer.o)
_close_r                                          D:/cccccccc/SysGCC/bin/../lib/gcc/arm-none-eabi/13.3.1/thumb/v7e-m+fp/hard\libc_nano.a(libc_a-closer.o)
                                                  D:/cccccccc/SysGCC/bin/../lib/gcc/arm-none-eabi/13.3.1/thumb/v7e-m+fp/hard\libc_nano.a(libc_a-stdio.o)
_ebss                                             Build/startup_stm32f429xx.o
_edata                                            Build/startup_stm32f429xx.o
_estack                                           Build/startup_stm32f429xx.o
_exit                                             D:/cccccccc/SysGCC/bin/../lib/gcc/arm-none-eabi/13.3.1/thumb/v7e-m+fp/hard\libnosys.a(_exit.o)
                                                  D:/cccccccc/SysGCC/bin/../lib/gcc/arm-none-eabi/13.3.1/thumb/v7e-m+fp/hard\libc_nano.a(libc_a-exit.o)
_fflush_r                                         D:/cccccccc/SysGCC/bin/../lib/gcc/arm-none-eabi/13.3.1/thumb/v7e-m+fp/hard\libc_nano.a(libc_a-fflush.o)
                                                  D:/cccccccc/SysGCC/bin/../lib/gcc/arm-none-eabi/13.3.1/thumb/v7e-m+fp/hard\libc_nano.a(libc_a-findfp.o)
_fini                                             D:/cccccccc/SysGCC/bin/../lib/gcc/arm-none-eabi/13.3.1/thumb/v7e-m+fp/hard/crti.o
_free_r                                           D:/cccccccc/SysGCC/bin/../lib/gcc/arm-none-eabi/13.3.1/thumb/v7e-m+fp/hard\libc_nano.a(libc_a-freer.o)
                                                  D:/cccccccc/SysGCC/bin/../lib/gcc/arm-none-eabi/13.3.1/thumb/v7e-m+fp/hard\libc_nano.a(libc_a-fflush.o)
                                                  D:/cccccccc/SysGCC/bin/../lib/gcc/arm-none-eabi/13.3.1/thumb/v7e-m+fp/hard\libc_nano.a(libc_a-reent.o)
_fwalk_sglue                                      D:/cccccccc/SysGCC/bin/../lib/gcc/arm-none-eabi/13.3.1/thumb/v7e-m+fp/hard\libc_nano.a(libc_a-fwalk.o)
                                                  D:/cccccccc/SysGCC/bin/../lib/gcc/arm-none-eabi/13.3.1/thumb/v7e-m+fp/hard\libc_nano.a(libc_a-fflush.o)
                                                  D:/cccccccc/SysGCC/bin/../lib/gcc/arm-none-eabi/13.3.1/thumb/v7e-m+fp/hard\libc_nano.a(libc_a-findfp.o)
_impure_data                                      D:/cccccccc/SysGCC/bin/../lib/gcc/arm-none-eabi/13.3.1/thumb/v7e-m+fp/hard\libc_nano.a(libc_a-impure.o)
                                                  D:/cccccccc/SysGCC/bin/../lib/gcc/arm-none-eabi/13.3.1/thumb/v7e-m+fp/hard\libc_nano.a(libc_a-fflush.o)
                                                  D:/cccccccc/SysGCC/bin/../lib/gcc/arm-none-eabi/13.3.1/thumb/v7e-m+fp/hard\libc_nano.a(libc_a-findfp.o)
_impure_ptr                                       D:/cccccccc/SysGCC/bin/../lib/gcc/arm-none-eabi/13.3.1/thumb/v7e-m+fp/hard\libc_nano.a(libc_a-impure.o)
                                                  D:/cccccccc/SysGCC/bin/../lib/gcc/arm-none-eabi/13.3.1/thumb/v7e-m+fp/hard\libc_nano.a(libc_a-fflush.o)
                                                  D:/cccccccc/SysGCC/bin/../lib/gcc/arm-none-eabi/13.3.1/thumb/v7e-m+fp/hard\libc_nano.a(libc_a-reent.o)
_init                                             D:/cccccccc/SysGCC/bin/../lib/gcc/arm-none-eabi/13.3.1/thumb/v7e-m+fp/hard/crti.o
                                                  D:/cccccccc/SysGCC/bin/../lib/gcc/arm-none-eabi/13.3.1/thumb/v7e-m+fp/hard\libc_nano.a(libc_a-init.o)
_lseek                                            D:/cccccccc/SysGCC/bin/../lib/gcc/arm-none-eabi/13.3.1/thumb/v7e-m+fp/hard\libnosys.a(lseek.o)
                                                  D:/cccccccc/SysGCC/bin/../lib/gcc/arm-none-eabi/13.3.1/thumb/v7e-m+fp/hard\libc_nano.a(libc_a-lseekr.o)
_lseek_r                                          D:/cccccccc/SysGCC/bin/../lib/gcc/arm-none-eabi/13.3.1/thumb/v7e-m+fp/hard\libc_nano.a(libc_a-lseekr.o)
                                                  D:/cccccccc/SysGCC/bin/../lib/gcc/arm-none-eabi/13.3.1/thumb/v7e-m+fp/hard\libc_nano.a(libc_a-stdio.o)
_mainCRTStartup                                   D:/cccccccc/SysGCC/bin/../lib/gcc/arm-none-eabi/13.3.1/thumb/v7e-m+fp/hard/crt0.o
_malloc_r                                         D:/cccccccc/SysGCC/bin/../lib/gcc/arm-none-eabi/13.3.1/thumb/v7e-m+fp/hard\libc_nano.a(libc_a-mallocr.o)
                                                  D:/cccccccc/SysGCC/bin/../lib/gcc/arm-none-eabi/13.3.1/thumb/v7e-m+fp/hard\libc_nano.a(libc_a-findfp.o)
_read                                             D:/cccccccc/SysGCC/bin/../lib/gcc/arm-none-eabi/13.3.1/thumb/v7e-m+fp/hard\libnosys.a(read.o)
                                                  D:/cccccccc/SysGCC/bin/../lib/gcc/arm-none-eabi/13.3.1/thumb/v7e-m+fp/hard\libc_nano.a(libc_a-readr.o)
_read_r                                           D:/cccccccc/SysGCC/bin/../lib/gcc/arm-none-eabi/13.3.1/thumb/v7e-m+fp/hard\libc_nano.a(libc_a-readr.o)
                                                  D:/cccccccc/SysGCC/bin/../lib/gcc/arm-none-eabi/13.3.1/thumb/v7e-m+fp/hard\libc_nano.a(libc_a-stdio.o)
_reclaim_reent                                    D:/cccccccc/SysGCC/bin/../lib/gcc/arm-none-eabi/13.3.1/thumb/v7e-m+fp/hard\libc_nano.a(libc_a-reent.o)
_sbrk                                             D:/cccccccc/SysGCC/bin/../lib/gcc/arm-none-eabi/13.3.1/thumb/v7e-m+fp/hard\libnosys.a(sbrk.o)
                                                  D:/cccccccc/SysGCC/bin/../lib/gcc/arm-none-eabi/13.3.1/thumb/v7e-m+fp/hard\libc_nano.a(libc_a-sbrkr.o)
_sbrk_r                                           D:/cccccccc/SysGCC/bin/../lib/gcc/arm-none-eabi/13.3.1/thumb/v7e-m+fp/hard\libc_nano.a(libc_a-sbrkr.o)
                                                  D:/cccccccc/SysGCC/bin/../lib/gcc/arm-none-eabi/13.3.1/thumb/v7e-m+fp/hard\libc_nano.a(libc_a-mallocr.o)
_sbss                                             Build/startup_stm32f429xx.o
_sdata                                            Build/startup_stm32f429xx.o
_sidata                                           Build/startup_stm32f429xx.o
_stack_init                                       D:/cccccccc/SysGCC/bin/../lib/gcc/arm-none-eabi/13.3.1/thumb/v7e-m+fp/hard/crt0.o
_start                                            D:/cccccccc/SysGCC/bin/../lib/gcc/arm-none-eabi/13.3.1/thumb/v7e-m+fp/hard/crt0.o
_write                                            D:/cccccccc/SysGCC/bin/../lib/gcc/arm-none-eabi/13.3.1/thumb/v7e-m+fp/hard\libnosys.a(write.o)
                                                  D:/cccccccc/SysGCC/bin/../lib/gcc/arm-none-eabi/13.3.1/thumb/v7e-m+fp/hard\libc_nano.a(libc_a-writer.o)
_write_r                                          D:/cccccccc/SysGCC/bin/../lib/gcc/arm-none-eabi/13.3.1/thumb/v7e-m+fp/hard\libc_nano.a(libc_a-writer.o)
                                                  D:/cccccccc/SysGCC/bin/../lib/gcc/arm-none-eabi/13.3.1/thumb/v7e-m+fp/hard\libc_nano.a(libc_a-stdio.o)
atexit                                            D:/cccccccc/SysGCC/bin/../lib/gcc/arm-none-eabi/13.3.1/thumb/v7e-m+fp/hard/crt0.o
button_flag                                       Build/main.o
end                                               D:/cccccccc/SysGCC/bin/../lib/gcc/arm-none-eabi/13.3.1/thumb/v7e-m+fp/hard\libnosys.a(sbrk.o)
errno                                             D:/cccccccc/SysGCC/bin/../lib/gcc/arm-none-eabi/13.3.1/thumb/v7e-m+fp/hard\libc_nano.a(libc_a-reent.o)
                                                  D:/cccccccc/SysGCC/bin/../lib/gcc/arm-none-eabi/13.3.1/thumb/v7e-m+fp/hard\libnosys.a(write.o)
                                                  D:/cccccccc/SysGCC/bin/../lib/gcc/arm-none-eabi/13.3.1/thumb/v7e-m+fp/hard\libnosys.a(read.o)
                                                  D:/cccccccc/SysGCC/bin/../lib/gcc/arm-none-eabi/13.3.1/thumb/v7e-m+fp/hard\libnosys.a(lseek.o)
                                                  D:/cccccccc/SysGCC/bin/../lib/gcc/arm-none-eabi/13.3.1/thumb/v7e-m+fp/hard\libnosys.a(close.o)
                                                  D:/cccccccc/SysGCC/bin/../lib/gcc/arm-none-eabi/13.3.1/thumb/v7e-m+fp/hard\libc_nano.a(libc_a-sbrkr.o)
                                                  D:/cccccccc/SysGCC/bin/../lib/gcc/arm-none-eabi/13.3.1/thumb/v7e-m+fp/hard\libc_nano.a(libc_a-writer.o)
                                                  D:/cccccccc/SysGCC/bin/../lib/gcc/arm-none-eabi/13.3.1/thumb/v7e-m+fp/hard\libc_nano.a(libc_a-readr.o)
                                                  D:/cccccccc/SysGCC/bin/../lib/gcc/arm-none-eabi/13.3.1/thumb/v7e-m+fp/hard\libc_nano.a(libc_a-lseekr.o)
                                                  D:/cccccccc/SysGCC/bin/../lib/gcc/arm-none-eabi/13.3.1/thumb/v7e-m+fp/hard\libc_nano.a(libc_a-closer.o)
exit                                              D:/cccccccc/SysGCC/bin/../lib/gcc/arm-none-eabi/13.3.1/thumb/v7e-m+fp/hard\libc_nano.a(libc_a-exit.o)
                                                  D:/cccccccc/SysGCC/bin/../lib/gcc/arm-none-eabi/13.3.1/thumb/v7e-m+fp/hard/crt0.o
fflush                                            D:/cccccccc/SysGCC/bin/../lib/gcc/arm-none-eabi/13.3.1/thumb/v7e-m+fp/hard\libc_nano.a(libc_a-fflush.o)
g_pfnVectors                                      Build/startup_stm32f429xx.o
hardware_init_hook                                D:/cccccccc/SysGCC/bin/../lib/gcc/arm-none-eabi/13.3.1/thumb/v7e-m+fp/hard/crt0.o
led_flag                                          Build/main.o
main                                              Build/main.o
                                                  Build/startup_stm32f429xx.o
                                                  D:/cccccccc/SysGCC/bin/../lib/gcc/arm-none-eabi/13.3.1/thumb/v7e-m+fp/hard/crt0.o
memset                                            D:/cccccccc/SysGCC/bin/../lib/gcc/arm-none-eabi/13.3.1/thumb/v7e-m+fp/hard\libc_nano.a(libc_a-memset.o)
                                                  D:/cccccccc/SysGCC/bin/../lib/gcc/arm-none-eabi/13.3.1/thumb/v7e-m+fp/hard\libc_nano.a(libc_a-findfp.o)
                                                  D:/cccccccc/SysGCC/bin/../lib/gcc/arm-none-eabi/13.3.1/thumb/v7e-m+fp/hard/crt0.o
software_init_hook                                D:/cccccccc/SysGCC/bin/../lib/gcc/arm-none-eabi/13.3.1/thumb/v7e-m+fp/hard/crt0.o
