Archive member included to satisfy reference by file (symbol)

D:/MK/aboba/xpack-arm-none-eabi-gcc-13.2.1-1.1/bin/../lib/gcc/arm-none-eabi/13.2.1/../../../../arm-none-eabi/lib/thumb/v7e-m+fp/hard\libc_nano.a(libc_a-atexit.o)
                              D:/MK/aboba/xpack-arm-none-eabi-gcc-13.2.1-1.1/bin/../lib/gcc/arm-none-eabi/13.2.1/../../../../arm-none-eabi/lib/thumb/v7e-m+fp/hard/crt0.o (atexit)
D:/MK/aboba/xpack-arm-none-eabi-gcc-13.2.1-1.1/bin/../lib/gcc/arm-none-eabi/13.2.1/../../../../arm-none-eabi/lib/thumb/v7e-m+fp/hard\libc_nano.a(libc_a-exit.o)
                              D:/MK/aboba/xpack-arm-none-eabi-gcc-13.2.1-1.1/bin/../lib/gcc/arm-none-eabi/13.2.1/../../../../arm-none-eabi/lib/thumb/v7e-m+fp/hard/crt0.o (exit)
D:/MK/aboba/xpack-arm-none-eabi-gcc-13.2.1-1.1/bin/../lib/gcc/arm-none-eabi/13.2.1/../../../../arm-none-eabi/lib/thumb/v7e-m+fp/hard\libc_nano.a(libc_a-findfp.o)
                              D:/MK/aboba/xpack-arm-none-eabi-gcc-13.2.1-1.1/bin/../lib/gcc/arm-none-eabi/13.2.1/../../../../arm-none-eabi/lib/thumb/v7e-m+fp/hard\libc_nano.a(libc_a-exit.o) (__stdio_exit_handler)
D:/MK/aboba/xpack-arm-none-eabi-gcc-13.2.1-1.1/bin/../lib/gcc/arm-none-eabi/13.2.1/../../../../arm-none-eabi/lib/thumb/v7e-m+fp/hard\libc_nano.a(libc_a-fwalk.o)
                              D:/MK/aboba/xpack-arm-none-eabi-gcc-13.2.1-1.1/bin/../lib/gcc/arm-none-eabi/13.2.1/../../../../arm-none-eabi/lib/thumb/v7e-m+fp/hard\libc_nano.a(libc_a-findfp.o) (_fwalk_sglue)
D:/MK/aboba/xpack-arm-none-eabi-gcc-13.2.1-1.1/bin/../lib/gcc/arm-none-eabi/13.2.1/../../../../arm-none-eabi/lib/thumb/v7e-m+fp/hard\libc_nano.a(libc_a-stdio.o)
                              D:/MK/aboba/xpack-arm-none-eabi-gcc-13.2.1-1.1/bin/../lib/gcc/arm-none-eabi/13.2.1/../../../../arm-none-eabi/lib/thumb/v7e-m+fp/hard\libc_nano.a(libc_a-findfp.o) (__sread)
D:/MK/aboba/xpack-arm-none-eabi-gcc-13.2.1-1.1/bin/../lib/gcc/arm-none-eabi/13.2.1/../../../../arm-none-eabi/lib/thumb/v7e-m+fp/hard\libc_nano.a(libc_a-memset.o)
                              D:/MK/aboba/xpack-arm-none-eabi-gcc-13.2.1-1.1/bin/../lib/gcc/arm-none-eabi/13.2.1/../../../../arm-none-eabi/lib/thumb/v7e-m+fp/hard/crt0.o (memset)
D:/MK/aboba/xpack-arm-none-eabi-gcc-13.2.1-1.1/bin/../lib/gcc/arm-none-eabi/13.2.1/../../../../arm-none-eabi/lib/thumb/v7e-m+fp/hard\libc_nano.a(libc_a-closer.o)
                              D:/MK/aboba/xpack-arm-none-eabi-gcc-13.2.1-1.1/bin/../lib/gcc/arm-none-eabi/13.2.1/../../../../arm-none-eabi/lib/thumb/v7e-m+fp/hard\libc_nano.a(libc_a-stdio.o) (_close_r)
D:/MK/aboba/xpack-arm-none-eabi-gcc-13.2.1-1.1/bin/../lib/gcc/arm-none-eabi/13.2.1/../../../../arm-none-eabi/lib/thumb/v7e-m+fp/hard\libc_nano.a(libc_a-reent.o)
                              D:/MK/aboba/xpack-arm-none-eabi-gcc-13.2.1-1.1/bin/../lib/gcc/arm-none-eabi/13.2.1/../../../../arm-none-eabi/lib/thumb/v7e-m+fp/hard\libc_nano.a(libc_a-closer.o) (errno)
D:/MK/aboba/xpack-arm-none-eabi-gcc-13.2.1-1.1/bin/../lib/gcc/arm-none-eabi/13.2.1/../../../../arm-none-eabi/lib/thumb/v7e-m+fp/hard\libc_nano.a(libc_a-impure.o)
                              D:/MK/aboba/xpack-arm-none-eabi-gcc-13.2.1-1.1/bin/../lib/gcc/arm-none-eabi/13.2.1/../../../../arm-none-eabi/lib/thumb/v7e-m+fp/hard\libc_nano.a(libc_a-reent.o) (_impure_ptr)
D:/MK/aboba/xpack-arm-none-eabi-gcc-13.2.1-1.1/bin/../lib/gcc/arm-none-eabi/13.2.1/../../../../arm-none-eabi/lib/thumb/v7e-m+fp/hard\libc_nano.a(libc_a-lseekr.o)
                              D:/MK/aboba/xpack-arm-none-eabi-gcc-13.2.1-1.1/bin/../lib/gcc/arm-none-eabi/13.2.1/../../../../arm-none-eabi/lib/thumb/v7e-m+fp/hard\libc_nano.a(libc_a-stdio.o) (_lseek_r)
D:/MK/aboba/xpack-arm-none-eabi-gcc-13.2.1-1.1/bin/../lib/gcc/arm-none-eabi/13.2.1/../../../../arm-none-eabi/lib/thumb/v7e-m+fp/hard\libc_nano.a(libc_a-readr.o)
                              D:/MK/aboba/xpack-arm-none-eabi-gcc-13.2.1-1.1/bin/../lib/gcc/arm-none-eabi/13.2.1/../../../../arm-none-eabi/lib/thumb/v7e-m+fp/hard\libc_nano.a(libc_a-stdio.o) (_read_r)
D:/MK/aboba/xpack-arm-none-eabi-gcc-13.2.1-1.1/bin/../lib/gcc/arm-none-eabi/13.2.1/../../../../arm-none-eabi/lib/thumb/v7e-m+fp/hard\libc_nano.a(libc_a-writer.o)
                              D:/MK/aboba/xpack-arm-none-eabi-gcc-13.2.1-1.1/bin/../lib/gcc/arm-none-eabi/13.2.1/../../../../arm-none-eabi/lib/thumb/v7e-m+fp/hard\libc_nano.a(libc_a-stdio.o) (_write_r)
D:/MK/aboba/xpack-arm-none-eabi-gcc-13.2.1-1.1/bin/../lib/gcc/arm-none-eabi/13.2.1/../../../../arm-none-eabi/lib/thumb/v7e-m+fp/hard\libc_nano.a(libc_a-init.o)
                              D:/MK/aboba/xpack-arm-none-eabi-gcc-13.2.1-1.1/bin/../lib/gcc/arm-none-eabi/13.2.1/../../../../arm-none-eabi/lib/thumb/v7e-m+fp/hard/crt0.o (__libc_init_array)
D:/MK/aboba/xpack-arm-none-eabi-gcc-13.2.1-1.1/bin/../lib/gcc/arm-none-eabi/13.2.1/../../../../arm-none-eabi/lib/thumb/v7e-m+fp/hard\libc_nano.a(libc_a-fini.o)
[...]
Memory Configuration

Name             Origin             Length             Attributes
RAM              0x20000000         0x00030000         xrw
CCMRAM           0x10000000         0x00010000         xrw
FLASH            0x08000000         0x00200000         xr
*default*        0x00000000         0xffffffff

Linker script and memory map

LOAD D:/MK/aboba/xpack-arm-none-eabi-gcc-13.2.1-1.1/bin/../lib/gcc/arm-none-eabi/13.2.1/thumb/v7e-m+fp/hard/crti.o
LOAD D:/MK/aboba/xpack-arm-none-eabi-gcc-13.2.1-1.1/bin/../lib/gcc/arm-none-eabi/13.2.1/thumb/v7e-m+fp/hard/crtbegin.o
LOAD D:/MK/aboba/xpack-arm-none-eabi-gcc-13.2.1-1.1/bin/../lib/gcc/arm-none-eabi/13.2.1/../../../../arm-none-eabi/lib/thumb/v7e-m+fp/hard/crt0.o
LOAD build/main.o
LOAD build/startup_stm32f429xx.o
LOAD D:/MK/aboba/xpack-arm-none-eabi-gcc-13.2.1-1.1/bin/../lib/gcc/arm-none-eabi/13.2.1/../../../../arm-none-eabi/lib/thumb/v7e-m+fp/hard\libc_nano.a
LOAD D:/MK/aboba/xpack-arm-none-eabi-gcc-13.2.1-1.1/bin/../lib/gcc/arm-none-eabi/13.2.1/../../../../arm-none-eabi/lib/thumb/v7e-m+fp/hard\libm.a
LOAD D:/MK/aboba/xpack-arm-none-eabi-gcc-13.2.1-1.1/bin/../lib/gcc/arm-none-eabi/13.2.1/../../../../arm-none-eabi/lib/thumb/v7e-m+fp/hard\libnosys.a
START GROUP
LOAD D:/MK/aboba/xpack-arm-none-eabi-gcc-13.2.1-1.1/bin/../lib/gcc/arm-none-eabi/13.2.1/thumb/v7e-m+fp/hard\libgcc.a
LOAD D:/MK/aboba/xpack-arm-none-eabi-gcc-13.2.1-1.1/bin/../lib/gcc/arm-none-eabi/13.2.1/../../../../arm-none-eabi/lib/thumb/v7e-m+fp/hard\libc_nano.a
END GROUP
START GROUP
LOAD D:/MK/aboba/xpack-arm-none-eabi-gcc-13.2.1-1.1/bin/../lib/gcc/arm-none-eabi/13.2.1/thumb/v7e-m+fp/hard\libgcc.a
LOAD D:/MK/aboba/xpack-arm-none-eabi-gcc-13.2.1-1.1/bin/../lib/gcc/arm-none-eabi/13.2.1/../../../../arm-none-eabi/lib/thumb/v7e-m+fp/hard\libc_nano.a
END GROUP
LOAD D:/MK/aboba/xpack-arm-none-eabi-gcc-13.2.1-1.1/bin/../lib/gcc/arm-none-eabi/13.2.1/thumb/v7e-m+fp/hard/crtend.o
LOAD D:/MK/aboba/xpack-arm-none-eabi-gcc-13.2.1-1.1/bin/../lib/gcc/arm-none-eabi/13.2.1/thumb/v7e-m+fp/hard/crtn.o
                0x20030000                        _estack = (ORIGIN (RAM) + LENGTH (RAM))
                0x00000200                        _Min_Heap_Size = 0x200
                0x00000400                        _Min_Stack_Size = 0x400

.isr_vector     0x08000000      0x1ac
                0x08000000                        . = ALIGN (0x4)
 *(.isr_vector)
 .isr_vector    0x08000000      0x1ac build/startup_stm32f429xx.o
                0x08000000                g_pfnVectors
                0x080001ac                        . = ALIGN (0x4)

.text           0x080001ac      0x374
                0x080001ac                        . = ALIGN (0x4)
 *(.text)
 *(.text*)
 .text.__do_global_dtors_aux
                0x080001ac       0x24 D:/MK/aboba/xpack-arm-none-eabi-gcc-13.2.1-1.1/bin/../lib/gcc/arm-none-eabi/13.2.1/thumb/v7e-m+fp/hard/crtbegin.o
 .text.frame_dummy
                0x080001d0       0x1c D:/MK/aboba/xpack-arm-none-eabi-gcc-13.2.1-1.1/bin/../lib/gcc/arm-none-eabi/13.2.1/thumb/v7e-m+fp/hard/crtbegin.o
 .text.LED1_out
                0x080001ec       0x30 build/main.o
                0x080001ec                LED1_out
 .text.LED2_out
                0x0800021c       0x30 build/main.o
                0x0800021c                LED2_out
 .text.LED3_out
                0x0800024c       0x30 build/main.o
                0x0800024c                LED3_out
 .text.LED1_in  0x0800027c       0x18 build/main.o
                0x0800027c                LED1_in
 .text.LED2_in  0x08000294       0x1c build/main.o
                0x08000294                LED2_in
 .text.LED3_in  0x080002b0       0x18 build/main.o
                0x080002b0                LED3_in
 .text.GPIO_Init
                0x080002c8       0x18 build/main.o
                0x080002c8                GPIO_Init
 .text.GPIO_Init_const_LED_button
                0x080002e0       0x78 build/main.o
                0x080002e0                GPIO_Init_const_LED_button
 .text.main     0x08000358      0x118 build/main.o
                0x08000358                main
 .text.Reset_Handler
                0x08000470       0x4c build/startup_stm32f429xx.o
                0x08000470                Reset_Handler
 .text.Default_Handler
                0x080004bc        0x2 build/startup_stm32f429xx.o
                0x080004bc                RTC_Alarm_IRQHandler
                0x080004bc                HASH_RNG_IRQHandler
                0x080004bc                EXTI2_IRQHandler
                0x080004bc                TIM8_CC_IRQHandler
                0x080004bc                DebugMon_Handler
                0x080004bc                UART8_IRQHandler
                0x080004bc                SPI4_IRQHandler
                0x080004bc                TIM1_CC_IRQHandler
                0x080004bc                DMA2_Stream5_IRQHandler
                0x080004bc                HardFault_Handler
                0x080004bc                DMA1_Stream5_IRQHandler
                0x080004bc                SysTick_Handler
                0x080004bc                PVD_IRQHandler
                0x080004bc                SDIO_IRQHandler
                0x080004bc                TAMP_STAMP_IRQHandler
                0x080004bc                PendSV_Handler
                0x080004bc                NMI_Handler
                0x080004bc                CAN2_RX1_IRQHandler
                0x080004bc                EXTI3_IRQHandler
                0x080004bc                TIM8_TRG_COM_TIM14_IRQHandler
                0x080004bc                TIM1_UP_TIM10_IRQHandler
                0x080004bc                TIM8_UP_TIM13_IRQHandler
                0x080004bc                I2C3_ER_IRQHandler
                0x080004bc                EXTI0_IRQHandler
                0x080004bc                I2C2_EV_IRQHandler
                0x080004bc                DMA1_Stream2_IRQHandler
                0x080004bc                CAN1_RX0_IRQHandler
                0x080004bc                FPU_IRQHandler
                0x080004bc                OTG_HS_WKUP_IRQHandler
                0x080004bc                UsageFault_Handler
                0x080004bc                LTDC_ER_IRQHandler
                0x080004bc                CAN2_SCE_IRQHandler
                0x080004bc                DMA2_Stream2_IRQHandler
                0x080004bc                SPI1_IRQHandler
                0x080004bc                TIM6_DAC_IRQHandler
                0x080004bc                TIM1_BRK_TIM9_IRQHandler
                0x080004bc                DCMI_IRQHandler
                0x080004bc                CAN2_RX0_IRQHandler
                0x080004bc                DMA2_Stream3_IRQHandler
                0x080004bc                USART6_IRQHandler
                0x080004bc                USART3_IRQHandler
                0x080004bc                CAN1_RX1_IRQHandler
                0x080004bc                UART5_IRQHandler
                0x080004bc                DMA2_Stream0_IRQHandler
                0x080004bc                TIM4_IRQHandler
                0x080004bc                I2C1_EV_IRQHandler
                0x080004bc                DMA1_Stream6_IRQHandler
                0x080004bc                DMA1_Stream1_IRQHandler
                0x080004bc                UART4_IRQHandler
                0x080004bc                TIM3_IRQHandler
                0x080004bc                RCC_IRQHandler
                0x080004bc                TIM8_BRK_TIM12_IRQHandler
                0x080004bc                Default_Handler
                0x080004bc                EXTI15_10_IRQHandler
                0x080004bc                ADC_IRQHandler
                0x080004bc                DMA1_Stream7_IRQHandler
                0x080004bc                SPI5_IRQHandler
                0x080004bc                TIM7_IRQHandler
                0x080004bc                CAN2_TX_IRQHandler
                0x080004bc                TIM5_IRQHandler
                0x080004bc                DMA2_Stream7_IRQHandler
                0x080004bc                I2C3_EV_IRQHandler
                0x080004bc                EXTI9_5_IRQHandler
                0x080004bc                RTC_WKUP_IRQHandler
                0x080004bc                LTDC_IRQHandler
                0x080004bc                ETH_WKUP_IRQHandler
                0x080004bc                SPI2_IRQHandler
                0x080004bc                OTG_HS_EP1_IN_IRQHandler
                0x080004bc                MemManage_Handler
                0x080004bc                DMA1_Stream0_IRQHandler
                0x080004bc                CAN1_TX_IRQHandler
                0x080004bc                SVC_Handler
                0x080004bc                EXTI4_IRQHandler
                0x080004bc                ETH_IRQHandler
                0x080004bc                OTG_HS_EP1_OUT_IRQHandler
                0x080004bc                WWDG_IRQHandler
                0x080004bc                SPI6_IRQHandler
                0x080004bc                TIM2_IRQHandler
                0x080004bc                OTG_FS_WKUP_IRQHandler
                0x080004bc                TIM1_TRG_COM_TIM11_IRQHandler
                0x080004bc                OTG_HS_IRQHandler
                0x080004bc                DMA2D_IRQHandler
                0x080004bc                EXTI1_IRQHandler
                0x080004bc                UART7_IRQHandler
                0x080004bc                USART2_IRQHandler
                0x080004bc                I2C2_ER_IRQHandler
                0x080004bc                DMA2_Stream1_IRQHandler
                0x080004bc                CAN1_SCE_IRQHandler
                0x080004bc                FLASH_IRQHandler
                0x080004bc                DMA2_Stream4_IRQHandler
                0x080004bc                BusFault_Handler
                0x080004bc                USART1_IRQHandler
                0x080004bc                OTG_FS_IRQHandler
                0x080004bc                SPI3_IRQHandler
                0x080004bc                DMA1_Stream4_IRQHandler
                0x080004bc                I2C1_ER_IRQHandler
                0x080004bc                FMC_IRQHandler
                0x080004bc                DMA2_Stream6_IRQHandler
                0x080004bc                SAI1_IRQHandler
                0x080004bc                DMA1_Stream3_IRQHandler
 *fill*         0x080004be        0x2 
 .text.__libc_init_array
                0x080004c0       0x48 D:/MK/aboba/xpack-arm-none-eabi-gcc-13.2.1-1.1/bin/../lib/gcc/arm-none-eabi/13.2.1/../../../../arm-none-eabi/lib/thumb/v7e-m+fp/hard\libc_nano.a(libc_a-init.o)
                0x080004c0                __libc_init_array
 *(.glue_7)
 .glue_7        0x08000508        0x0 linker stubs
 *(.glue_7t)
 .glue_7t       0x08000508        0x0 linker stubs
 *(.eh_frame)
 .eh_frame      0x08000508        0x0 D:/MK/aboba/xpack-arm-none-eabi-gcc-13.2.1-1.1/bin/../lib/gcc/arm-none-eabi/13.2.1/thumb/v7e-m+fp/hard/crtbegin.o
 *(.init)
 .init          0x08000508        0x4 D:/MK/aboba/xpack-arm-none-eabi-gcc-13.2.1-1.1/bin/../lib/gcc/arm-none-eabi/13.2.1/thumb/v7e-m+fp/hard/crti.o
                0x08000508                _init
 .init          0x0800050c        0x8 D:/MK/aboba/xpack-arm-none-eabi-gcc-13.2.1-1.1/bin/../lib/gcc/arm-none-eabi/13.2.1/thumb/v7e-m+fp/hard/crtn.o
 *(.fini)
 .fini          0x08000514        0x4 D:/MK/aboba/xpack-arm-none-eabi-gcc-13.2.1-1.1/bin/../lib/gcc/arm-none-eabi/13.2.1/thumb/v7e-m+fp/hard/crti.o
                0x08000514                _fini
 .fini          0x08000518        0x8 D:/MK/aboba/xpack-arm-none-eabi-gcc-13.2.1-1.1/bin/../lib/gcc/arm-none-eabi/13.2.1/thumb/v7e-m+fp/hard/crtn.o
                0x08000520                        . = ALIGN (0x4)
                0x08000520                        _etext = .

.vfp11_veneer   0x08000520        0x0
 .vfp11_veneer  0x08000520        0x0 linker stubs

.v4_bx          0x08000520        0x0
 .v4_bx         0x08000520        0x0 linker stubs

.iplt           0x08000520        0x0
 .iplt          0x08000520        0x0 D:/MK/aboba/xpack-arm-none-eabi-gcc-13.2.1-1.1/bin/../lib/gcc/arm-none-eabi/13.2.1/thumb/v7e-m+fp/hard/crtbegin.o

.rel.dyn        0x08000520        0x0
 .rel.iplt      0x08000520        0x0 D:/MK/aboba/xpack-arm-none-eabi-gcc-13.2.1-1.1/bin/../lib/gcc/arm-none-eabi/13.2.1/thumb/v7e-m+fp/hard/crtbegin.o

.rodata         0x08000520        0x0
                0x08000520                        . = ALIGN (0x4)
 *(.rodata)
 *(.rodata*)
                0x08000520                        . = ALIGN (0x4)

.ARM.extab
 *(.ARM.extab* .gnu.linkonce.armextab.*)

.ARM            0x08000520        0x0
                0x08000520                        __exidx_start = .
 *(.ARM.exidx*)
                0x08000520                        __exidx_end = .

.preinit_array  0x08000520        0x0
                0x08000520                        PROVIDE (__preinit_array_start = .)
 *(.preinit_array*)
                0x08000520                        PROVIDE (__preinit_array_end = .)

.init_array     0x08000520        0x4
                0x08000520                        PROVIDE (__init_array_start = .)
 *(SORT_BY_NAME(.init_array.*))
 *(.init_array*)
 .init_array    0x08000520        0x4 D:/MK/aboba/xpack-arm-none-eabi-gcc-13.2.1-1.1/bin/../lib/gcc/arm-none-eabi/13.2.1/thumb/v7e-m+fp/hard/crtbegin.o
                0x08000524                        PROVIDE (__init_array_end = .)

.fini_array     0x08000524        0x4
                0x08000524                        PROVIDE (__fini_array_start = .)
 *(SORT_BY_NAME(.fini_array.*))
 *(.fini_array*)
 .fini_array    0x08000524        0x4 D:/MK/aboba/xpack-arm-none-eabi-gcc-13.2.1-1.1/bin/../lib/gcc/arm-none-eabi/13.2.1/thumb/v7e-m+fp/hard/crtbegin.o
                0x08000528                        PROVIDE (__fini_array_end = .)
                0x08000528                        _sidata = LOADADDR (.data)

.data           0x20000000        0x0 load address 0x08000528
                0x20000000                        . = ALIGN (0x4)
                0x20000000                        _sdata = .
 *(.data)
 *(.data*)
                0x20000000                        . = ALIGN (0x4)
                0x20000000                        _edata = .
                0x08000528                        _siccmram = LOADADDR (.ccmram)

.igot.plt       0x20000000        0x0 load address 0x08000528
 .igot.plt      0x20000000        0x0 D:/MK/aboba/xpack-arm-none-eabi-gcc-13.2.1-1.1/bin/../lib/gcc/arm-none-eabi/13.2.1/thumb/v7e-m+fp/hard/crtbegin.o

.ccmram         0x10000000        0x0 load address 0x08000528
                0x10000000                        . = ALIGN (0x4)
                0x10000000                        _sccmram = .
 *(.ccmram)
 *(.ccmram*)
                0x10000000                        . = ALIGN (0x4)
                0x10000000                        _eccmram = .
                0x10000000                        . = ALIGN (0x4)

.bss            0x20000000       0x1c
                0x20000000                        _sbss = .
                0x20000000                        __bss_start__ = _sbss
 *(.bss)
 *(.bss*)
 .bss.completed.1
                0x20000000        0x1 D:/MK/aboba/xpack-arm-none-eabi-gcc-13.2.1-1.1/bin/../lib/gcc/arm-none-eabi/13.2.1/thumb/v7e-m+fp/hard/crtbegin.o
 *fill*         0x20000001        0x3 
 .bss.object.0  0x20000004       0x18 D:/MK/aboba/xpack-arm-none-eabi-gcc-13.2.1-1.1/bin/../lib/gcc/arm-none-eabi/13.2.1/thumb/v7e-m+fp/hard/crtbegin.o
 *(COMMON)
                0x2000001c                        . = ALIGN (0x4)
                0x2000001c                        _ebss = .
                0x2000001c                        __bss_end__ = _ebss

._user_heap_stack
                0x2000001c      0x604
                0x20000020                        . = ALIGN (0x8)
 *fill*         0x2000001c        0x4 
                0x20000020                        PROVIDE (end = .)
                [!provide]                        PROVIDE (_end = .)
                0x20000220                        . = (. + _Min_Heap_Size)
 *fill*         0x20000020      0x200 
                0x20000620                        . = (. + _Min_Stack_Size)
 *fill*         0x20000220      0x400 
                0x20000620                        . = ALIGN (0x8)

/DISCARD/
 libc.a(*)
 libm.a(*)
 libgcc.a(*)

.ARM.attributes
                0x00000000       0x30
 *(.ARM.attributes)
 .ARM.attributes
                0x00000000       0x22 D:/MK/aboba/xpack-arm-none-eabi-gcc-13.2.1-1.1/bin/../lib/gcc/arm-none-eabi/13.2.1/thumb/v7e-m+fp/hard/crti.o
 .ARM.attributes
                0x00000022       0x34 D:/MK/aboba/xpack-arm-none-eabi-gcc-13.2.1-1.1/bin/../lib/gcc/arm-none-eabi/13.2.1/thumb/v7e-m+fp/hard/crtbegin.o
 .ARM.attributes
                0x00000056       0x34 build/main.o
 .ARM.attributes
                0x0000008a       0x21 build/startup_stm32f429xx.o
 .ARM.attributes
                0x000000ab       0x34 D:/MK/aboba/xpack-arm-none-eabi-gcc-13.2.1-1.1/bin/../lib/gcc/arm-none-eabi/13.2.1/../../../../arm-none-eabi/lib/thumb/v7e-m+fp/hard\libc_nano.a(libc_a-init.o)
 .ARM.attributes
                0x000000df       0x22 D:/MK/aboba/xpack-arm-none-eabi-gcc-13.2.1-1.1/bin/../lib/gcc/arm-none-eabi/13.2.1/thumb/v7e-m+fp/hard/crtn.o
OUTPUT(build/LABORATORY_PRACTICE.elf elf32-littlearm)
LOAD linker stubs
LOAD D:/MK/aboba/xpack-arm-none-eabi-gcc-13.2.1-1.1/bin/../lib/gcc/arm-none-eabi/13.2.1/../../../../arm-none-eabi/lib/thumb/v7e-m+fp/hard\libc.a
LOAD D:/MK/aboba/xpack-arm-none-eabi-gcc-13.2.1-1.1/bin/../lib/gcc/arm-none-eabi/13.2.1/../../../../arm-none-eabi/lib/thumb/v7e-m+fp/hard\libm.a
LOAD D:/MK/aboba/xpack-arm-none-eabi-gcc-13.2.1-1.1/bin/../lib/gcc/arm-none-eabi/13.2.1/thumb/v7e-m+fp/hard\libgcc.a

.comment        0x00000000       0x39
 .comment       0x00000000       0x39 D:/MK/aboba/xpack-arm-none-eabi-gcc-13.2.1-1.1/bin/../lib/gcc/arm-none-eabi/13.2.1/thumb/v7e-m+fp/hard/crtbegin.o
                                 0x3a (size before relaxing)
 .comment       0x00000039       0x3a build/main.o
 .comment       0x00000039       0x3a D:/MK/aboba/xpack-arm-none-eabi-gcc-13.2.1-1.1/bin/../lib/gcc/arm-none-eabi/13.2.1/../../../../arm-none-eabi/lib/thumb/v7e-m+fp/hard\libc_nano.a(libc_a-init.o)

.debug_info     0x00000000      0x556
 .debug_info    0x00000000      0x526 build/main.o
 .debug_info    0x00000526       0x30 build/startup_stm32f429xx.o

.debug_abbrev   0x00000000      0x125
 .debug_abbrev  0x00000000      0x108 build/main.o
 .debug_abbrev  0x00000108       0x1d build/startup_stm32f429xx.o

.debug_loc      0x00000000      0x199
 .debug_loc     0x00000000      0x199 build/main.o

.debug_aranges  0x00000000       0x88
 .debug_aranges
                0x00000000       0x60 build/main.o
 .debug_aranges
                0x00000060       0x28 build/startup_stm32f429xx.o

.debug_ranges   0x00000000       0x70
 .debug_ranges  0x00000000       0x50 build/main.o
 .debug_ranges  0x00000050       0x20 build/startup_stm32f429xx.o

.debug_line     0x00000000      0x3e3
 .debug_line    0x00000000      0x371 build/main.o
 .debug_line    0x00000371       0x72 build/startup_stm32f429xx.o

.debug_str      0x00000000      0x311
 .debug_str     0x00000000      0x311 build/main.o
                                0x329 (size before relaxing)
 .debug_str     0x00000311       0x56 build/startup_stm32f429xx.o

.debug_frame    0x00000000       0xb0
 .debug_frame   0x00000000       0xb0 build/main.o

Cross Reference Table

Symbol                                            File
ADC_IRQHandler                                    build/startup_stm32f429xx.o
BusFault_Handler                                  build/startup_stm32f429xx.o
CAN1_RX0_IRQHandler                               build/startup_stm32f429xx.o
CAN1_RX1_IRQHandler                               build/startup_stm32f429xx.o
CAN1_SCE_IRQHandler                               build/startup_stm32f429xx.o
CAN1_TX_IRQHandler                                build/startup_stm32f429xx.o
CAN2_RX0_IRQHandler                               build/startup_stm32f429xx.o
CAN2_RX1_IRQHandler                               build/startup_stm32f429xx.o
CAN2_SCE_IRQHandler                               build/startup_stm32f429xx.o
CAN2_TX_IRQHandler                                build/startup_stm32f429xx.o
DCMI_IRQHandler                                   build/startup_stm32f429xx.o
DMA1_Stream0_IRQHandler                           build/startup_stm32f429xx.o
DMA1_Stream1_IRQHandler                           build/startup_stm32f429xx.o
DMA1_Stream2_IRQHandler                           build/startup_stm32f429xx.o
DMA1_Stream3_IRQHandler                           build/startup_stm32f429xx.o
DMA1_Stream4_IRQHandler                           build/startup_stm32f429xx.o
DMA1_Stream5_IRQHandler                           build/startup_stm32f429xx.o
DMA1_Stream6_IRQHandler                           build/startup_stm32f429xx.o
DMA1_Stream7_IRQHandler                           build/startup_stm32f429xx.o
DMA2D_IRQHandler                                  build/startup_stm32f429xx.o
DMA2_Stream0_IRQHandler                           build/startup_stm32f429xx.o
DMA2_Stream1_IRQHandler                           build/startup_stm32f429xx.o
DMA2_Stream2_IRQHandler                           build/startup_stm32f429xx.o
DMA2_Stream3_IRQHandler                           build/startup_stm32f429xx.o
DMA2_Stream4_IRQHandler                           build/startup_stm32f429xx.o
DMA2_Stream5_IRQHandler                           build/startup_stm32f429xx.o
DMA2_Stream6_IRQHandler                           build/startup_stm32f429xx.o
DMA2_Stream7_IRQHandler                           build/startup_stm32f429xx.o
DebugMon_Handler                                  build/startup_stm32f429xx.o
Default_Handler                                   build/startup_stm32f429xx.o
ETH_IRQHandler                                    build/startup_stm32f429xx.o
ETH_WKUP_IRQHandler                               build/startup_stm32f429xx.o
EXTI0_IRQHandler                                  build/startup_stm32f429xx.o
EXTI15_10_IRQHandler                              build/startup_stm32f429xx.o
EXTI1_IRQHandler                                  build/startup_stm32f429xx.o
EXTI2_IRQHandler                                  build/startup_stm32f429xx.o
EXTI3_IRQHandler                                  build/startup_stm32f429xx.o
EXTI4_IRQHandler                                  build/startup_stm32f429xx.o
EXTI9_5_IRQHandler                                build/startup_stm32f429xx.o
FLASH_IRQHandler                                  build/startup_stm32f429xx.o
FMC_IRQHandler                                    build/startup_stm32f429xx.o
FPU_IRQHandler                                    build/startup_stm32f429xx.o
GPIO_Init                                         build/main.o
GPIO_Init_const_LED_button                        build/main.o
HASH_RNG_IRQHandler                               build/startup_stm32f429xx.o
HardFault_Handler                                 build/startup_stm32f429xx.o
I2C1_ER_IRQHandler                                build/startup_stm32f429xx.o
I2C1_EV_IRQHandler                                build/startup_stm32f429xx.o
I2C2_ER_IRQHandler                                build/startup_stm32f429xx.o
I2C2_EV_IRQHandler                                build/startup_stm32f429xx.o
I2C3_ER_IRQHandler                                build/startup_stm32f429xx.o
I2C3_EV_IRQHandler                                build/startup_stm32f429xx.o
LED1_in                                           build/main.o
LED1_out                                          build/main.o
LED2_in                                           build/main.o
LED2_out                                          build/main.o
LED3_in                                           build/main.o
LED3_out                                          build/main.o
LTDC_ER_IRQHandler                                build/startup_stm32f429xx.o
LTDC_IRQHandler                                   build/startup_stm32f429xx.o
MemManage_Handler                                 build/startup_stm32f429xx.o
NMI_Handler                                       build/startup_stm32f429xx.o
OTG_FS_IRQHandler                                 build/startup_stm32f429xx.o
OTG_FS_WKUP_IRQHandler                            build/startup_stm32f429xx.o
OTG_HS_EP1_IN_IRQHandler                          build/startup_stm32f429xx.o
OTG_HS_EP1_OUT_IRQHandler                         build/startup_stm32f429xx.o
OTG_HS_IRQHandler                                 build/startup_stm32f429xx.o
OTG_HS_WKUP_IRQHandler                            build/startup_stm32f429xx.o
PVD_IRQHandler                                    build/startup_stm32f429xx.o
PendSV_Handler                                    build/startup_stm32f429xx.o
RCC_IRQHandler                                    build/startup_stm32f429xx.o
RTC_Alarm_IRQHandler                              build/startup_stm32f429xx.o
RTC_WKUP_IRQHandler                               build/startup_stm32f429xx.o
Reset_Handler                                     build/startup_stm32f429xx.o
SAI1_IRQHandler                                   build/startup_stm32f429xx.o
SDIO_IRQHandler                                   build/startup_stm32f429xx.o
SPI1_IRQHandler                                   build/startup_stm32f429xx.o
SPI2_IRQHandler                                   build/startup_stm32f429xx.o
SPI3_IRQHandler                                   build/startup_stm32f429xx.o
SPI4_IRQHandler                                   build/startup_stm32f429xx.o
SPI5_IRQHandler                                   build/startup_stm32f429xx.o
SPI6_IRQHandler                                   build/startup_stm32f429xx.o
SVC_Handler                                       build/startup_stm32f429xx.o
SysTick_Handler                                   build/startup_stm32f429xx.o
TAMP_STAMP_IRQHandler                             build/startup_stm32f429xx.o
TIM1_BRK_TIM9_IRQHandler                          build/startup_stm32f429xx.o
TIM1_CC_IRQHandler                                build/startup_stm32f429xx.o
TIM1_TRG_COM_TIM11_IRQHandler                     build/startup_stm32f429xx.o
TIM1_UP_TIM10_IRQHandler                          build/startup_stm32f429xx.o
TIM2_IRQHandler                                   build/startup_stm32f429xx.o
TIM3_IRQHandler                                   build/startup_stm32f429xx.o
TIM4_IRQHandler                                   build/startup_stm32f429xx.o
TIM5_IRQHandler                                   build/startup_stm32f429xx.o
TIM6_DAC_IRQHandler                               build/startup_stm32f429xx.o
TIM7_IRQHandler                                   build/startup_stm32f429xx.o
TIM8_BRK_TIM12_IRQHandler                         build/startup_stm32f429xx.o
TIM8_CC_IRQHandler                                build/startup_stm32f429xx.o
TIM8_TRG_COM_TIM14_IRQHandler                     build/startup_stm32f429xx.o
TIM8_UP_TIM13_IRQHandler                          build/startup_stm32f429xx.o
UART4_IRQHandler                                  build/startup_stm32f429xx.o
UART5_IRQHandler                                  build/startup_stm32f429xx.o
UART7_IRQHandler                                  build/startup_stm32f429xx.o
UART8_IRQHandler                                  build/startup_stm32f429xx.o
USART1_IRQHandler                                 build/startup_stm32f429xx.o
USART2_IRQHandler                                 build/startup_stm32f429xx.o
USART3_IRQHandler                                 build/startup_stm32f429xx.o
USART6_IRQHandler                                 build/startup_stm32f429xx.o
UsageFault_Handler                                build/startup_stm32f429xx.o
WWDG_IRQHandler                                   build/startup_stm32f429xx.o
__atexit                                          D:/MK/aboba/xpack-arm-none-eabi-gcc-13.2.1-1.1/bin/../lib/gcc/arm-none-eabi/13.2.1/../../../../arm-none-eabi/lib/thumb/v7e-m+fp/hard\libc_nano.a(libc_a-__call_atexit.o)
                                                  D:/MK/aboba/xpack-arm-none-eabi-gcc-13.2.1-1.1/bin/../lib/gcc/arm-none-eabi/13.2.1/../../../../arm-none-eabi/lib/thumb/v7e-m+fp/hard\libc_nano.a(libc_a-__atexit.o)
__atexit0                                         D:/MK/aboba/xpack-arm-none-eabi-gcc-13.2.1-1.1/bin/../lib/gcc/arm-none-eabi/13.2.1/../../../../arm-none-eabi/lib/thumb/v7e-m+fp/hard\libc_nano.a(libc_a-__atexit.o)
__atexit_dummy                                    D:/MK/aboba/xpack-arm-none-eabi-gcc-13.2.1-1.1/bin/../lib/gcc/arm-none-eabi/13.2.1/../../../../arm-none-eabi/lib/thumb/v7e-m+fp/hard\libc_nano.a(libc_a-__atexit.o)
__atexit_recursive_mutex                          D:/MK/aboba/xpack-arm-none-eabi-gcc-13.2.1-1.1/bin/../lib/gcc/arm-none-eabi/13.2.1/../../../../arm-none-eabi/lib/thumb/v7e-m+fp/hard\libc_nano.a(libc_a-__call_atexit.o)
                                                  D:/MK/aboba/xpack-arm-none-eabi-gcc-13.2.1-1.1/bin/../lib/gcc/arm-none-eabi/13.2.1/../../../../arm-none-eabi/lib/thumb/v7e-m+fp/hard\libc_nano.a(libc_a-__atexit.o)
__bss_end__                                       D:/MK/aboba/xpack-arm-none-eabi-gcc-13.2.1-1.1/bin/../lib/gcc/arm-none-eabi/13.2.1/../../../../arm-none-eabi/lib/thumb/v7e-m+fp/hard/crt0.o
__bss_start__                                     D:/MK/aboba/xpack-arm-none-eabi-gcc-13.2.1-1.1/bin/../lib/gcc/arm-none-eabi/13.2.1/../../../../arm-none-eabi/lib/thumb/v7e-m+fp/hard/crt0.o
__call_exitprocs                                  D:/MK/aboba/xpack-arm-none-eabi-gcc-13.2.1-1.1/bin/../lib/gcc/arm-none-eabi/13.2.1/../../../../arm-none-eabi/lib/thumb/v7e-m+fp/hard\libc_nano.a(libc_a-__call_atexit.o)
                                                  D:/MK/aboba/xpack-arm-none-eabi-gcc-13.2.1-1.1/bin/../lib/gcc/arm-none-eabi/13.2.1/../../../../arm-none-eabi/lib/thumb/v7e-m+fp/hard\libc_nano.a(libc_a-__atexit.o)
                                                  D:/MK/aboba/xpack-arm-none-eabi-gcc-13.2.1-1.1/bin/../lib/gcc/arm-none-eabi/13.2.1/../../../../arm-none-eabi/lib/thumb/v7e-m+fp/hard\libc_nano.a(libc_a-exit.o)
__deregister_frame_info                           D:/MK/aboba/xpack-arm-none-eabi-gcc-13.2.1-1.1/bin/../lib/gcc/arm-none-eabi/13.2.1/thumb/v7e-m+fp/hard/crtbegin.o
__dso_handle                                      D:/MK/aboba/xpack-arm-none-eabi-gcc-13.2.1-1.1/bin/../lib/gcc/arm-none-eabi/13.2.1/thumb/v7e-m+fp/hard/crtbegin.o
__fini_array_end                                  D:/MK/aboba/xpack-arm-none-eabi-gcc-13.2.1-1.1/bin/../lib/gcc/arm-none-eabi/13.2.1/../../../../arm-none-eabi/lib/thumb/v7e-m+fp/hard\libc_nano.a(libc_a-fini.o)
__fini_array_start                                D:/MK/aboba/xpack-arm-none-eabi-gcc-13.2.1-1.1/bin/../lib/gcc/arm-none-eabi/13.2.1/../../../../arm-none-eabi/lib/thumb/v7e-m+fp/hard\libc_nano.a(libc_a-fini.o)
__fp_lock_all                                     D:/MK/aboba/xpack-arm-none-eabi-gcc-13.2.1-1.1/bin/../lib/gcc/arm-none-eabi/13.2.1/../../../../arm-none-eabi/lib/thumb/v7e-m+fp/hard\libc_nano.a(libc_a-findfp.o)
__fp_unlock_all                                   D:/MK/aboba/xpack-arm-none-eabi-gcc-13.2.1-1.1/bin/../lib/gcc/arm-none-eabi/13.2.1/../../../../arm-none-eabi/lib/thumb/v7e-m+fp/hard\libc_nano.a(libc_a-findfp.o)
__init_array_end                                  D:/MK/aboba/xpack-arm-none-eabi-gcc-13.2.1-1.1/bin/../lib/gcc/arm-none-eabi/13.2.1/../../../../arm-none-eabi/lib/thumb/v7e-m+fp/hard\libc_nano.a(libc_a-init.o)
__init_array_start                                D:/MK/aboba/xpack-arm-none-eabi-gcc-13.2.1-1.1/bin/../lib/gcc/arm-none-eabi/13.2.1/../../../../arm-none-eabi/lib/thumb/v7e-m+fp/hard\libc_nano.a(libc_a-init.o)
__libc_fini_array                                 D:/MK/aboba/xpack-arm-none-eabi-gcc-13.2.1-1.1/bin/../lib/gcc/arm-none-eabi/13.2.1/../../../../arm-none-eabi/lib/thumb/v7e-m+fp/hard\libc_nano.a(libc_a-fini.o)
                                                  D:/MK/aboba/xpack-arm-none-eabi-gcc-13.2.1-1.1/bin/../lib/gcc/arm-none-eabi/13.2.1/../../../../arm-none-eabi/lib/thumb/v7e-m+fp/hard/crt0.o
__libc_init_array                                 D:/MK/aboba/xpack-arm-none-eabi-gcc-13.2.1-1.1/bin/../lib/gcc/arm-none-eabi/13.2.1/../../../../arm-none-eabi/lib/thumb/v7e-m+fp/hard\libc_nano.a(libc_a-init.o)
                                                  build/startup_stm32f429xx.o
                                                  D:/MK/aboba/xpack-arm-none-eabi-gcc-13.2.1-1.1/bin/../lib/gcc/arm-none-eabi/13.2.1/../../../../arm-none-eabi/lib/thumb/v7e-m+fp/hard/crt0.o
__lock___arc4random_mutex                         D:/MK/aboba/xpack-arm-none-eabi-gcc-13.2.1-1.1/bin/../lib/gcc/arm-none-eabi/13.2.1/../../../../arm-none-eabi/lib/thumb/v7e-m+fp/hard\libc_nano.a(libc_a-lock.o)
__lock___at_quick_exit_mutex                      D:/MK/aboba/xpack-arm-none-eabi-gcc-13.2.1-1.1/bin/../lib/gcc/arm-none-eabi/13.2.1/../../../../arm-none-eabi/lib/thumb/v7e-m+fp/hard\libc_nano.a(libc_a-lock.o)
__lock___atexit_recursive_mutex                   D:/MK/aboba/xpack-arm-none-eabi-gcc-13.2.1-1.1/bin/../lib/gcc/arm-none-eabi/13.2.1/../../../../arm-none-eabi/lib/thumb/v7e-m+fp/hard\libc_nano.a(libc_a-lock.o)
                                                  D:/MK/aboba/xpack-arm-none-eabi-gcc-13.2.1-1.1/bin/../lib/gcc/arm-none-eabi/13.2.1/../../../../arm-none-eabi/lib/thumb/v7e-m+fp/hard\libc_nano.a(libc_a-__call_atexit.o)
__lock___dd_hash_mutex                            D:/MK/aboba/xpack-arm-none-eabi-gcc-13.2.1-1.1/bin/../lib/gcc/arm-none-eabi/13.2.1/../../../../arm-none-eabi/lib/thumb/v7e-m+fp/hard\libc_nano.a(libc_a-lock.o)
__lock___env_recursive_mutex                      D:/MK/aboba/xpack-arm-none-eabi-gcc-13.2.1-1.1/bin/../lib/gcc/arm-none-eabi/13.2.1/../../../../arm-none-eabi/lib/thumb/v7e-m+fp/hard\libc_nano.a(libc_a-lock.o)
__lock___malloc_recursive_mutex                   D:/MK/aboba/xpack-arm-none-eabi-gcc-13.2.1-1.1/bin/../lib/gcc/arm-none-eabi/13.2.1/../../../../arm-none-eabi/lib/thumb/v7e-m+fp/hard\libc_nano.a(libc_a-lock.o)
                                                  D:/MK/aboba/xpack-arm-none-eabi-gcc-13.2.1-1.1/bin/../lib/gcc/arm-none-eabi/13.2.1/../../../../arm-none-eabi/lib/thumb/v7e-m+fp/hard\libc_nano.a(libc_a-mlock.o)
__lock___sfp_recursive_mutex                      D:/MK/aboba/xpack-arm-none-eabi-gcc-13.2.1-1.1/bin/../lib/gcc/arm-none-eabi/13.2.1/../../../../arm-none-eabi/lib/thumb/v7e-m+fp/hard\libc_nano.a(libc_a-lock.o)
                                                  D:/MK/aboba/xpack-arm-none-eabi-gcc-13.2.1-1.1/bin/../lib/gcc/arm-none-eabi/13.2.1/../../../../arm-none-eabi/lib/thumb/v7e-m+fp/hard\libc_nano.a(libc_a-findfp.o)
__lock___tz_mutex                                 D:/MK/aboba/xpack-arm-none-eabi-gcc-13.2.1-1.1/bin/../lib/gcc/arm-none-eabi/13.2.1/../../../../arm-none-eabi/lib/thumb/v7e-m+fp/hard\libc_nano.a(libc_a-lock.o)
__malloc_free_list                                D:/MK/aboba/xpack-arm-none-eabi-gcc-13.2.1-1.1/bin/../lib/gcc/arm-none-eabi/13.2.1/../../../../arm-none-eabi/lib/thumb/v7e-m+fp/hard\libc_nano.a(libc_a-mallocr.o)
                                                  D:/MK/aboba/xpack-arm-none-eabi-gcc-13.2.1-1.1/bin/../lib/gcc/arm-none-eabi/13.2.1/../../../../arm-none-eabi/lib/thumb/v7e-m+fp/hard\libc_nano.a(libc_a-freer.o)
__malloc_lock                                     D:/MK/aboba/xpack-arm-none-eabi-gcc-13.2.1-1.1/bin/../lib/gcc/arm-none-eabi/13.2.1/../../../../arm-none-eabi/lib/thumb/v7e-m+fp/hard\libc_nano.a(libc_a-mlock.o)
                                                  D:/MK/aboba/xpack-arm-none-eabi-gcc-13.2.1-1.1/bin/../lib/gcc/arm-none-eabi/13.2.1/../../../../arm-none-eabi/lib/thumb/v7e-m+fp/hard\libc_nano.a(libc_a-mallocr.o)
                                                  D:/MK/aboba/xpack-arm-none-eabi-gcc-13.2.1-1.1/bin/../lib/gcc/arm-none-eabi/13.2.1/../../../../arm-none-eabi/lib/thumb/v7e-m+fp/hard\libc_nano.a(libc_a-freer.o)
__malloc_sbrk_start                               D:/MK/aboba/xpack-arm-none-eabi-gcc-13.2.1-1.1/bin/../lib/gcc/arm-none-eabi/13.2.1/../../../../arm-none-eabi/lib/thumb/v7e-m+fp/hard\libc_nano.a(libc_a-mallocr.o)
__malloc_unlock                                   D:/MK/aboba/xpack-arm-none-eabi-gcc-13.2.1-1.1/bin/../lib/gcc/arm-none-eabi/13.2.1/../../../../arm-none-eabi/lib/thumb/v7e-m+fp/hard\libc_nano.a(libc_a-mlock.o)
                                                  D:/MK/aboba/xpack-arm-none-eabi-gcc-13.2.1-1.1/bin/../lib/gcc/arm-none-eabi/13.2.1/../../../../arm-none-eabi/lib/thumb/v7e-m+fp/hard\libc_nano.a(libc_a-mallocr.o)
                                                  D:/MK/aboba/xpack-arm-none-eabi-gcc-13.2.1-1.1/bin/../lib/gcc/arm-none-eabi/13.2.1/../../../../arm-none-eabi/lib/thumb/v7e-m+fp/hard\libc_nano.a(libc_a-freer.o)
__on_exit_args                                    D:/MK/aboba/xpack-arm-none-eabi-gcc-13.2.1-1.1/bin/../lib/gcc/arm-none-eabi/13.2.1/../../../../arm-none-eabi/lib/thumb/v7e-m+fp/hard\libc_nano.a(libc_a-__atexit.o)
__preinit_array_end                               D:/MK/aboba/xpack-arm-none-eabi-gcc-13.2.1-1.1/bin/../lib/gcc/arm-none-eabi/13.2.1/../../../../arm-none-eabi/lib/thumb/v7e-m+fp/hard\libc_nano.a(libc_a-init.o)
__preinit_array_start                             D:/MK/aboba/xpack-arm-none-eabi-gcc-13.2.1-1.1/bin/../lib/gcc/arm-none-eabi/13.2.1/../../../../arm-none-eabi/lib/thumb/v7e-m+fp/hard\libc_nano.a(libc_a-init.o)
__register_exitproc                               D:/MK/aboba/xpack-arm-none-eabi-gcc-13.2.1-1.1/bin/../lib/gcc/arm-none-eabi/13.2.1/../../../../arm-none-eabi/lib/thumb/v7e-m+fp/hard\libc_nano.a(libc_a-__atexit.o)
                                                  D:/MK/aboba/xpack-arm-none-eabi-gcc-13.2.1-1.1/bin/../lib/gcc/arm-none-eabi/13.2.1/../../../../arm-none-eabi/lib/thumb/v7e-m+fp/hard\libc_nano.a(libc_a-atexit.o)
__register_frame_info                             D:/MK/aboba/xpack-arm-none-eabi-gcc-13.2.1-1.1/bin/../lib/gcc/arm-none-eabi/13.2.1/thumb/v7e-m+fp/hard/crtbegin.o
__retarget_lock_acquire                           D:/MK/aboba/xpack-arm-none-eabi-gcc-13.2.1-1.1/bin/../lib/gcc/arm-none-eabi/13.2.1/../../../../arm-none-eabi/lib/thumb/v7e-m+fp/hard\libc_nano.a(libc_a-lock.o)
__retarget_lock_acquire_recursive                 D:/MK/aboba/xpack-arm-none-eabi-gcc-13.2.1-1.1/bin/../lib/gcc/arm-none-eabi/13.2.1/../../../../arm-none-eabi/lib/thumb/v7e-m+fp/hard\libc_nano.a(libc_a-lock.o)
                                                  D:/MK/aboba/xpack-arm-none-eabi-gcc-13.2.1-1.1/bin/../lib/gcc/arm-none-eabi/13.2.1/../../../../arm-none-eabi/lib/thumb/v7e-m+fp/hard\libc_nano.a(libc_a-fflush.o)
                                                  D:/MK/aboba/xpack-arm-none-eabi-gcc-13.2.1-1.1/bin/../lib/gcc/arm-none-eabi/13.2.1/../../../../arm-none-eabi/lib/thumb/v7e-m+fp/hard\libc_nano.a(libc_a-mlock.o)
                                                  D:/MK/aboba/xpack-arm-none-eabi-gcc-13.2.1-1.1/bin/../lib/gcc/arm-none-eabi/13.2.1/../../../../arm-none-eabi/lib/thumb/v7e-m+fp/hard\libc_nano.a(libc_a-__call_atexit.o)
                                                  D:/MK/aboba/xpack-arm-none-eabi-gcc-13.2.1-1.1/bin/../lib/gcc/arm-none-eabi/13.2.1/../../../../arm-none-eabi/lib/thumb/v7e-m+fp/hard\libc_nano.a(libc_a-__atexit.o)
                                                  D:/MK/aboba/xpack-arm-none-eabi-gcc-13.2.1-1.1/bin/../lib/gcc/arm-none-eabi/13.2.1/../../../../arm-none-eabi/lib/thumb/v7e-m+fp/hard\libc_nano.a(libc_a-findfp.o)
__retarget_lock_close                             D:/MK/aboba/xpack-arm-none-eabi-gcc-13.2.1-1.1/bin/../lib/gcc/arm-none-eabi/13.2.1/../../../../arm-none-eabi/lib/thumb/v7e-m+fp/hard\libc_nano.a(libc_a-lock.o)
__retarget_lock_close_recursive                   D:/MK/aboba/xpack-arm-none-eabi-gcc-13.2.1-1.1/bin/../lib/gcc/arm-none-eabi/13.2.1/../../../../arm-none-eabi/lib/thumb/v7e-m+fp/hard\libc_nano.a(libc_a-lock.o)
__retarget_lock_init                              D:/MK/aboba/xpack-arm-none-eabi-gcc-13.2.1-1.1/bin/../lib/gcc/arm-none-eabi/13.2.1/../../../../arm-none-eabi/lib/thumb/v7e-m+fp/hard\libc_nano.a(libc_a-lock.o)
__retarget_lock_init_recursive                    D:/MK/aboba/xpack-arm-none-eabi-gcc-13.2.1-1.1/bin/../lib/gcc/arm-none-eabi/13.2.1/../../../../arm-none-eabi/lib/thumb/v7e-m+fp/hard\libc_nano.a(libc_a-lock.o)
                                                  D:/MK/aboba/xpack-arm-none-eabi-gcc-13.2.1-1.1/bin/../lib/gcc/arm-none-eabi/13.2.1/../../../../arm-none-eabi/lib/thumb/v7e-m+fp/hard\libc_nano.a(libc_a-findfp.o)
__retarget_lock_release                           D:/MK/aboba/xpack-arm-none-eabi-gcc-13.2.1-1.1/bin/../lib/gcc/arm-none-eabi/13.2.1/../../../../arm-none-eabi/lib/thumb/v7e-m+fp/hard\libc_nano.a(libc_a-lock.o)
__retarget_lock_release_recursive                 D:/MK/aboba/xpack-arm-none-eabi-gcc-13.2.1-1.1/bin/../lib/gcc/arm-none-eabi/13.2.1/../../../../arm-none-eabi/lib/thumb/v7e-m+fp/hard\libc_nano.a(libc_a-lock.o)
                                                  D:/MK/aboba/xpack-arm-none-eabi-gcc-13.2.1-1.1/bin/../lib/gcc/arm-none-eabi/13.2.1/../../../../arm-none-eabi/lib/thumb/v7e-m+fp/hard\libc_nano.a(libc_a-fflush.o)
                                                  D:/MK/aboba/xpack-arm-none-eabi-gcc-13.2.1-1.1/bin/../lib/gcc/arm-none-eabi/13.2.1/../../../../arm-none-eabi/lib/thumb/v7e-m+fp/hard\libc_nano.a(libc_a-mlock.o)
                                                  D:/MK/aboba/xpack-arm-none-eabi-gcc-13.2.1-1.1/bin/../lib/gcc/arm-none-eabi/13.2.1/../../../../arm-none-eabi/lib/thumb/v7e-m+fp/hard\libc_nano.a(libc_a-__call_atexit.o)
                                                  D:/MK/aboba/xpack-arm-none-eabi-gcc-13.2.1-1.1/bin/../lib/gcc/arm-none-eabi/13.2.1/../../../../arm-none-eabi/lib/thumb/v7e-m+fp/hard\libc_nano.a(libc_a-__atexit.o)
                                                  D:/MK/aboba/xpack-arm-none-eabi-gcc-13.2.1-1.1/bin/../lib/gcc/arm-none-eabi/13.2.1/../../../../arm-none-eabi/lib/thumb/v7e-m+fp/hard\libc_nano.a(libc_a-findfp.o)
__retarget_lock_try_acquire                       D:/MK/aboba/xpack-arm-none-eabi-gcc-13.2.1-1.1/bin/../lib/gcc/arm-none-eabi/13.2.1/../../../../arm-none-eabi/lib/thumb/v7e-m+fp/hard\libc_nano.a(libc_a-lock.o)
__retarget_lock_try_acquire_recursive             D:/MK/aboba/xpack-arm-none-eabi-gcc-13.2.1-1.1/bin/../lib/gcc/arm-none-eabi/13.2.1/../../../../arm-none-eabi/lib/thumb/v7e-m+fp/hard\libc_nano.a(libc_a-lock.o)
__sclose                                          D:/MK/aboba/xpack-arm-none-eabi-gcc-13.2.1-1.1/bin/../lib/gcc/arm-none-eabi/13.2.1/../../../../arm-none-eabi/lib/thumb/v7e-m+fp/hard\libc_nano.a(libc_a-stdio.o)
                                                  D:/MK/aboba/xpack-arm-none-eabi-gcc-13.2.1-1.1/bin/../lib/gcc/arm-none-eabi/13.2.1/../../../../arm-none-eabi/lib/thumb/v7e-m+fp/hard\libc_nano.a(libc_a-findfp.o)
__seofread                                        D:/MK/aboba/xpack-arm-none-eabi-gcc-13.2.1-1.1/bin/../lib/gcc/arm-none-eabi/13.2.1/../../../../arm-none-eabi/lib/thumb/v7e-m+fp/hard\libc_nano.a(libc_a-stdio.o)
__sf                                              D:/MK/aboba/xpack-arm-none-eabi-gcc-13.2.1-1.1/bin/../lib/gcc/arm-none-eabi/13.2.1/../../../../arm-none-eabi/lib/thumb/v7e-m+fp/hard\libc_nano.a(libc_a-findfp.o)
                                                  D:/MK/aboba/xpack-arm-none-eabi-gcc-13.2.1-1.1/bin/../lib/gcc/arm-none-eabi/13.2.1/../../../../arm-none-eabi/lib/thumb/v7e-m+fp/hard\libc_nano.a(libc_a-impure.o)
__sflush_r                                        D:/MK/aboba/xpack-arm-none-eabi-gcc-13.2.1-1.1/bin/../lib/gcc/arm-none-eabi/13.2.1/../../../../arm-none-eabi/lib/thumb/v7e-m+fp/hard\libc_nano.a(libc_a-fflush.o)
__sfp                                             D:/MK/aboba/xpack-arm-none-eabi-gcc-13.2.1-1.1/bin/../lib/gcc/arm-none-eabi/13.2.1/../../../../arm-none-eabi/lib/thumb/v7e-m+fp/hard\libc_nano.a(libc_a-findfp.o)
__sfp_lock_acquire                                D:/MK/aboba/xpack-arm-none-eabi-gcc-13.2.1-1.1/bin/../lib/gcc/arm-none-eabi/13.2.1/../../../../arm-none-eabi/lib/thumb/v7e-m+fp/hard\libc_nano.a(libc_a-findfp.o)
__sfp_lock_release                                D:/MK/aboba/xpack-arm-none-eabi-gcc-13.2.1-1.1/bin/../lib/gcc/arm-none-eabi/13.2.1/../../../../arm-none-eabi/lib/thumb/v7e-m+fp/hard\libc_nano.a(libc_a-findfp.o)
__sglue                                           D:/MK/aboba/xpack-arm-none-eabi-gcc-13.2.1-1.1/bin/../lib/gcc/arm-none-eabi/13.2.1/../../../../arm-none-eabi/lib/thumb/v7e-m+fp/hard\libc_nano.a(libc_a-findfp.o)
                                                  D:/MK/aboba/xpack-arm-none-eabi-gcc-13.2.1-1.1/bin/../lib/gcc/arm-none-eabi/13.2.1/../../../../arm-none-eabi/lib/thumb/v7e-m+fp/hard\libc_nano.a(libc_a-fflush.o)
__sinit                                           D:/MK/aboba/xpack-arm-none-eabi-gcc-13.2.1-1.1/bin/../lib/gcc/arm-none-eabi/13.2.1/../../../../arm-none-eabi/lib/thumb/v7e-m+fp/hard\libc_nano.a(libc_a-findfp.o)
                                                  D:/MK/aboba/xpack-arm-none-eabi-gcc-13.2.1-1.1/bin/../lib/gcc/arm-none-eabi/13.2.1/../../../../arm-none-eabi/lib/thumb/v7e-m+fp/hard\libc_nano.a(libc_a-fflush.o)
__sread                                           D:/MK/aboba/xpack-arm-none-eabi-gcc-13.2.1-1.1/bin/../lib/gcc/arm-none-eabi/13.2.1/../../../../arm-none-eabi/lib/thumb/v7e-m+fp/hard\libc_nano.a(libc_a-stdio.o)
                                                  D:/MK/aboba/xpack-arm-none-eabi-gcc-13.2.1-1.1/bin/../lib/gcc/arm-none-eabi/13.2.1/../../../../arm-none-eabi/lib/thumb/v7e-m+fp/hard\libc_nano.a(libc_a-findfp.o)
__sseek                                           D:/MK/aboba/xpack-arm-none-eabi-gcc-13.2.1-1.1/bin/../lib/gcc/arm-none-eabi/13.2.1/../../../../arm-none-eabi/lib/thumb/v7e-m+fp/hard\libc_nano.a(libc_a-stdio.o)
                                                  D:/MK/aboba/xpack-arm-none-eabi-gcc-13.2.1-1.1/bin/../lib/gcc/arm-none-eabi/13.2.1/../../../../arm-none-eabi/lib/thumb/v7e-m+fp/hard\libc_nano.a(libc_a-findfp.o)
__stack                                           D:/MK/aboba/xpack-arm-none-eabi-gcc-13.2.1-1.1/bin/../lib/gcc/arm-none-eabi/13.2.1/../../../../arm-none-eabi/lib/thumb/v7e-m+fp/hard/crt0.o
__stdio_exit_handler                              D:/MK/aboba/xpack-arm-none-eabi-gcc-13.2.1-1.1/bin/../lib/gcc/arm-none-eabi/13.2.1/../../../../arm-none-eabi/lib/thumb/v7e-m+fp/hard\libc_nano.a(libc_a-findfp.o)
                                                  D:/MK/aboba/xpack-arm-none-eabi-gcc-13.2.1-1.1/bin/../lib/gcc/arm-none-eabi/13.2.1/../../../../arm-none-eabi/lib/thumb/v7e-m+fp/hard\libc_nano.a(libc_a-exit.o)
__swrite                                          D:/MK/aboba/xpack-arm-none-eabi-gcc-13.2.1-1.1/bin/../lib/gcc/arm-none-eabi/13.2.1/../../../../arm-none-eabi/lib/thumb/v7e-m+fp/hard\libc_nano.a(libc_a-stdio.o)
                                                  D:/MK/aboba/xpack-arm-none-eabi-gcc-13.2.1-1.1/bin/../lib/gcc/arm-none-eabi/13.2.1/../../../../arm-none-eabi/lib/thumb/v7e-m+fp/hard\libc_nano.a(libc_a-findfp.o)
_close                                            D:/MK/aboba/xpack-arm-none-eabi-gcc-13.2.1-1.1/bin/../lib/gcc/arm-none-eabi/13.2.1/../../../../arm-none-eabi/lib/thumb/v7e-m+fp/hard\libnosys.a(close.o)
                                                  D:/MK/aboba/xpack-arm-none-eabi-gcc-13.2.1-1.1/bin/../lib/gcc/arm-none-eabi/13.2.1/../../../../arm-none-eabi/lib/thumb/v7e-m+fp/hard\libc_nano.a(libc_a-closer.o)
_close_r                                          D:/MK/aboba/xpack-arm-none-eabi-gcc-13.2.1-1.1/bin/../lib/gcc/arm-none-eabi/13.2.1/../../../../arm-none-eabi/lib/thumb/v7e-m+fp/hard\libc_nano.a(libc_a-closer.o)
                                                  D:/MK/aboba/xpack-arm-none-eabi-gcc-13.2.1-1.1/bin/../lib/gcc/arm-none-eabi/13.2.1/../../../../arm-none-eabi/lib/thumb/v7e-m+fp/hard\libc_nano.a(libc_a-stdio.o)
_ebss                                             build/startup_stm32f429xx.o
_edata                                            build/startup_stm32f429xx.o
_estack                                           build/startup_stm32f429xx.o
_exit                                             D:/MK/aboba/xpack-arm-none-eabi-gcc-13.2.1-1.1/bin/../lib/gcc/arm-none-eabi/13.2.1/../../../../arm-none-eabi/lib/thumb/v7e-m+fp/hard\libnosys.a(_exit.o)
                                                  D:/MK/aboba/xpack-arm-none-eabi-gcc-13.2.1-1.1/bin/../lib/gcc/arm-none-eabi/13.2.1/../../../../arm-none-eabi/lib/thumb/v7e-m+fp/hard\libc_nano.a(libc_a-exit.o)
_fflush_r                                         D:/MK/aboba/xpack-arm-none-eabi-gcc-13.2.1-1.1/bin/../lib/gcc/arm-none-eabi/13.2.1/../../../../arm-none-eabi/lib/thumb/v7e-m+fp/hard\libc_nano.a(libc_a-fflush.o)
                                                  D:/MK/aboba/xpack-arm-none-eabi-gcc-13.2.1-1.1/bin/../lib/gcc/arm-none-eabi/13.2.1/../../../../arm-none-eabi/lib/thumb/v7e-m+fp/hard\libc_nano.a(libc_a-findfp.o)
_fini                                             D:/MK/aboba/xpack-arm-none-eabi-gcc-13.2.1-1.1/bin/../lib/gcc/arm-none-eabi/13.2.1/thumb/v7e-m+fp/hard/crti.o
                                                  D:/MK/aboba/xpack-arm-none-eabi-gcc-13.2.1-1.1/bin/../lib/gcc/arm-none-eabi/13.2.1/../../../../arm-none-eabi/lib/thumb/v7e-m+fp/hard\libc_nano.a(libc_a-fini.o)
_free_r                                           D:/MK/aboba/xpack-arm-none-eabi-gcc-13.2.1-1.1/bin/../lib/gcc/arm-none-eabi/13.2.1/../../../../arm-none-eabi/lib/thumb/v7e-m+fp/hard\libc_nano.a(libc_a-freer.o)
                                                  D:/MK/aboba/xpack-arm-none-eabi-gcc-13.2.1-1.1/bin/../lib/gcc/arm-none-eabi/13.2.1/../../../../arm-none-eabi/lib/thumb/v7e-m+fp/hard\libc_nano.a(libc_a-fflush.o)
                                                  D:/MK/aboba/xpack-arm-none-eabi-gcc-13.2.1-1.1/bin/../lib/gcc/arm-none-eabi/13.2.1/../../../../arm-none-eabi/lib/thumb/v7e-m+fp/hard\libc_nano.a(libc_a-reent.o)
_fwalk_sglue                                      D:/MK/aboba/xpack-arm-none-eabi-gcc-13.2.1-1.1/bin/../lib/gcc/arm-none-eabi/13.2.1/../../../../arm-none-eabi/lib/thumb/v7e-m+fp/hard\libc_nano.a(libc_a-fwalk.o)
                                                  D:/MK/aboba/xpack-arm-none-eabi-gcc-13.2.1-1.1/bin/../lib/gcc/arm-none-eabi/13.2.1/../../../../arm-none-eabi/lib/thumb/v7e-m+fp/hard\libc_nano.a(libc_a-fflush.o)
                                                  D:/MK/aboba/xpack-arm-none-eabi-gcc-13.2.1-1.1/bin/../lib/gcc/arm-none-eabi/13.2.1/../../../../arm-none-eabi/lib/thumb/v7e-m+fp/hard\libc_nano.a(libc_a-findfp.o)
_impure_data                                      D:/MK/aboba/xpack-arm-none-eabi-gcc-13.2.1-1.1/bin/../lib/gcc/arm-none-eabi/13.2.1/../../../../arm-none-eabi/lib/thumb/v7e-m+fp/hard\libc_nano.a(libc_a-impure.o)
                                                  D:/MK/aboba/xpack-arm-none-eabi-gcc-13.2.1-1.1/bin/../lib/gcc/arm-none-eabi/13.2.1/../../../../arm-none-eabi/lib/thumb/v7e-m+fp/hard\libc_nano.a(libc_a-fflush.o)
                                                  D:/MK/aboba/xpack-arm-none-eabi-gcc-13.2.1-1.1/bin/../lib/gcc/arm-none-eabi/13.2.1/../../../../arm-none-eabi/lib/thumb/v7e-m+fp/hard\libc_nano.a(libc_a-findfp.o)
_impure_ptr                                       D:/MK/aboba/xpack-arm-none-eabi-gcc-13.2.1-1.1/bin/../lib/gcc/arm-none-eabi/13.2.1/../../../../arm-none-eabi/lib/thumb/v7e-m+fp/hard\libc_nano.a(libc_a-impure.o)
                                                  D:/MK/aboba/xpack-arm-none-eabi-gcc-13.2.1-1.1/bin/../lib/gcc/arm-none-eabi/13.2.1/../../../../arm-none-eabi/lib/thumb/v7e-m+fp/hard\libc_nano.a(libc_a-fflush.o)
                                                  D:/MK/aboba/xpack-arm-none-eabi-gcc-13.2.1-1.1/bin/../lib/gcc/arm-none-eabi/13.2.1/../../../../arm-none-eabi/lib/thumb/v7e-m+fp/hard\libc_nano.a(libc_a-reent.o)
_init                                             D:/MK/aboba/xpack-arm-none-eabi-gcc-13.2.1-1.1/bin/../lib/gcc/arm-none-eabi/13.2.1/thumb/v7e-m+fp/hard/crti.o
                                                  D:/MK/aboba/xpack-arm-none-eabi-gcc-13.2.1-1.1/bin/../lib/gcc/arm-none-eabi/13.2.1/../../../../arm-none-eabi/lib/thumb/v7e-m+fp/hard\libc_nano.a(libc_a-init.o)
_lseek                                            D:/MK/aboba/xpack-arm-none-eabi-gcc-13.2.1-1.1/bin/../lib/gcc/arm-none-eabi/13.2.1/../../../../arm-none-eabi/lib/thumb/v7e-m+fp/hard\libnosys.a(lseek.o)
                                                  D:/MK/aboba/xpack-arm-none-eabi-gcc-13.2.1-1.1/bin/../lib/gcc/arm-none-eabi/13.2.1/../../../../arm-none-eabi/lib/thumb/v7e-m+fp/hard\libc_nano.a(libc_a-lseekr.o)
_lseek_r                                          D:/MK/aboba/xpack-arm-none-eabi-gcc-13.2.1-1.1/bin/../lib/gcc/arm-none-eabi/13.2.1/../../../../arm-none-eabi/lib/thumb/v7e-m+fp/hard\libc_nano.a(libc_a-lseekr.o)
                                                  D:/MK/aboba/xpack-arm-none-eabi-gcc-13.2.1-1.1/bin/../lib/gcc/arm-none-eabi/13.2.1/../../../../arm-none-eabi/lib/thumb/v7e-m+fp/hard\libc_nano.a(libc_a-stdio.o)
_mainCRTStartup                                   D:/MK/aboba/xpack-arm-none-eabi-gcc-13.2.1-1.1/bin/../lib/gcc/arm-none-eabi/13.2.1/../../../../arm-none-eabi/lib/thumb/v7e-m+fp/hard/crt0.o
_malloc_r                                         D:/MK/aboba/xpack-arm-none-eabi-gcc-13.2.1-1.1/bin/../lib/gcc/arm-none-eabi/13.2.1/../../../../arm-none-eabi/lib/thumb/v7e-m+fp/hard\libc_nano.a(libc_a-mallocr.o)
                                                  D:/MK/aboba/xpack-arm-none-eabi-gcc-13.2.1-1.1/bin/../lib/gcc/arm-none-eabi/13.2.1/../../../../arm-none-eabi/lib/thumb/v7e-m+fp/hard\libc_nano.a(libc_a-findfp.o)
_read                                             D:/MK/aboba/xpack-arm-none-eabi-gcc-13.2.1-1.1/bin/../lib/gcc/arm-none-eabi/13.2.1/../../../../arm-none-eabi/lib/thumb/v7e-m+fp/hard\libnosys.a(read.o)
                                                  D:/MK/aboba/xpack-arm-none-eabi-gcc-13.2.1-1.1/bin/../lib/gcc/arm-none-eabi/13.2.1/../../../../arm-none-eabi/lib/thumb/v7e-m+fp/hard\libc_nano.a(libc_a-readr.o)
_read_r                                           D:/MK/aboba/xpack-arm-none-eabi-gcc-13.2.1-1.1/bin/../lib/gcc/arm-none-eabi/13.2.1/../../../../arm-none-eabi/lib/thumb/v7e-m+fp/hard\libc_nano.a(libc_a-readr.o)
                                                  D:/MK/aboba/xpack-arm-none-eabi-gcc-13.2.1-1.1/bin/../lib/gcc/arm-none-eabi/13.2.1/../../../../arm-none-eabi/lib/thumb/v7e-m+fp/hard\libc_nano.a(libc_a-stdio.o)
_reclaim_reent                                    D:/MK/aboba/xpack-arm-none-eabi-gcc-13.2.1-1.1/bin/../lib/gcc/arm-none-eabi/13.2.1/../../../../arm-none-eabi/lib/thumb/v7e-m+fp/hard\libc_nano.a(libc_a-reent.o)
_sbrk                                             D:/MK/aboba/xpack-arm-none-eabi-gcc-13.2.1-1.1/bin/../lib/gcc/arm-none-eabi/13.2.1/../../../../arm-none-eabi/lib/thumb/v7e-m+fp/hard\libnosys.a(sbrk.o)
                                                  D:/MK/aboba/xpack-arm-none-eabi-gcc-13.2.1-1.1/bin/../lib/gcc/arm-none-eabi/13.2.1/../../../../arm-none-eabi/lib/thumb/v7e-m+fp/hard\libc_nano.a(libc_a-sbrkr.o)
_sbrk_r                                           D:/MK/aboba/xpack-arm-none-eabi-gcc-13.2.1-1.1/bin/../lib/gcc/arm-none-eabi/13.2.1/../../../../arm-none-eabi/lib/thumb/v7e-m+fp/hard\libc_nano.a(libc_a-sbrkr.o)
                                                  D:/MK/aboba/xpack-arm-none-eabi-gcc-13.2.1-1.1/bin/../lib/gcc/arm-none-eabi/13.2.1/../../../../arm-none-eabi/lib/thumb/v7e-m+fp/hard\libc_nano.a(libc_a-mallocr.o)
_sbss                                             build/startup_stm32f429xx.o
_sdata                                            build/startup_stm32f429xx.o
_sidata                                           build/startup_stm32f429xx.o
_stack_init                                       D:/MK/aboba/xpack-arm-none-eabi-gcc-13.2.1-1.1/bin/../lib/gcc/arm-none-eabi/13.2.1/../../../../arm-none-eabi/lib/thumb/v7e-m+fp/hard/crt0.o
_start                                            D:/MK/aboba/xpack-arm-none-eabi-gcc-13.2.1-1.1/bin/../lib/gcc/arm-none-eabi/13.2.1/../../../../arm-none-eabi/lib/thumb/v7e-m+fp/hard/crt0.o
_write                                            D:/MK/aboba/xpack-arm-none-eabi-gcc-13.2.1-1.1/bin/../lib/gcc/arm-none-eabi/13.2.1/../../../../arm-none-eabi/lib/thumb/v7e-m+fp/hard\libnosys.a(write.o)
                                                  D:/MK/aboba/xpack-arm-none-eabi-gcc-13.2.1-1.1/bin/../lib/gcc/arm-none-eabi/13.2.1/../../../../arm-none-eabi/lib/thumb/v7e-m+fp/hard\libc_nano.a(libc_a-writer.o)
_write_r                                          D:/MK/aboba/xpack-arm-none-eabi-gcc-13.2.1-1.1/bin/../lib/gcc/arm-none-eabi/13.2.1/../../../../arm-none-eabi/lib/thumb/v7e-m+fp/hard\libc_nano.a(libc_a-writer.o)
                                                  D:/MK/aboba/xpack-arm-none-eabi-gcc-13.2.1-1.1/bin/../lib/gcc/arm-none-eabi/13.2.1/../../../../arm-none-eabi/lib/thumb/v7e-m+fp/hard\libc_nano.a(libc_a-stdio.o)
atexit                                            D:/MK/aboba/xpack-arm-none-eabi-gcc-13.2.1-1.1/bin/../lib/gcc/arm-none-eabi/13.2.1/../../../../arm-none-eabi/lib/thumb/v7e-m+fp/hard\libc_nano.a(libc_a-atexit.o)
                                                  D:/MK/aboba/xpack-arm-none-eabi-gcc-13.2.1-1.1/bin/../lib/gcc/arm-none-eabi/13.2.1/../../../../arm-none-eabi/lib/thumb/v7e-m+fp/hard/crt0.o
end                                               D:/MK/aboba/xpack-arm-none-eabi-gcc-13.2.1-1.1/bin/../lib/gcc/arm-none-eabi/13.2.1/../../../../arm-none-eabi/lib/thumb/v7e-m+fp/hard\libnosys.a(sbrk.o)
errno                                             D:/MK/aboba/xpack-arm-none-eabi-gcc-13.2.1-1.1/bin/../lib/gcc/arm-none-eabi/13.2.1/../../../../arm-none-eabi/lib/thumb/v7e-m+fp/hard\libc_nano.a(libc_a-reent.o)
                                                  D:/MK/aboba/xpack-arm-none-eabi-gcc-13.2.1-1.1/bin/../lib/gcc/arm-none-eabi/13.2.1/../../../../arm-none-eabi/lib/thumb/v7e-m+fp/hard\libnosys.a(write.o)
                                                  D:/MK/aboba/xpack-arm-none-eabi-gcc-13.2.1-1.1/bin/../lib/gcc/arm-none-eabi/13.2.1/../../../../arm-none-eabi/lib/thumb/v7e-m+fp/hard\libnosys.a(read.o)
                                                  D:/MK/aboba/xpack-arm-none-eabi-gcc-13.2.1-1.1/bin/../lib/gcc/arm-none-eabi/13.2.1/../../../../arm-none-eabi/lib/thumb/v7e-m+fp/hard\libnosys.a(lseek.o)
                                                  D:/MK/aboba/xpack-arm-none-eabi-gcc-13.2.1-1.1/bin/../lib/gcc/arm-none-eabi/13.2.1/../../../../arm-none-eabi/lib/thumb/v7e-m+fp/hard\libnosys.a(close.o)
                                                  D:/MK/aboba/xpack-arm-none-eabi-gcc-13.2.1-1.1/bin/../lib/gcc/arm-none-eabi/13.2.1/../../../../arm-none-eabi/lib/thumb/v7e-m+fp/hard\libc_nano.a(libc_a-sbrkr.o)
                                                  D:/MK/aboba/xpack-arm-none-eabi-gcc-13.2.1-1.1/bin/../lib/gcc/arm-none-eabi/13.2.1/../../../../arm-none-eabi/lib/thumb/v7e-m+fp/hard\libc_nano.a(libc_a-writer.o)
                                                  D:/MK/aboba/xpack-arm-none-eabi-gcc-13.2.1-1.1/bin/../lib/gcc/arm-none-eabi/13.2.1/../../../../arm-none-eabi/lib/thumb/v7e-m+fp/hard\libc_nano.a(libc_a-readr.o)
                                                  D:/MK/aboba/xpack-arm-none-eabi-gcc-13.2.1-1.1/bin/../lib/gcc/arm-none-eabi/13.2.1/../../../../arm-none-eabi/lib/thumb/v7e-m+fp/hard\libc_nano.a(libc_a-lseekr.o)
                                                  D:/MK/aboba/xpack-arm-none-eabi-gcc-13.2.1-1.1/bin/../lib/gcc/arm-none-eabi/13.2.1/../../../../arm-none-eabi/lib/thumb/v7e-m+fp/hard\libc_nano.a(libc_a-closer.o)
exit                                              D:/MK/aboba/xpack-arm-none-eabi-gcc-13.2.1-1.1/bin/../lib/gcc/arm-none-eabi/13.2.1/../../../../arm-none-eabi/lib/thumb/v7e-m+fp/hard\libc_nano.a(libc_a-exit.o)
                                                  D:/MK/aboba/xpack-arm-none-eabi-gcc-13.2.1-1.1/bin/../lib/gcc/arm-none-eabi/13.2.1/../../../../arm-none-eabi/lib/thumb/v7e-m+fp/hard/crt0.o
fflush                                            D:/MK/aboba/xpack-arm-none-eabi-gcc-13.2.1-1.1/bin/../lib/gcc/arm-none-eabi/13.2.1/../../../../arm-none-eabi/lib/thumb/v7e-m+fp/hard\libc_nano.a(libc_a-fflush.o)
g_pfnVectors                                      build/startup_stm32f429xx.o
hardware_init_hook                                D:/MK/aboba/xpack-arm-none-eabi-gcc-13.2.1-1.1/bin/../lib/gcc/arm-none-eabi/13.2.1/../../../../arm-none-eabi/lib/thumb/v7e-m+fp/hard/crt0.o
main                                              build/main.o
                                                  build/startup_stm32f429xx.o
                                                  D:/MK/aboba/xpack-arm-none-eabi-gcc-13.2.1-1.1/bin/../lib/gcc/arm-none-eabi/13.2.1/../../../../arm-none-eabi/lib/thumb/v7e-m+fp/hard/crt0.o
malloc                                            D:/MK/aboba/xpack-arm-none-eabi-gcc-13.2.1-1.1/bin/../lib/gcc/arm-none-eabi/13.2.1/../../../../arm-none-eabi/lib/thumb/v7e-m+fp/hard\libc_nano.a(libc_a-__atexit.o)
memset                                            D:/MK/aboba/xpack-arm-none-eabi-gcc-13.2.1-1.1/bin/../lib/gcc/arm-none-eabi/13.2.1/../../../../arm-none-eabi/lib/thumb/v7e-m+fp/hard\libc_nano.a(libc_a-memset.o)
                                                  D:/MK/aboba/xpack-arm-none-eabi-gcc-13.2.1-1.1/bin/../lib/gcc/arm-none-eabi/13.2.1/../../../../arm-none-eabi/lib/thumb/v7e-m+fp/hard\libc_nano.a(libc_a-findfp.o)
                                                  D:/MK/aboba/xpack-arm-none-eabi-gcc-13.2.1-1.1/bin/../lib/gcc/arm-none-eabi/13.2.1/../../../../arm-none-eabi/lib/thumb/v7e-m+fp/hard/crt0.o
software_init_hook                                D:/MK/aboba/xpack-arm-none-eabi-gcc-13.2.1-1.1/bin/../lib/gcc/arm-none-eabi/13.2.1/../../../../arm-none-eabi/lib/thumb/v7e-m+fp/hard/crt0.o
