Archive member included to satisfy reference by file (symbol)

E:/TPU_Work/one_chip_computer/first_homework/Tools/xpack-arm-none-eabi-gcc-13.2.1-1.1-win32-x64/xpack-arm-none-eabi-gcc-13.2.1-1.1/bin/../lib/gcc/arm-none-eabi/13.2.1/../../../../arm-none-eabi/lib/thumb/v7e-m+fp/hard\libc_nano.a(libc_a-atexit.o)
                              E:/TPU_Work/one_chip_computer/first_homework/Tools/xpack-arm-none-eabi-gcc-13.2.1-1.1-win32-x64/xpack-arm-none-eabi-gcc-13.2.1-1.1/bin/../lib/gcc/arm-none-eabi/13.2.1/../../../../arm-none-eabi/lib/thumb/v7e-m+fp/hard/crt0.o (atexit)
E:/TPU_Work/one_chip_computer/first_homework/Tools/xpack-arm-none-eabi-gcc-13.2.1-1.1-win32-x64/xpack-arm-none-eabi-gcc-13.2.1-1.1/bin/../lib/gcc/arm-none-eabi/13.2.1/../../../../arm-none-eabi/lib/thumb/v7e-m+fp/hard\libc_nano.a(libc_a-exit.o)
                              E:/TPU_Work/one_chip_computer/first_homework/Tools/xpack-arm-none-eabi-gcc-13.2.1-1.1-win32-x64/xpack-arm-none-eabi-gcc-13.2.1-1.1/bin/../lib/gcc/arm-none-eabi/13.2.1/../../../../arm-none-eabi/lib/thumb/v7e-m+fp/hard/crt0.o (exit)
E:/TPU_Work/one_chip_computer/first_homework/Tools/xpack-arm-none-eabi-gcc-13.2.1-1.1-win32-x64/xpack-arm-none-eabi-gcc-13.2.1-1.1/bin/../lib/gcc/arm-none-eabi/13.2.1/../../../../arm-none-eabi/lib/thumb/v7e-m+fp/hard\libc_nano.a(libc_a-findfp.o)
                              E:/TPU_Work/one_chip_computer/first_homework/Tools/xpack-arm-none-eabi-gcc-13.2.1-1.1-win32-x64/xpack-arm-none-eabi-gcc-13.2.1-1.1/bin/../lib/gcc/arm-none-eabi/13.2.1/../../../../arm-none-eabi/lib/thumb/v7e-m+fp/hard\libc_nano.a(libc_a-exit.o) (__stdio_exit_handler)
E:/TPU_Work/one_chip_computer/first_homework/Tools/xpack-arm-none-eabi-gcc-13.2.1-1.1-win32-x64/xpack-arm-none-eabi-gcc-13.2.1-1.1/bin/../lib/gcc/arm-none-eabi/13.2.1/../../../../arm-none-eabi/lib/thumb/v7e-m+fp/hard\libc_nano.a(libc_a-fwalk.o)
                              E:/TPU_Work/one_chip_computer/first_homework/Tools/xpack-arm-none-eabi-gcc-13.2.1-1.1-win32-x64/xpack-arm-none-eabi-gcc-13.2.1-1.1/bin/../lib/gcc/arm-none-eabi/13.2.1/../../../../arm-none-eabi/lib/thumb/v7e-m+fp/hard\libc_nano.a(libc_a-findfp.o) (_fwalk_sglue)
E:/TPU_Work/one_chip_computer/first_homework/Tools/xpack-arm-none-eabi-gcc-13.2.1-1.1-win32-x64/xpack-arm-none-eabi-gcc-13.2.1-1.1/bin/../lib/gcc/arm-none-eabi/13.2.1/../../../../arm-none-eabi/lib/thumb/v7e-m+fp/hard\libc_nano.a(libc_a-stdio.o)
                              E:/TPU_Work/one_chip_computer/first_homework/Tools/xpack-arm-none-eabi-gcc-13.2.1-1.1-win32-x64/xpack-arm-none-eabi-gcc-13.2.1-1.1/bin/../lib/gcc/arm-none-eabi/13.2.1/../../../../arm-none-eabi/lib/thumb/v7e-m+fp/hard\libc_nano.a(libc_a-findfp.o) (__sread)
E:/TPU_Work/one_chip_computer/first_homework/Tools/xpack-arm-none-eabi-gcc-13.2.1-1.1-win32-x64/xpack-arm-none-eabi-gcc-13.2.1-1.1/bin/../lib/gcc/arm-none-eabi/13.2.1/../../../../arm-none-eabi/lib/thumb/v7e-m+fp/hard\libc_nano.a(libc_a-memset.o)
                              E:/TPU_Work/one_chip_computer/first_homework/Tools/xpack-arm-none-eabi-gcc-13.2.1-1.1-win32-x64/xpack-arm-none-eabi-gcc-13.2.1-1.1/bin/../lib/gcc/arm-none-eabi/13.2.1/../../../../arm-none-eabi/lib/thumb/v7e-m+fp/hard/crt0.o (memset)
E:/TPU_Work/one_chip_computer/first_homework/Tools/xpack-arm-none-eabi-gcc-13.2.1-1.1-win32-x64/xpack-arm-none-eabi-gcc-13.2.1-1.1/bin/../lib/gcc/arm-none-eabi/13.2.1/../../../../arm-none-eabi/lib/thumb/v7e-m+fp/hard\libc_nano.a(libc_a-closer.o)
                              E:/TPU_Work/one_chip_computer/first_homework/Tools/xpack-arm-none-eabi-gcc-13.2.1-1.1-win32-x64/xpack-arm-none-eabi-gcc-13.2.1-1.1/bin/../lib/gcc/arm-none-eabi/13.2.1/../../../../arm-none-eabi/lib/thumb/v7e-m+fp/hard\libc_nano.a(libc_a-stdio.o) (_close_r)
E:/TPU_Work/one_chip_computer/first_homework/Tools/xpack-arm-none-eabi-gcc-13.2.1-1.1-win32-x64/xpack-arm-none-eabi-gcc-13.2.1-1.1/bin/../lib/gcc/arm-none-eabi/13.2.1/../../../../arm-none-eabi/lib/thumb/v7e-m+fp/hard\libc_nano.a(libc_a-reent.o)
                              E:/TPU_Work/one_chip_computer/first_homework/Tools/xpack-arm-none-eabi-gcc-13.2.1-1.1-win32-x64/xpack-arm-none-eabi-gcc-13.2.1-1.1/bin/../lib/gcc/arm-none-eabi/13.2.1/../../../../arm-none-eabi/lib/thumb/v7e-m+fp/hard\libc_nano.a(libc_a-closer.o) (errno)
E:/TPU_Work/one_chip_computer/first_homework/Tools/xpack-arm-none-eabi-gcc-13.2.1-1.1-win32-x64/xpack-arm-none-eabi-gcc-13.2.1-1.1/bin/../lib/gcc/arm-none-eabi/13.2.1/../../../../arm-none-eabi/lib/thumb/v7e-m+fp/hard\libc_nano.a(libc_a-impure.o)
                              E:/TPU_Work/one_chip_computer/first_homework/Tools/xpack-arm-none-eabi-gcc-13.2.1-1.1-win32-x64/xpack-arm-none-eabi-gcc-13.2.1-1.1/bin/../lib/gcc/arm-none-eabi/13.2.1/../../../../arm-none-eabi/lib/thumb/v7e-m+fp/hard\libc_nano.a(libc_a-reent.o) (_impure_ptr)
[...]
Memory Configuration

Name             Origin             Length             Attributes
RAM              0x20000000         0x00030000         xrw
CCMRAM           0x10000000         0x00010000         xrw
FLASH            0x08000000         0x00200000         xr
*default*        0x00000000         0xffffffff

Linker script and memory map

LOAD E:/TPU_Work/one_chip_computer/first_homework/Tools/xpack-arm-none-eabi-gcc-13.2.1-1.1-win32-x64/xpack-arm-none-eabi-gcc-13.2.1-1.1/bin/../lib/gcc/arm-none-eabi/13.2.1/thumb/v7e-m+fp/hard/crti.o
LOAD E:/TPU_Work/one_chip_computer/first_homework/Tools/xpack-arm-none-eabi-gcc-13.2.1-1.1-win32-x64/xpack-arm-none-eabi-gcc-13.2.1-1.1/bin/../lib/gcc/arm-none-eabi/13.2.1/thumb/v7e-m+fp/hard/crtbegin.o
LOAD E:/TPU_Work/one_chip_computer/first_homework/Tools/xpack-arm-none-eabi-gcc-13.2.1-1.1-win32-x64/xpack-arm-none-eabi-gcc-13.2.1-1.1/bin/../lib/gcc/arm-none-eabi/13.2.1/../../../../arm-none-eabi/lib/thumb/v7e-m+fp/hard/crt0.o
LOAD Build/main.o
LOAD Build/init.o
LOAD Build/startup_stm32f429xx.o
LOAD E:/TPU_Work/one_chip_computer/first_homework/Tools/xpack-arm-none-eabi-gcc-13.2.1-1.1-win32-x64/xpack-arm-none-eabi-gcc-13.2.1-1.1/bin/../lib/gcc/arm-none-eabi/13.2.1/../../../../arm-none-eabi/lib/thumb/v7e-m+fp/hard\libc_nano.a
LOAD E:/TPU_Work/one_chip_computer/first_homework/Tools/xpack-arm-none-eabi-gcc-13.2.1-1.1-win32-x64/xpack-arm-none-eabi-gcc-13.2.1-1.1/bin/../lib/gcc/arm-none-eabi/13.2.1/../../../../arm-none-eabi/lib/thumb/v7e-m+fp/hard\libm.a
LOAD E:/TPU_Work/one_chip_computer/first_homework/Tools/xpack-arm-none-eabi-gcc-13.2.1-1.1-win32-x64/xpack-arm-none-eabi-gcc-13.2.1-1.1/bin/../lib/gcc/arm-none-eabi/13.2.1/../../../../arm-none-eabi/lib/thumb/v7e-m+fp/hard\libnosys.a
START GROUP
LOAD E:/TPU_Work/one_chip_computer/first_homework/Tools/xpack-arm-none-eabi-gcc-13.2.1-1.1-win32-x64/xpack-arm-none-eabi-gcc-13.2.1-1.1/bin/../lib/gcc/arm-none-eabi/13.2.1/thumb/v7e-m+fp/hard\libgcc.a
LOAD E:/TPU_Work/one_chip_computer/first_homework/Tools/xpack-arm-none-eabi-gcc-13.2.1-1.1-win32-x64/xpack-arm-none-eabi-gcc-13.2.1-1.1/bin/../lib/gcc/arm-none-eabi/13.2.1/../../../../arm-none-eabi/lib/thumb/v7e-m+fp/hard\libc_nano.a
END GROUP
START GROUP
LOAD E:/TPU_Work/one_chip_computer/first_homework/Tools/xpack-arm-none-eabi-gcc-13.2.1-1.1-win32-x64/xpack-arm-none-eabi-gcc-13.2.1-1.1/bin/../lib/gcc/arm-none-eabi/13.2.1/thumb/v7e-m+fp/hard\libgcc.a
LOAD E:/TPU_Work/one_chip_computer/first_homework/Tools/xpack-arm-none-eabi-gcc-13.2.1-1.1-win32-x64/xpack-arm-none-eabi-gcc-13.2.1-1.1/bin/../lib/gcc/arm-none-eabi/13.2.1/../../../../arm-none-eabi/lib/thumb/v7e-m+fp/hard\libc_nano.a
END GROUP
LOAD E:/TPU_Work/one_chip_computer/first_homework/Tools/xpack-arm-none-eabi-gcc-13.2.1-1.1-win32-x64/xpack-arm-none-eabi-gcc-13.2.1-1.1/bin/../lib/gcc/arm-none-eabi/13.2.1/thumb/v7e-m+fp/hard/crtend.o
LOAD E:/TPU_Work/one_chip_computer/first_homework/Tools/xpack-arm-none-eabi-gcc-13.2.1-1.1-win32-x64/xpack-arm-none-eabi-gcc-13.2.1-1.1/bin/../lib/gcc/arm-none-eabi/13.2.1/thumb/v7e-m+fp/hard/crtn.o
                0x20030000                        _estack = (ORIGIN (RAM) + LENGTH (RAM))
                0x00000200                        _Min_Heap_Size = 0x200
                0x00000400                        _Min_Stack_Size = 0x400

.isr_vector     0x08000000      0x1ac
                0x08000000                        . = ALIGN (0x4)
 *(.isr_vector)
 .isr_vector    0x08000000      0x1ac Build/startup_stm32f429xx.o
                0x08000000                g_pfnVectors
                0x080001ac                        . = ALIGN (0x4)

.text           0x080001ac      0x26c
                0x080001ac                        . = ALIGN (0x4)
 *(.text)
 *(.text*)
 .text.__do_global_dtors_aux
                0x080001ac       0x24 E:/TPU_Work/one_chip_computer/first_homework/Tools/xpack-arm-none-eabi-gcc-13.2.1-1.1-win32-x64/xpack-arm-none-eabi-gcc-13.2.1-1.1/bin/../lib/gcc/arm-none-eabi/13.2.1/thumb/v7e-m+fp/hard/crtbegin.o
 .text.frame_dummy
                0x080001d0       0x1c E:/TPU_Work/one_chip_computer/first_homework/Tools/xpack-arm-none-eabi-gcc-13.2.1-1.1-win32-x64/xpack-arm-none-eabi-gcc-13.2.1-1.1/bin/../lib/gcc/arm-none-eabi/13.2.1/thumb/v7e-m+fp/hard/crtbegin.o
 .text.main     0x080001ec      0x100 Build/main.o
                0x080001ec                main
 .text.GPIO_Ini
                0x080002ec       0x7c Build/init.o
                0x080002ec                GPIO_Ini
 .text.Reset_Handler
                0x08000368       0x4c Build/startup_stm32f429xx.o
                0x08000368                Reset_Handler
 .text.Default_Handler
                0x080003b4        0x2 Build/startup_stm32f429xx.o
                0x080003b4                RTC_Alarm_IRQHandler
                0x080003b4                HASH_RNG_IRQHandler
                0x080003b4                EXTI2_IRQHandler
                0x080003b4                TIM8_CC_IRQHandler
                0x080003b4                DebugMon_Handler
                0x080003b4                UART8_IRQHandler
                0x080003b4                SPI4_IRQHandler
                0x080003b4                TIM1_CC_IRQHandler
                0x080003b4                DMA2_Stream5_IRQHandler
                0x080003b4                HardFault_Handler
                0x080003b4                DMA1_Stream5_IRQHandler
                0x080003b4                SysTick_Handler
                0x080003b4                PVD_IRQHandler
                0x080003b4                SDIO_IRQHandler
                0x080003b4                TAMP_STAMP_IRQHandler
                0x080003b4                PendSV_Handler
                0x080003b4                NMI_Handler
                0x080003b4                CAN2_RX1_IRQHandler
                0x080003b4                EXTI3_IRQHandler
                0x080003b4                TIM8_TRG_COM_TIM14_IRQHandler
                0x080003b4                TIM1_UP_TIM10_IRQHandler
                0x080003b4                TIM8_UP_TIM13_IRQHandler
                0x080003b4                I2C3_ER_IRQHandler
                0x080003b4                EXTI0_IRQHandler
                0x080003b4                I2C2_EV_IRQHandler
                0x080003b4                DMA1_Stream2_IRQHandler
                0x080003b4                CAN1_RX0_IRQHandler
                0x080003b4                FPU_IRQHandler
                0x080003b4                OTG_HS_WKUP_IRQHandler
                0x080003b4                UsageFault_Handler
                0x080003b4                LTDC_ER_IRQHandler
                0x080003b4                CAN2_SCE_IRQHandler
                0x080003b4                DMA2_Stream2_IRQHandler
                0x080003b4                SPI1_IRQHandler
                0x080003b4                TIM6_DAC_IRQHandler
                0x080003b4                TIM1_BRK_TIM9_IRQHandler
                0x080003b4                DCMI_IRQHandler
                0x080003b4                CAN2_RX0_IRQHandler
                0x080003b4                DMA2_Stream3_IRQHandler
                0x080003b4                USART6_IRQHandler
                0x080003b4                USART3_IRQHandler
                0x080003b4                CAN1_RX1_IRQHandler
                0x080003b4                UART5_IRQHandler
                0x080003b4                DMA2_Stream0_IRQHandler
                0x080003b4                TIM4_IRQHandler
                0x080003b4                I2C1_EV_IRQHandler
                0x080003b4                DMA1_Stream6_IRQHandler
                0x080003b4                DMA1_Stream1_IRQHandler
                0x080003b4                UART4_IRQHandler
                0x080003b4                TIM3_IRQHandler
                0x080003b4                RCC_IRQHandler
                0x080003b4                TIM8_BRK_TIM12_IRQHandler
                0x080003b4                Default_Handler
                0x080003b4                EXTI15_10_IRQHandler
                0x080003b4                ADC_IRQHandler
                0x080003b4                DMA1_Stream7_IRQHandler
                0x080003b4                SPI5_IRQHandler
                0x080003b4                TIM7_IRQHandler
                0x080003b4                CAN2_TX_IRQHandler
                0x080003b4                TIM5_IRQHandler
                0x080003b4                DMA2_Stream7_IRQHandler
                0x080003b4                I2C3_EV_IRQHandler
                0x080003b4                EXTI9_5_IRQHandler
                0x080003b4                RTC_WKUP_IRQHandler
                0x080003b4                LTDC_IRQHandler
                0x080003b4                ETH_WKUP_IRQHandler
                0x080003b4                SPI2_IRQHandler
                0x080003b4                OTG_HS_EP1_IN_IRQHandler
                0x080003b4                MemManage_Handler
                0x080003b4                DMA1_Stream0_IRQHandler
                0x080003b4                CAN1_TX_IRQHandler
                0x080003b4                SVC_Handler
                0x080003b4                EXTI4_IRQHandler
                0x080003b4                ETH_IRQHandler
                0x080003b4                OTG_HS_EP1_OUT_IRQHandler
                0x080003b4                WWDG_IRQHandler
                0x080003b4                SPI6_IRQHandler
                0x080003b4                TIM2_IRQHandler
                0x080003b4                OTG_FS_WKUP_IRQHandler
                0x080003b4                TIM1_TRG_COM_TIM11_IRQHandler
                0x080003b4                OTG_HS_IRQHandler
                0x080003b4                DMA2D_IRQHandler
                0x080003b4                EXTI1_IRQHandler
                0x080003b4                UART7_IRQHandler
                0x080003b4                USART2_IRQHandler
                0x080003b4                I2C2_ER_IRQHandler
                0x080003b4                DMA2_Stream1_IRQHandler
                0x080003b4                CAN1_SCE_IRQHandler
                0x080003b4                FLASH_IRQHandler
                0x080003b4                DMA2_Stream4_IRQHandler
                0x080003b4                BusFault_Handler
                0x080003b4                USART1_IRQHandler
                0x080003b4                OTG_FS_IRQHandler
                0x080003b4                SPI3_IRQHandler
                0x080003b4                DMA1_Stream4_IRQHandler
                0x080003b4                I2C1_ER_IRQHandler
                0x080003b4                FMC_IRQHandler
                0x080003b4                DMA2_Stream6_IRQHandler
                0x080003b4                SAI1_IRQHandler
                0x080003b4                DMA1_Stream3_IRQHandler
 *fill*         0x080003b6        0x2 
 .text.__libc_init_array
                0x080003b8       0x48 E:/TPU_Work/one_chip_computer/first_homework/Tools/xpack-arm-none-eabi-gcc-13.2.1-1.1-win32-x64/xpack-arm-none-eabi-gcc-13.2.1-1.1/bin/../lib/gcc/arm-none-eabi/13.2.1/../../../../arm-none-eabi/lib/thumb/v7e-m+fp/hard\libc_nano.a(libc_a-init.o)
                0x080003b8                __libc_init_array
 *(.glue_7)
 .glue_7        0x08000400        0x0 linker stubs
 *(.glue_7t)
 .glue_7t       0x08000400        0x0 linker stubs
 *(.eh_frame)
 .eh_frame      0x08000400        0x0 E:/TPU_Work/one_chip_computer/first_homework/Tools/xpack-arm-none-eabi-gcc-13.2.1-1.1-win32-x64/xpack-arm-none-eabi-gcc-13.2.1-1.1/bin/../lib/gcc/arm-none-eabi/13.2.1/thumb/v7e-m+fp/hard/crtbegin.o
 *(.init)
 .init          0x08000400        0x4 E:/TPU_Work/one_chip_computer/first_homework/Tools/xpack-arm-none-eabi-gcc-13.2.1-1.1-win32-x64/xpack-arm-none-eabi-gcc-13.2.1-1.1/bin/../lib/gcc/arm-none-eabi/13.2.1/thumb/v7e-m+fp/hard/crti.o
                0x08000400                _init
 .init          0x08000404        0x8 E:/TPU_Work/one_chip_computer/first_homework/Tools/xpack-arm-none-eabi-gcc-13.2.1-1.1-win32-x64/xpack-arm-none-eabi-gcc-13.2.1-1.1/bin/../lib/gcc/arm-none-eabi/13.2.1/thumb/v7e-m+fp/hard/crtn.o
 *(.fini)
 .fini          0x0800040c        0x4 E:/TPU_Work/one_chip_computer/first_homework/Tools/xpack-arm-none-eabi-gcc-13.2.1-1.1-win32-x64/xpack-arm-none-eabi-gcc-13.2.1-1.1/bin/../lib/gcc/arm-none-eabi/13.2.1/thumb/v7e-m+fp/hard/crti.o
                0x0800040c                _fini
 .fini          0x08000410        0x8 E:/TPU_Work/one_chip_computer/first_homework/Tools/xpack-arm-none-eabi-gcc-13.2.1-1.1-win32-x64/xpack-arm-none-eabi-gcc-13.2.1-1.1/bin/../lib/gcc/arm-none-eabi/13.2.1/thumb/v7e-m+fp/hard/crtn.o
                0x08000418                        . = ALIGN (0x4)
                0x08000418                        _etext = .

.vfp11_veneer   0x08000418        0x0
 .vfp11_veneer  0x08000418        0x0 linker stubs

.v4_bx          0x08000418        0x0
 .v4_bx         0x08000418        0x0 linker stubs

.iplt           0x08000418        0x0
 .iplt          0x08000418        0x0 E:/TPU_Work/one_chip_computer/first_homework/Tools/xpack-arm-none-eabi-gcc-13.2.1-1.1-win32-x64/xpack-arm-none-eabi-gcc-13.2.1-1.1/bin/../lib/gcc/arm-none-eabi/13.2.1/thumb/v7e-m+fp/hard/crtbegin.o

.rel.dyn        0x08000418        0x0
 .rel.iplt      0x08000418        0x0 E:/TPU_Work/one_chip_computer/first_homework/Tools/xpack-arm-none-eabi-gcc-13.2.1-1.1-win32-x64/xpack-arm-none-eabi-gcc-13.2.1-1.1/bin/../lib/gcc/arm-none-eabi/13.2.1/thumb/v7e-m+fp/hard/crtbegin.o

.rodata         0x08000418        0x0
                0x08000418                        . = ALIGN (0x4)
 *(.rodata)
 *(.rodata*)
                0x08000418                        . = ALIGN (0x4)

.ARM.extab
 *(.ARM.extab* .gnu.linkonce.armextab.*)

.ARM            0x08000418        0x0
                0x08000418                        __exidx_start = .
 *(.ARM.exidx*)
                0x08000418                        __exidx_end = .

.preinit_array  0x08000418        0x0
                0x08000418                        PROVIDE (__preinit_array_start = .)
 *(.preinit_array*)
                0x08000418                        PROVIDE (__preinit_array_end = .)

.init_array     0x08000418        0x4
                0x08000418                        PROVIDE (__init_array_start = .)
 *(SORT_BY_NAME(.init_array.*))
 *(.init_array*)
 .init_array    0x08000418        0x4 E:/TPU_Work/one_chip_computer/first_homework/Tools/xpack-arm-none-eabi-gcc-13.2.1-1.1-win32-x64/xpack-arm-none-eabi-gcc-13.2.1-1.1/bin/../lib/gcc/arm-none-eabi/13.2.1/thumb/v7e-m+fp/hard/crtbegin.o
                0x0800041c                        PROVIDE (__init_array_end = .)

.fini_array     0x0800041c        0x4
                0x0800041c                        PROVIDE (__fini_array_start = .)
 *(SORT_BY_NAME(.fini_array.*))
 *(.fini_array*)
 .fini_array    0x0800041c        0x4 E:/TPU_Work/one_chip_computer/first_homework/Tools/xpack-arm-none-eabi-gcc-13.2.1-1.1-win32-x64/xpack-arm-none-eabi-gcc-13.2.1-1.1/bin/../lib/gcc/arm-none-eabi/13.2.1/thumb/v7e-m+fp/hard/crtbegin.o
                0x08000420                        PROVIDE (__fini_array_end = .)
                0x08000420                        _sidata = LOADADDR (.data)

.data           0x20000000        0x0 load address 0x08000420
                0x20000000                        . = ALIGN (0x4)
                0x20000000                        _sdata = .
 *(.data)
 *(.data*)
                0x20000000                        . = ALIGN (0x4)
                0x20000000                        _edata = .
                0x08000420                        _siccmram = LOADADDR (.ccmram)

.igot.plt       0x20000000        0x0 load address 0x08000420
 .igot.plt      0x20000000        0x0 E:/TPU_Work/one_chip_computer/first_homework/Tools/xpack-arm-none-eabi-gcc-13.2.1-1.1-win32-x64/xpack-arm-none-eabi-gcc-13.2.1-1.1/bin/../lib/gcc/arm-none-eabi/13.2.1/thumb/v7e-m+fp/hard/crtbegin.o

.ccmram         0x10000000        0x0 load address 0x08000420
                0x10000000                        . = ALIGN (0x4)
                0x10000000                        _sccmram = .
 *(.ccmram)
 *(.ccmram*)
                0x10000000                        . = ALIGN (0x4)
                0x10000000                        _eccmram = .
                0x10000000                        . = ALIGN (0x4)

.bss            0x20000000       0x1c
                0x20000000                        _sbss = .
                0x20000000                        __bss_start__ = _sbss
 *(.bss)
 *(.bss*)
 .bss.completed.1
                0x20000000        0x1 E:/TPU_Work/one_chip_computer/first_homework/Tools/xpack-arm-none-eabi-gcc-13.2.1-1.1-win32-x64/xpack-arm-none-eabi-gcc-13.2.1-1.1/bin/../lib/gcc/arm-none-eabi/13.2.1/thumb/v7e-m+fp/hard/crtbegin.o
 *fill*         0x20000001        0x3 
 .bss.object.0  0x20000004       0x18 E:/TPU_Work/one_chip_computer/first_homework/Tools/xpack-arm-none-eabi-gcc-13.2.1-1.1-win32-x64/xpack-arm-none-eabi-gcc-13.2.1-1.1/bin/../lib/gcc/arm-none-eabi/13.2.1/thumb/v7e-m+fp/hard/crtbegin.o
 *(COMMON)
                0x2000001c                        . = ALIGN (0x4)
                0x2000001c                        _ebss = .
                0x2000001c                        __bss_end__ = _ebss

._user_heap_stack
                0x2000001c      0x604
                0x20000020                        . = ALIGN (0x8)
 *fill*         0x2000001c        0x4 
                0x20000020                        PROVIDE (end = .)
                [!provide]                        PROVIDE (_end = .)
                0x20000220                        . = (. + _Min_Heap_Size)
 *fill*         0x20000020      0x200 
                0x20000620                        . = (. + _Min_Stack_Size)
 *fill*         0x20000220      0x400 
                0x20000620                        . = ALIGN (0x8)

/DISCARD/
 libc.a(*)
 libm.a(*)
 libgcc.a(*)

.ARM.attributes
                0x00000000       0x30
 *(.ARM.attributes)
 .ARM.attributes
                0x00000000       0x22 E:/TPU_Work/one_chip_computer/first_homework/Tools/xpack-arm-none-eabi-gcc-13.2.1-1.1-win32-x64/xpack-arm-none-eabi-gcc-13.2.1-1.1/bin/../lib/gcc/arm-none-eabi/13.2.1/thumb/v7e-m+fp/hard/crti.o
 .ARM.attributes
                0x00000022       0x34 E:/TPU_Work/one_chip_computer/first_homework/Tools/xpack-arm-none-eabi-gcc-13.2.1-1.1-win32-x64/xpack-arm-none-eabi-gcc-13.2.1-1.1/bin/../lib/gcc/arm-none-eabi/13.2.1/thumb/v7e-m+fp/hard/crtbegin.o
 .ARM.attributes
                0x00000056       0x34 Build/main.o
 .ARM.attributes
                0x0000008a       0x34 Build/init.o
 .ARM.attributes
                0x000000be       0x21 Build/startup_stm32f429xx.o
 .ARM.attributes
                0x000000df       0x34 E:/TPU_Work/one_chip_computer/first_homework/Tools/xpack-arm-none-eabi-gcc-13.2.1-1.1-win32-x64/xpack-arm-none-eabi-gcc-13.2.1-1.1/bin/../lib/gcc/arm-none-eabi/13.2.1/../../../../arm-none-eabi/lib/thumb/v7e-m+fp/hard\libc_nano.a(libc_a-init.o)
 .ARM.attributes
                0x00000113       0x22 E:/TPU_Work/one_chip_computer/first_homework/Tools/xpack-arm-none-eabi-gcc-13.2.1-1.1-win32-x64/xpack-arm-none-eabi-gcc-13.2.1-1.1/bin/../lib/gcc/arm-none-eabi/13.2.1/thumb/v7e-m+fp/hard/crtn.o
OUTPUT(Build/LABORATORY_PRACTICE.elf elf32-littlearm)
LOAD linker stubs
LOAD E:/TPU_Work/one_chip_computer/first_homework/Tools/xpack-arm-none-eabi-gcc-13.2.1-1.1-win32-x64/xpack-arm-none-eabi-gcc-13.2.1-1.1/bin/../lib/gcc/arm-none-eabi/13.2.1/../../../../arm-none-eabi/lib/thumb/v7e-m+fp/hard\libc.a
LOAD E:/TPU_Work/one_chip_computer/first_homework/Tools/xpack-arm-none-eabi-gcc-13.2.1-1.1-win32-x64/xpack-arm-none-eabi-gcc-13.2.1-1.1/bin/../lib/gcc/arm-none-eabi/13.2.1/../../../../arm-none-eabi/lib/thumb/v7e-m+fp/hard\libm.a
LOAD E:/TPU_Work/one_chip_computer/first_homework/Tools/xpack-arm-none-eabi-gcc-13.2.1-1.1-win32-x64/xpack-arm-none-eabi-gcc-13.2.1-1.1/bin/../lib/gcc/arm-none-eabi/13.2.1/thumb/v7e-m+fp/hard\libgcc.a

.comment        0x00000000       0x39
 .comment       0x00000000       0x39 E:/TPU_Work/one_chip_computer/first_homework/Tools/xpack-arm-none-eabi-gcc-13.2.1-1.1-win32-x64/xpack-arm-none-eabi-gcc-13.2.1-1.1/bin/../lib/gcc/arm-none-eabi/13.2.1/thumb/v7e-m+fp/hard/crtbegin.o
                                 0x3a (size before relaxing)
 .comment       0x00000039       0x3a Build/main.o
 .comment       0x00000039       0x3a Build/init.o
 .comment       0x00000039       0x3a E:/TPU_Work/one_chip_computer/first_homework/Tools/xpack-arm-none-eabi-gcc-13.2.1-1.1-win32-x64/xpack-arm-none-eabi-gcc-13.2.1-1.1/bin/../lib/gcc/arm-none-eabi/13.2.1/../../../../arm-none-eabi/lib/thumb/v7e-m+fp/hard\libc_nano.a(libc_a-init.o)

.debug_info     0x00000000      0x1e2
 .debug_info    0x00000000      0x114 Build/main.o
 .debug_info    0x00000114       0x9e Build/init.o
 .debug_info    0x000001b2       0x30 Build/startup_stm32f429xx.o

.debug_abbrev   0x00000000      0x11c
 .debug_abbrev  0x00000000       0xaa Build/main.o
 .debug_abbrev  0x000000aa       0x55 Build/init.o
 .debug_abbrev  0x000000ff       0x1d Build/startup_stm32f429xx.o

.debug_loc      0x00000000       0xdd
 .debug_loc     0x00000000       0xdd Build/main.o

.debug_aranges  0x00000000       0x68
 .debug_aranges
                0x00000000       0x20 Build/main.o
 .debug_aranges
                0x00000020       0x20 Build/init.o
 .debug_aranges
                0x00000040       0x28 Build/startup_stm32f429xx.o

.debug_ranges   0x00000000       0x58
 .debug_ranges  0x00000000       0x28 Build/main.o
 .debug_ranges  0x00000028       0x10 Build/init.o
 .debug_ranges  0x00000038       0x20 Build/startup_stm32f429xx.o

.debug_line     0x00000000      0x4c5
 .debug_line    0x00000000      0x26b Build/main.o
 .debug_line    0x0000026b      0x1e8 Build/init.o
 .debug_line    0x00000453       0x72 Build/startup_stm32f429xx.o

.debug_str      0x00000000      0x1bb
 .debug_str     0x00000000      0x1bb Build/main.o
                                0x1be (size before relaxing)
 .debug_str     0x000001bb      0x18d Build/init.o
 .debug_str     0x000001bb       0x73 Build/startup_stm32f429xx.o

.debug_frame    0x00000000       0x48
 .debug_frame   0x00000000       0x28 Build/main.o
 .debug_frame   0x00000028       0x20 Build/init.o

Cross Reference Table

Symbol                                            File
ADC_IRQHandler                                    Build/startup_stm32f429xx.o
BusFault_Handler                                  Build/startup_stm32f429xx.o
CAN1_RX0_IRQHandler                               Build/startup_stm32f429xx.o
CAN1_RX1_IRQHandler                               Build/startup_stm32f429xx.o
CAN1_SCE_IRQHandler                               Build/startup_stm32f429xx.o
CAN1_TX_IRQHandler                                Build/startup_stm32f429xx.o
CAN2_RX0_IRQHandler                               Build/startup_stm32f429xx.o
CAN2_RX1_IRQHandler                               Build/startup_stm32f429xx.o
CAN2_SCE_IRQHandler                               Build/startup_stm32f429xx.o
CAN2_TX_IRQHandler                                Build/startup_stm32f429xx.o
DCMI_IRQHandler                                   Build/startup_stm32f429xx.o
DMA1_Stream0_IRQHandler                           Build/startup_stm32f429xx.o
DMA1_Stream1_IRQHandler                           Build/startup_stm32f429xx.o
DMA1_Stream2_IRQHandler                           Build/startup_stm32f429xx.o
DMA1_Stream3_IRQHandler                           Build/startup_stm32f429xx.o
DMA1_Stream4_IRQHandler                           Build/startup_stm32f429xx.o
DMA1_Stream5_IRQHandler                           Build/startup_stm32f429xx.o
DMA1_Stream6_IRQHandler                           Build/startup_stm32f429xx.o
DMA1_Stream7_IRQHandler                           Build/startup_stm32f429xx.o
DMA2D_IRQHandler                                  Build/startup_stm32f429xx.o
DMA2_Stream0_IRQHandler                           Build/startup_stm32f429xx.o
DMA2_Stream1_IRQHandler                           Build/startup_stm32f429xx.o
DMA2_Stream2_IRQHandler                           Build/startup_stm32f429xx.o
DMA2_Stream3_IRQHandler                           Build/startup_stm32f429xx.o
DMA2_Stream4_IRQHandler                           Build/startup_stm32f429xx.o
DMA2_Stream5_IRQHandler                           Build/startup_stm32f429xx.o
DMA2_Stream6_IRQHandler                           Build/startup_stm32f429xx.o
DMA2_Stream7_IRQHandler                           Build/startup_stm32f429xx.o
DebugMon_Handler                                  Build/startup_stm32f429xx.o
Default_Handler                                   Build/startup_stm32f429xx.o
ETH_IRQHandler                                    Build/startup_stm32f429xx.o
ETH_WKUP_IRQHandler                               Build/startup_stm32f429xx.o
EXTI0_IRQHandler                                  Build/startup_stm32f429xx.o
EXTI15_10_IRQHandler                              Build/startup_stm32f429xx.o
EXTI1_IRQHandler                                  Build/startup_stm32f429xx.o
EXTI2_IRQHandler                                  Build/startup_stm32f429xx.o
EXTI3_IRQHandler                                  Build/startup_stm32f429xx.o
EXTI4_IRQHandler                                  Build/startup_stm32f429xx.o
EXTI9_5_IRQHandler                                Build/startup_stm32f429xx.o
FLASH_IRQHandler                                  Build/startup_stm32f429xx.o
FMC_IRQHandler                                    Build/startup_stm32f429xx.o
FPU_IRQHandler                                    Build/startup_stm32f429xx.o
GPIO_Ini                                          Build/init.o
                                                  Build/main.o
HASH_RNG_IRQHandler                               Build/startup_stm32f429xx.o
HardFault_Handler                                 Build/startup_stm32f429xx.o
I2C1_ER_IRQHandler                                Build/startup_stm32f429xx.o
I2C1_EV_IRQHandler                                Build/startup_stm32f429xx.o
I2C2_ER_IRQHandler                                Build/startup_stm32f429xx.o
I2C2_EV_IRQHandler                                Build/startup_stm32f429xx.o
I2C3_ER_IRQHandler                                Build/startup_stm32f429xx.o
I2C3_EV_IRQHandler                                Build/startup_stm32f429xx.o
LTDC_ER_IRQHandler                                Build/startup_stm32f429xx.o
LTDC_IRQHandler                                   Build/startup_stm32f429xx.o
MemManage_Handler                                 Build/startup_stm32f429xx.o
NMI_Handler                                       Build/startup_stm32f429xx.o
OTG_FS_IRQHandler                                 Build/startup_stm32f429xx.o
OTG_FS_WKUP_IRQHandler                            Build/startup_stm32f429xx.o
OTG_HS_EP1_IN_IRQHandler                          Build/startup_stm32f429xx.o
OTG_HS_EP1_OUT_IRQHandler                         Build/startup_stm32f429xx.o
OTG_HS_IRQHandler                                 Build/startup_stm32f429xx.o
OTG_HS_WKUP_IRQHandler                            Build/startup_stm32f429xx.o
PVD_IRQHandler                                    Build/startup_stm32f429xx.o
PendSV_Handler                                    Build/startup_stm32f429xx.o
RCC_IRQHandler                                    Build/startup_stm32f429xx.o
RTC_Alarm_IRQHandler                              Build/startup_stm32f429xx.o
RTC_WKUP_IRQHandler                               Build/startup_stm32f429xx.o
Reset_Handler                                     Build/startup_stm32f429xx.o
SAI1_IRQHandler                                   Build/startup_stm32f429xx.o
SDIO_IRQHandler                                   Build/startup_stm32f429xx.o
SPI1_IRQHandler                                   Build/startup_stm32f429xx.o
SPI2_IRQHandler                                   Build/startup_stm32f429xx.o
SPI3_IRQHandler                                   Build/startup_stm32f429xx.o
SPI4_IRQHandler                                   Build/startup_stm32f429xx.o
SPI5_IRQHandler                                   Build/startup_stm32f429xx.o
SPI6_IRQHandler                                   Build/startup_stm32f429xx.o
SVC_Handler                                       Build/startup_stm32f429xx.o
SysTick_Handler                                   Build/startup_stm32f429xx.o
TAMP_STAMP_IRQHandler                             Build/startup_stm32f429xx.o
TIM1_BRK_TIM9_IRQHandler                          Build/startup_stm32f429xx.o
TIM1_CC_IRQHandler                                Build/startup_stm32f429xx.o
TIM1_TRG_COM_TIM11_IRQHandler                     Build/startup_stm32f429xx.o
TIM1_UP_TIM10_IRQHandler                          Build/startup_stm32f429xx.o
TIM2_IRQHandler                                   Build/startup_stm32f429xx.o
TIM3_IRQHandler                                   Build/startup_stm32f429xx.o
TIM4_IRQHandler                                   Build/startup_stm32f429xx.o
TIM5_IRQHandler                                   Build/startup_stm32f429xx.o
TIM6_DAC_IRQHandler                               Build/startup_stm32f429xx.o
TIM7_IRQHandler                                   Build/startup_stm32f429xx.o
TIM8_BRK_TIM12_IRQHandler                         Build/startup_stm32f429xx.o
TIM8_CC_IRQHandler                                Build/startup_stm32f429xx.o
TIM8_TRG_COM_TIM14_IRQHandler                     Build/startup_stm32f429xx.o
TIM8_UP_TIM13_IRQHandler                          Build/startup_stm32f429xx.o
UART4_IRQHandler                                  Build/startup_stm32f429xx.o
UART5_IRQHandler                                  Build/startup_stm32f429xx.o
UART7_IRQHandler                                  Build/startup_stm32f429xx.o
UART8_IRQHandler                                  Build/startup_stm32f429xx.o
USART1_IRQHandler                                 Build/startup_stm32f429xx.o
USART2_IRQHandler                                 Build/startup_stm32f429xx.o
USART3_IRQHandler                                 Build/startup_stm32f429xx.o
USART6_IRQHandler                                 Build/startup_stm32f429xx.o
UsageFault_Handler                                Build/startup_stm32f429xx.o
WWDG_IRQHandler                                   Build/startup_stm32f429xx.o
__atexit                                          E:/TPU_Work/one_chip_computer/first_homework/Tools/xpack-arm-none-eabi-gcc-13.2.1-1.1-win32-x64/xpack-arm-none-eabi-gcc-13.2.1-1.1/bin/../lib/gcc/arm-none-eabi/13.2.1/../../../../arm-none-eabi/lib/thumb/v7e-m+fp/hard\libc_nano.a(libc_a-__call_atexit.o)
                                                  E:/TPU_Work/one_chip_computer/first_homework/Tools/xpack-arm-none-eabi-gcc-13.2.1-1.1-win32-x64/xpack-arm-none-eabi-gcc-13.2.1-1.1/bin/../lib/gcc/arm-none-eabi/13.2.1/../../../../arm-none-eabi/lib/thumb/v7e-m+fp/hard\libc_nano.a(libc_a-__atexit.o)
__atexit0                                         E:/TPU_Work/one_chip_computer/first_homework/Tools/xpack-arm-none-eabi-gcc-13.2.1-1.1-win32-x64/xpack-arm-none-eabi-gcc-13.2.1-1.1/bin/../lib/gcc/arm-none-eabi/13.2.1/../../../../arm-none-eabi/lib/thumb/v7e-m+fp/hard\libc_nano.a(libc_a-__atexit.o)
__atexit_dummy                                    E:/TPU_Work/one_chip_computer/first_homework/Tools/xpack-arm-none-eabi-gcc-13.2.1-1.1-win32-x64/xpack-arm-none-eabi-gcc-13.2.1-1.1/bin/../lib/gcc/arm-none-eabi/13.2.1/../../../../arm-none-eabi/lib/thumb/v7e-m+fp/hard\libc_nano.a(libc_a-__atexit.o)
__atexit_recursive_mutex                          E:/TPU_Work/one_chip_computer/first_homework/Tools/xpack-arm-none-eabi-gcc-13.2.1-1.1-win32-x64/xpack-arm-none-eabi-gcc-13.2.1-1.1/bin/../lib/gcc/arm-none-eabi/13.2.1/../../../../arm-none-eabi/lib/thumb/v7e-m+fp/hard\libc_nano.a(libc_a-__call_atexit.o)
                                                  E:/TPU_Work/one_chip_computer/first_homework/Tools/xpack-arm-none-eabi-gcc-13.2.1-1.1-win32-x64/xpack-arm-none-eabi-gcc-13.2.1-1.1/bin/../lib/gcc/arm-none-eabi/13.2.1/../../../../arm-none-eabi/lib/thumb/v7e-m+fp/hard\libc_nano.a(libc_a-__atexit.o)
__bss_end__                                       E:/TPU_Work/one_chip_computer/first_homework/Tools/xpack-arm-none-eabi-gcc-13.2.1-1.1-win32-x64/xpack-arm-none-eabi-gcc-13.2.1-1.1/bin/../lib/gcc/arm-none-eabi/13.2.1/../../../../arm-none-eabi/lib/thumb/v7e-m+fp/hard/crt0.o
__bss_start__                                     E:/TPU_Work/one_chip_computer/first_homework/Tools/xpack-arm-none-eabi-gcc-13.2.1-1.1-win32-x64/xpack-arm-none-eabi-gcc-13.2.1-1.1/bin/../lib/gcc/arm-none-eabi/13.2.1/../../../../arm-none-eabi/lib/thumb/v7e-m+fp/hard/crt0.o
__call_exitprocs                                  E:/TPU_Work/one_chip_computer/first_homework/Tools/xpack-arm-none-eabi-gcc-13.2.1-1.1-win32-x64/xpack-arm-none-eabi-gcc-13.2.1-1.1/bin/../lib/gcc/arm-none-eabi/13.2.1/../../../../arm-none-eabi/lib/thumb/v7e-m+fp/hard\libc_nano.a(libc_a-__call_atexit.o)
                                                  E:/TPU_Work/one_chip_computer/first_homework/Tools/xpack-arm-none-eabi-gcc-13.2.1-1.1-win32-x64/xpack-arm-none-eabi-gcc-13.2.1-1.1/bin/../lib/gcc/arm-none-eabi/13.2.1/../../../../arm-none-eabi/lib/thumb/v7e-m+fp/hard\libc_nano.a(libc_a-__atexit.o)
                                                  E:/TPU_Work/one_chip_computer/first_homework/Tools/xpack-arm-none-eabi-gcc-13.2.1-1.1-win32-x64/xpack-arm-none-eabi-gcc-13.2.1-1.1/bin/../lib/gcc/arm-none-eabi/13.2.1/../../../../arm-none-eabi/lib/thumb/v7e-m+fp/hard\libc_nano.a(libc_a-exit.o)
__deregister_frame_info                           E:/TPU_Work/one_chip_computer/first_homework/Tools/xpack-arm-none-eabi-gcc-13.2.1-1.1-win32-x64/xpack-arm-none-eabi-gcc-13.2.1-1.1/bin/../lib/gcc/arm-none-eabi/13.2.1/thumb/v7e-m+fp/hard/crtbegin.o
__dso_handle                                      E:/TPU_Work/one_chip_computer/first_homework/Tools/xpack-arm-none-eabi-gcc-13.2.1-1.1-win32-x64/xpack-arm-none-eabi-gcc-13.2.1-1.1/bin/../lib/gcc/arm-none-eabi/13.2.1/thumb/v7e-m+fp/hard/crtbegin.o
__fini_array_end                                  E:/TPU_Work/one_chip_computer/first_homework/Tools/xpack-arm-none-eabi-gcc-13.2.1-1.1-win32-x64/xpack-arm-none-eabi-gcc-13.2.1-1.1/bin/../lib/gcc/arm-none-eabi/13.2.1/../../../../arm-none-eabi/lib/thumb/v7e-m+fp/hard\libc_nano.a(libc_a-fini.o)
__fini_array_start                                E:/TPU_Work/one_chip_computer/first_homework/Tools/xpack-arm-none-eabi-gcc-13.2.1-1.1-win32-x64/xpack-arm-none-eabi-gcc-13.2.1-1.1/bin/../lib/gcc/arm-none-eabi/13.2.1/../../../../arm-none-eabi/lib/thumb/v7e-m+fp/hard\libc_nano.a(libc_a-fini.o)
__fp_lock_all                                     E:/TPU_Work/one_chip_computer/first_homework/Tools/xpack-arm-none-eabi-gcc-13.2.1-1.1-win32-x64/xpack-arm-none-eabi-gcc-13.2.1-1.1/bin/../lib/gcc/arm-none-eabi/13.2.1/../../../../arm-none-eabi/lib/thumb/v7e-m+fp/hard\libc_nano.a(libc_a-findfp.o)
__fp_unlock_all                                   E:/TPU_Work/one_chip_computer/first_homework/Tools/xpack-arm-none-eabi-gcc-13.2.1-1.1-win32-x64/xpack-arm-none-eabi-gcc-13.2.1-1.1/bin/../lib/gcc/arm-none-eabi/13.2.1/../../../../arm-none-eabi/lib/thumb/v7e-m+fp/hard\libc_nano.a(libc_a-findfp.o)
__init_array_end                                  E:/TPU_Work/one_chip_computer/first_homework/Tools/xpack-arm-none-eabi-gcc-13.2.1-1.1-win32-x64/xpack-arm-none-eabi-gcc-13.2.1-1.1/bin/../lib/gcc/arm-none-eabi/13.2.1/../../../../arm-none-eabi/lib/thumb/v7e-m+fp/hard\libc_nano.a(libc_a-init.o)
__init_array_start                                E:/TPU_Work/one_chip_computer/first_homework/Tools/xpack-arm-none-eabi-gcc-13.2.1-1.1-win32-x64/xpack-arm-none-eabi-gcc-13.2.1-1.1/bin/../lib/gcc/arm-none-eabi/13.2.1/../../../../arm-none-eabi/lib/thumb/v7e-m+fp/hard\libc_nano.a(libc_a-init.o)
__libc_fini_array                                 E:/TPU_Work/one_chip_computer/first_homework/Tools/xpack-arm-none-eabi-gcc-13.2.1-1.1-win32-x64/xpack-arm-none-eabi-gcc-13.2.1-1.1/bin/../lib/gcc/arm-none-eabi/13.2.1/../../../../arm-none-eabi/lib/thumb/v7e-m+fp/hard\libc_nano.a(libc_a-fini.o)
                                                  E:/TPU_Work/one_chip_computer/first_homework/Tools/xpack-arm-none-eabi-gcc-13.2.1-1.1-win32-x64/xpack-arm-none-eabi-gcc-13.2.1-1.1/bin/../lib/gcc/arm-none-eabi/13.2.1/../../../../arm-none-eabi/lib/thumb/v7e-m+fp/hard/crt0.o
__libc_init_array                                 E:/TPU_Work/one_chip_computer/first_homework/Tools/xpack-arm-none-eabi-gcc-13.2.1-1.1-win32-x64/xpack-arm-none-eabi-gcc-13.2.1-1.1/bin/../lib/gcc/arm-none-eabi/13.2.1/../../../../arm-none-eabi/lib/thumb/v7e-m+fp/hard\libc_nano.a(libc_a-init.o)
                                                  Build/startup_stm32f429xx.o
                                                  E:/TPU_Work/one_chip_computer/first_homework/Tools/xpack-arm-none-eabi-gcc-13.2.1-1.1-win32-x64/xpack-arm-none-eabi-gcc-13.2.1-1.1/bin/../lib/gcc/arm-none-eabi/13.2.1/../../../../arm-none-eabi/lib/thumb/v7e-m+fp/hard/crt0.o
__lock___arc4random_mutex                         E:/TPU_Work/one_chip_computer/first_homework/Tools/xpack-arm-none-eabi-gcc-13.2.1-1.1-win32-x64/xpack-arm-none-eabi-gcc-13.2.1-1.1/bin/../lib/gcc/arm-none-eabi/13.2.1/../../../../arm-none-eabi/lib/thumb/v7e-m+fp/hard\libc_nano.a(libc_a-lock.o)
__lock___at_quick_exit_mutex                      E:/TPU_Work/one_chip_computer/first_homework/Tools/xpack-arm-none-eabi-gcc-13.2.1-1.1-win32-x64/xpack-arm-none-eabi-gcc-13.2.1-1.1/bin/../lib/gcc/arm-none-eabi/13.2.1/../../../../arm-none-eabi/lib/thumb/v7e-m+fp/hard\libc_nano.a(libc_a-lock.o)
__lock___atexit_recursive_mutex                   E:/TPU_Work/one_chip_computer/first_homework/Tools/xpack-arm-none-eabi-gcc-13.2.1-1.1-win32-x64/xpack-arm-none-eabi-gcc-13.2.1-1.1/bin/../lib/gcc/arm-none-eabi/13.2.1/../../../../arm-none-eabi/lib/thumb/v7e-m+fp/hard\libc_nano.a(libc_a-lock.o)
                                                  E:/TPU_Work/one_chip_computer/first_homework/Tools/xpack-arm-none-eabi-gcc-13.2.1-1.1-win32-x64/xpack-arm-none-eabi-gcc-13.2.1-1.1/bin/../lib/gcc/arm-none-eabi/13.2.1/../../../../arm-none-eabi/lib/thumb/v7e-m+fp/hard\libc_nano.a(libc_a-__call_atexit.o)
__lock___dd_hash_mutex                            E:/TPU_Work/one_chip_computer/first_homework/Tools/xpack-arm-none-eabi-gcc-13.2.1-1.1-win32-x64/xpack-arm-none-eabi-gcc-13.2.1-1.1/bin/../lib/gcc/arm-none-eabi/13.2.1/../../../../arm-none-eabi/lib/thumb/v7e-m+fp/hard\libc_nano.a(libc_a-lock.o)
__lock___env_recursive_mutex                      E:/TPU_Work/one_chip_computer/first_homework/Tools/xpack-arm-none-eabi-gcc-13.2.1-1.1-win32-x64/xpack-arm-none-eabi-gcc-13.2.1-1.1/bin/../lib/gcc/arm-none-eabi/13.2.1/../../../../arm-none-eabi/lib/thumb/v7e-m+fp/hard\libc_nano.a(libc_a-lock.o)
__lock___malloc_recursive_mutex                   E:/TPU_Work/one_chip_computer/first_homework/Tools/xpack-arm-none-eabi-gcc-13.2.1-1.1-win32-x64/xpack-arm-none-eabi-gcc-13.2.1-1.1/bin/../lib/gcc/arm-none-eabi/13.2.1/../../../../arm-none-eabi/lib/thumb/v7e-m+fp/hard\libc_nano.a(libc_a-lock.o)
                                                  E:/TPU_Work/one_chip_computer/first_homework/Tools/xpack-arm-none-eabi-gcc-13.2.1-1.1-win32-x64/xpack-arm-none-eabi-gcc-13.2.1-1.1/bin/../lib/gcc/arm-none-eabi/13.2.1/../../../../arm-none-eabi/lib/thumb/v7e-m+fp/hard\libc_nano.a(libc_a-mlock.o)
__lock___sfp_recursive_mutex                      E:/TPU_Work/one_chip_computer/first_homework/Tools/xpack-arm-none-eabi-gcc-13.2.1-1.1-win32-x64/xpack-arm-none-eabi-gcc-13.2.1-1.1/bin/../lib/gcc/arm-none-eabi/13.2.1/../../../../arm-none-eabi/lib/thumb/v7e-m+fp/hard\libc_nano.a(libc_a-lock.o)
                                                  E:/TPU_Work/one_chip_computer/first_homework/Tools/xpack-arm-none-eabi-gcc-13.2.1-1.1-win32-x64/xpack-arm-none-eabi-gcc-13.2.1-1.1/bin/../lib/gcc/arm-none-eabi/13.2.1/../../../../arm-none-eabi/lib/thumb/v7e-m+fp/hard\libc_nano.a(libc_a-findfp.o)
__lock___tz_mutex                                 E:/TPU_Work/one_chip_computer/first_homework/Tools/xpack-arm-none-eabi-gcc-13.2.1-1.1-win32-x64/xpack-arm-none-eabi-gcc-13.2.1-1.1/bin/../lib/gcc/arm-none-eabi/13.2.1/../../../../arm-none-eabi/lib/thumb/v7e-m+fp/hard\libc_nano.a(libc_a-lock.o)
__malloc_free_list                                E:/TPU_Work/one_chip_computer/first_homework/Tools/xpack-arm-none-eabi-gcc-13.2.1-1.1-win32-x64/xpack-arm-none-eabi-gcc-13.2.1-1.1/bin/../lib/gcc/arm-none-eabi/13.2.1/../../../../arm-none-eabi/lib/thumb/v7e-m+fp/hard\libc_nano.a(libc_a-mallocr.o)
                                                  E:/TPU_Work/one_chip_computer/first_homework/Tools/xpack-arm-none-eabi-gcc-13.2.1-1.1-win32-x64/xpack-arm-none-eabi-gcc-13.2.1-1.1/bin/../lib/gcc/arm-none-eabi/13.2.1/../../../../arm-none-eabi/lib/thumb/v7e-m+fp/hard\libc_nano.a(libc_a-freer.o)
__malloc_lock                                     E:/TPU_Work/one_chip_computer/first_homework/Tools/xpack-arm-none-eabi-gcc-13.2.1-1.1-win32-x64/xpack-arm-none-eabi-gcc-13.2.1-1.1/bin/../lib/gcc/arm-none-eabi/13.2.1/../../../../arm-none-eabi/lib/thumb/v7e-m+fp/hard\libc_nano.a(libc_a-mlock.o)
                                                  E:/TPU_Work/one_chip_computer/first_homework/Tools/xpack-arm-none-eabi-gcc-13.2.1-1.1-win32-x64/xpack-arm-none-eabi-gcc-13.2.1-1.1/bin/../lib/gcc/arm-none-eabi/13.2.1/../../../../arm-none-eabi/lib/thumb/v7e-m+fp/hard\libc_nano.a(libc_a-mallocr.o)
                                                  E:/TPU_Work/one_chip_computer/first_homework/Tools/xpack-arm-none-eabi-gcc-13.2.1-1.1-win32-x64/xpack-arm-none-eabi-gcc-13.2.1-1.1/bin/../lib/gcc/arm-none-eabi/13.2.1/../../../../arm-none-eabi/lib/thumb/v7e-m+fp/hard\libc_nano.a(libc_a-freer.o)
__malloc_sbrk_start                               E:/TPU_Work/one_chip_computer/first_homework/Tools/xpack-arm-none-eabi-gcc-13.2.1-1.1-win32-x64/xpack-arm-none-eabi-gcc-13.2.1-1.1/bin/../lib/gcc/arm-none-eabi/13.2.1/../../../../arm-none-eabi/lib/thumb/v7e-m+fp/hard\libc_nano.a(libc_a-mallocr.o)
__malloc_unlock                                   E:/TPU_Work/one_chip_computer/first_homework/Tools/xpack-arm-none-eabi-gcc-13.2.1-1.1-win32-x64/xpack-arm-none-eabi-gcc-13.2.1-1.1/bin/../lib/gcc/arm-none-eabi/13.2.1/../../../../arm-none-eabi/lib/thumb/v7e-m+fp/hard\libc_nano.a(libc_a-mlock.o)
                                                  E:/TPU_Work/one_chip_computer/first_homework/Tools/xpack-arm-none-eabi-gcc-13.2.1-1.1-win32-x64/xpack-arm-none-eabi-gcc-13.2.1-1.1/bin/../lib/gcc/arm-none-eabi/13.2.1/../../../../arm-none-eabi/lib/thumb/v7e-m+fp/hard\libc_nano.a(libc_a-mallocr.o)
                                                  E:/TPU_Work/one_chip_computer/first_homework/Tools/xpack-arm-none-eabi-gcc-13.2.1-1.1-win32-x64/xpack-arm-none-eabi-gcc-13.2.1-1.1/bin/../lib/gcc/arm-none-eabi/13.2.1/../../../../arm-none-eabi/lib/thumb/v7e-m+fp/hard\libc_nano.a(libc_a-freer.o)
__on_exit_args                                    E:/TPU_Work/one_chip_computer/first_homework/Tools/xpack-arm-none-eabi-gcc-13.2.1-1.1-win32-x64/xpack-arm-none-eabi-gcc-13.2.1-1.1/bin/../lib/gcc/arm-none-eabi/13.2.1/../../../../arm-none-eabi/lib/thumb/v7e-m+fp/hard\libc_nano.a(libc_a-__atexit.o)
__preinit_array_end                               E:/TPU_Work/one_chip_computer/first_homework/Tools/xpack-arm-none-eabi-gcc-13.2.1-1.1-win32-x64/xpack-arm-none-eabi-gcc-13.2.1-1.1/bin/../lib/gcc/arm-none-eabi/13.2.1/../../../../arm-none-eabi/lib/thumb/v7e-m+fp/hard\libc_nano.a(libc_a-init.o)
__preinit_array_start                             E:/TPU_Work/one_chip_computer/first_homework/Tools/xpack-arm-none-eabi-gcc-13.2.1-1.1-win32-x64/xpack-arm-none-eabi-gcc-13.2.1-1.1/bin/../lib/gcc/arm-none-eabi/13.2.1/../../../../arm-none-eabi/lib/thumb/v7e-m+fp/hard\libc_nano.a(libc_a-init.o)
__register_exitproc                               E:/TPU_Work/one_chip_computer/first_homework/Tools/xpack-arm-none-eabi-gcc-13.2.1-1.1-win32-x64/xpack-arm-none-eabi-gcc-13.2.1-1.1/bin/../lib/gcc/arm-none-eabi/13.2.1/../../../../arm-none-eabi/lib/thumb/v7e-m+fp/hard\libc_nano.a(libc_a-__atexit.o)
                                                  E:/TPU_Work/one_chip_computer/first_homework/Tools/xpack-arm-none-eabi-gcc-13.2.1-1.1-win32-x64/xpack-arm-none-eabi-gcc-13.2.1-1.1/bin/../lib/gcc/arm-none-eabi/13.2.1/../../../../arm-none-eabi/lib/thumb/v7e-m+fp/hard\libc_nano.a(libc_a-atexit.o)
__register_frame_info                             E:/TPU_Work/one_chip_computer/first_homework/Tools/xpack-arm-none-eabi-gcc-13.2.1-1.1-win32-x64/xpack-arm-none-eabi-gcc-13.2.1-1.1/bin/../lib/gcc/arm-none-eabi/13.2.1/thumb/v7e-m+fp/hard/crtbegin.o
__retarget_lock_acquire                           E:/TPU_Work/one_chip_computer/first_homework/Tools/xpack-arm-none-eabi-gcc-13.2.1-1.1-win32-x64/xpack-arm-none-eabi-gcc-13.2.1-1.1/bin/../lib/gcc/arm-none-eabi/13.2.1/../../../../arm-none-eabi/lib/thumb/v7e-m+fp/hard\libc_nano.a(libc_a-lock.o)
__retarget_lock_acquire_recursive                 E:/TPU_Work/one_chip_computer/first_homework/Tools/xpack-arm-none-eabi-gcc-13.2.1-1.1-win32-x64/xpack-arm-none-eabi-gcc-13.2.1-1.1/bin/../lib/gcc/arm-none-eabi/13.2.1/../../../../arm-none-eabi/lib/thumb/v7e-m+fp/hard\libc_nano.a(libc_a-lock.o)
                                                  E:/TPU_Work/one_chip_computer/first_homework/Tools/xpack-arm-none-eabi-gcc-13.2.1-1.1-win32-x64/xpack-arm-none-eabi-gcc-13.2.1-1.1/bin/../lib/gcc/arm-none-eabi/13.2.1/../../../../arm-none-eabi/lib/thumb/v7e-m+fp/hard\libc_nano.a(libc_a-fflush.o)
                                                  E:/TPU_Work/one_chip_computer/first_homework/Tools/xpack-arm-none-eabi-gcc-13.2.1-1.1-win32-x64/xpack-arm-none-eabi-gcc-13.2.1-1.1/bin/../lib/gcc/arm-none-eabi/13.2.1/../../../../arm-none-eabi/lib/thumb/v7e-m+fp/hard\libc_nano.a(libc_a-mlock.o)
                                                  E:/TPU_Work/one_chip_computer/first_homework/Tools/xpack-arm-none-eabi-gcc-13.2.1-1.1-win32-x64/xpack-arm-none-eabi-gcc-13.2.1-1.1/bin/../lib/gcc/arm-none-eabi/13.2.1/../../../../arm-none-eabi/lib/thumb/v7e-m+fp/hard\libc_nano.a(libc_a-__call_atexit.o)
                                                  E:/TPU_Work/one_chip_computer/first_homework/Tools/xpack-arm-none-eabi-gcc-13.2.1-1.1-win32-x64/xpack-arm-none-eabi-gcc-13.2.1-1.1/bin/../lib/gcc/arm-none-eabi/13.2.1/../../../../arm-none-eabi/lib/thumb/v7e-m+fp/hard\libc_nano.a(libc_a-__atexit.o)
                                                  E:/TPU_Work/one_chip_computer/first_homework/Tools/xpack-arm-none-eabi-gcc-13.2.1-1.1-win32-x64/xpack-arm-none-eabi-gcc-13.2.1-1.1/bin/../lib/gcc/arm-none-eabi/13.2.1/../../../../arm-none-eabi/lib/thumb/v7e-m+fp/hard\libc_nano.a(libc_a-findfp.o)
__retarget_lock_close                             E:/TPU_Work/one_chip_computer/first_homework/Tools/xpack-arm-none-eabi-gcc-13.2.1-1.1-win32-x64/xpack-arm-none-eabi-gcc-13.2.1-1.1/bin/../lib/gcc/arm-none-eabi/13.2.1/../../../../arm-none-eabi/lib/thumb/v7e-m+fp/hard\libc_nano.a(libc_a-lock.o)
__retarget_lock_close_recursive                   E:/TPU_Work/one_chip_computer/first_homework/Tools/xpack-arm-none-eabi-gcc-13.2.1-1.1-win32-x64/xpack-arm-none-eabi-gcc-13.2.1-1.1/bin/../lib/gcc/arm-none-eabi/13.2.1/../../../../arm-none-eabi/lib/thumb/v7e-m+fp/hard\libc_nano.a(libc_a-lock.o)
__retarget_lock_init                              E:/TPU_Work/one_chip_computer/first_homework/Tools/xpack-arm-none-eabi-gcc-13.2.1-1.1-win32-x64/xpack-arm-none-eabi-gcc-13.2.1-1.1/bin/../lib/gcc/arm-none-eabi/13.2.1/../../../../arm-none-eabi/lib/thumb/v7e-m+fp/hard\libc_nano.a(libc_a-lock.o)
__retarget_lock_init_recursive                    E:/TPU_Work/one_chip_computer/first_homework/Tools/xpack-arm-none-eabi-gcc-13.2.1-1.1-win32-x64/xpack-arm-none-eabi-gcc-13.2.1-1.1/bin/../lib/gcc/arm-none-eabi/13.2.1/../../../../arm-none-eabi/lib/thumb/v7e-m+fp/hard\libc_nano.a(libc_a-lock.o)
                                                  E:/TPU_Work/one_chip_computer/first_homework/Tools/xpack-arm-none-eabi-gcc-13.2.1-1.1-win32-x64/xpack-arm-none-eabi-gcc-13.2.1-1.1/bin/../lib/gcc/arm-none-eabi/13.2.1/../../../../arm-none-eabi/lib/thumb/v7e-m+fp/hard\libc_nano.a(libc_a-findfp.o)
__retarget_lock_release                           E:/TPU_Work/one_chip_computer/first_homework/Tools/xpack-arm-none-eabi-gcc-13.2.1-1.1-win32-x64/xpack-arm-none-eabi-gcc-13.2.1-1.1/bin/../lib/gcc/arm-none-eabi/13.2.1/../../../../arm-none-eabi/lib/thumb/v7e-m+fp/hard\libc_nano.a(libc_a-lock.o)
__retarget_lock_release_recursive                 E:/TPU_Work/one_chip_computer/first_homework/Tools/xpack-arm-none-eabi-gcc-13.2.1-1.1-win32-x64/xpack-arm-none-eabi-gcc-13.2.1-1.1/bin/../lib/gcc/arm-none-eabi/13.2.1/../../../../arm-none-eabi/lib/thumb/v7e-m+fp/hard\libc_nano.a(libc_a-lock.o)
                                                  E:/TPU_Work/one_chip_computer/first_homework/Tools/xpack-arm-none-eabi-gcc-13.2.1-1.1-win32-x64/xpack-arm-none-eabi-gcc-13.2.1-1.1/bin/../lib/gcc/arm-none-eabi/13.2.1/../../../../arm-none-eabi/lib/thumb/v7e-m+fp/hard\libc_nano.a(libc_a-fflush.o)
                                                  E:/TPU_Work/one_chip_computer/first_homework/Tools/xpack-arm-none-eabi-gcc-13.2.1-1.1-win32-x64/xpack-arm-none-eabi-gcc-13.2.1-1.1/bin/../lib/gcc/arm-none-eabi/13.2.1/../../../../arm-none-eabi/lib/thumb/v7e-m+fp/hard\libc_nano.a(libc_a-mlock.o)
                                                  E:/TPU_Work/one_chip_computer/first_homework/Tools/xpack-arm-none-eabi-gcc-13.2.1-1.1-win32-x64/xpack-arm-none-eabi-gcc-13.2.1-1.1/bin/../lib/gcc/arm-none-eabi/13.2.1/../../../../arm-none-eabi/lib/thumb/v7e-m+fp/hard\libc_nano.a(libc_a-__call_atexit.o)
                                                  E:/TPU_Work/one_chip_computer/first_homework/Tools/xpack-arm-none-eabi-gcc-13.2.1-1.1-win32-x64/xpack-arm-none-eabi-gcc-13.2.1-1.1/bin/../lib/gcc/arm-none-eabi/13.2.1/../../../../arm-none-eabi/lib/thumb/v7e-m+fp/hard\libc_nano.a(libc_a-__atexit.o)
                                                  E:/TPU_Work/one_chip_computer/first_homework/Tools/xpack-arm-none-eabi-gcc-13.2.1-1.1-win32-x64/xpack-arm-none-eabi-gcc-13.2.1-1.1/bin/../lib/gcc/arm-none-eabi/13.2.1/../../../../arm-none-eabi/lib/thumb/v7e-m+fp/hard\libc_nano.a(libc_a-findfp.o)
__retarget_lock_try_acquire                       E:/TPU_Work/one_chip_computer/first_homework/Tools/xpack-arm-none-eabi-gcc-13.2.1-1.1-win32-x64/xpack-arm-none-eabi-gcc-13.2.1-1.1/bin/../lib/gcc/arm-none-eabi/13.2.1/../../../../arm-none-eabi/lib/thumb/v7e-m+fp/hard\libc_nano.a(libc_a-lock.o)
__retarget_lock_try_acquire_recursive             E:/TPU_Work/one_chip_computer/first_homework/Tools/xpack-arm-none-eabi-gcc-13.2.1-1.1-win32-x64/xpack-arm-none-eabi-gcc-13.2.1-1.1/bin/../lib/gcc/arm-none-eabi/13.2.1/../../../../arm-none-eabi/lib/thumb/v7e-m+fp/hard\libc_nano.a(libc_a-lock.o)
__sclose                                          E:/TPU_Work/one_chip_computer/first_homework/Tools/xpack-arm-none-eabi-gcc-13.2.1-1.1-win32-x64/xpack-arm-none-eabi-gcc-13.2.1-1.1/bin/../lib/gcc/arm-none-eabi/13.2.1/../../../../arm-none-eabi/lib/thumb/v7e-m+fp/hard\libc_nano.a(libc_a-stdio.o)
                                                  E:/TPU_Work/one_chip_computer/first_homework/Tools/xpack-arm-none-eabi-gcc-13.2.1-1.1-win32-x64/xpack-arm-none-eabi-gcc-13.2.1-1.1/bin/../lib/gcc/arm-none-eabi/13.2.1/../../../../arm-none-eabi/lib/thumb/v7e-m+fp/hard\libc_nano.a(libc_a-findfp.o)
__seofread                                        E:/TPU_Work/one_chip_computer/first_homework/Tools/xpack-arm-none-eabi-gcc-13.2.1-1.1-win32-x64/xpack-arm-none-eabi-gcc-13.2.1-1.1/bin/../lib/gcc/arm-none-eabi/13.2.1/../../../../arm-none-eabi/lib/thumb/v7e-m+fp/hard\libc_nano.a(libc_a-stdio.o)
__sf                                              E:/TPU_Work/one_chip_computer/first_homework/Tools/xpack-arm-none-eabi-gcc-13.2.1-1.1-win32-x64/xpack-arm-none-eabi-gcc-13.2.1-1.1/bin/../lib/gcc/arm-none-eabi/13.2.1/../../../../arm-none-eabi/lib/thumb/v7e-m+fp/hard\libc_nano.a(libc_a-findfp.o)
                                                  E:/TPU_Work/one_chip_computer/first_homework/Tools/xpack-arm-none-eabi-gcc-13.2.1-1.1-win32-x64/xpack-arm-none-eabi-gcc-13.2.1-1.1/bin/../lib/gcc/arm-none-eabi/13.2.1/../../../../arm-none-eabi/lib/thumb/v7e-m+fp/hard\libc_nano.a(libc_a-impure.o)
__sflush_r                                        E:/TPU_Work/one_chip_computer/first_homework/Tools/xpack-arm-none-eabi-gcc-13.2.1-1.1-win32-x64/xpack-arm-none-eabi-gcc-13.2.1-1.1/bin/../lib/gcc/arm-none-eabi/13.2.1/../../../../arm-none-eabi/lib/thumb/v7e-m+fp/hard\libc_nano.a(libc_a-fflush.o)
__sfp                                             E:/TPU_Work/one_chip_computer/first_homework/Tools/xpack-arm-none-eabi-gcc-13.2.1-1.1-win32-x64/xpack-arm-none-eabi-gcc-13.2.1-1.1/bin/../lib/gcc/arm-none-eabi/13.2.1/../../../../arm-none-eabi/lib/thumb/v7e-m+fp/hard\libc_nano.a(libc_a-findfp.o)
__sfp_lock_acquire                                E:/TPU_Work/one_chip_computer/first_homework/Tools/xpack-arm-none-eabi-gcc-13.2.1-1.1-win32-x64/xpack-arm-none-eabi-gcc-13.2.1-1.1/bin/../lib/gcc/arm-none-eabi/13.2.1/../../../../arm-none-eabi/lib/thumb/v7e-m+fp/hard\libc_nano.a(libc_a-findfp.o)
__sfp_lock_release                                E:/TPU_Work/one_chip_computer/first_homework/Tools/xpack-arm-none-eabi-gcc-13.2.1-1.1-win32-x64/xpack-arm-none-eabi-gcc-13.2.1-1.1/bin/../lib/gcc/arm-none-eabi/13.2.1/../../../../arm-none-eabi/lib/thumb/v7e-m+fp/hard\libc_nano.a(libc_a-findfp.o)
__sglue                                           E:/TPU_Work/one_chip_computer/first_homework/Tools/xpack-arm-none-eabi-gcc-13.2.1-1.1-win32-x64/xpack-arm-none-eabi-gcc-13.2.1-1.1/bin/../lib/gcc/arm-none-eabi/13.2.1/../../../../arm-none-eabi/lib/thumb/v7e-m+fp/hard\libc_nano.a(libc_a-findfp.o)
                                                  E:/TPU_Work/one_chip_computer/first_homework/Tools/xpack-arm-none-eabi-gcc-13.2.1-1.1-win32-x64/xpack-arm-none-eabi-gcc-13.2.1-1.1/bin/../lib/gcc/arm-none-eabi/13.2.1/../../../../arm-none-eabi/lib/thumb/v7e-m+fp/hard\libc_nano.a(libc_a-fflush.o)
__sinit                                           E:/TPU_Work/one_chip_computer/first_homework/Tools/xpack-arm-none-eabi-gcc-13.2.1-1.1-win32-x64/xpack-arm-none-eabi-gcc-13.2.1-1.1/bin/../lib/gcc/arm-none-eabi/13.2.1/../../../../arm-none-eabi/lib/thumb/v7e-m+fp/hard\libc_nano.a(libc_a-findfp.o)
                                                  E:/TPU_Work/one_chip_computer/first_homework/Tools/xpack-arm-none-eabi-gcc-13.2.1-1.1-win32-x64/xpack-arm-none-eabi-gcc-13.2.1-1.1/bin/../lib/gcc/arm-none-eabi/13.2.1/../../../../arm-none-eabi/lib/thumb/v7e-m+fp/hard\libc_nano.a(libc_a-fflush.o)
__sread                                           E:/TPU_Work/one_chip_computer/first_homework/Tools/xpack-arm-none-eabi-gcc-13.2.1-1.1-win32-x64/xpack-arm-none-eabi-gcc-13.2.1-1.1/bin/../lib/gcc/arm-none-eabi/13.2.1/../../../../arm-none-eabi/lib/thumb/v7e-m+fp/hard\libc_nano.a(libc_a-stdio.o)
                                                  E:/TPU_Work/one_chip_computer/first_homework/Tools/xpack-arm-none-eabi-gcc-13.2.1-1.1-win32-x64/xpack-arm-none-eabi-gcc-13.2.1-1.1/bin/../lib/gcc/arm-none-eabi/13.2.1/../../../../arm-none-eabi/lib/thumb/v7e-m+fp/hard\libc_nano.a(libc_a-findfp.o)
__sseek                                           E:/TPU_Work/one_chip_computer/first_homework/Tools/xpack-arm-none-eabi-gcc-13.2.1-1.1-win32-x64/xpack-arm-none-eabi-gcc-13.2.1-1.1/bin/../lib/gcc/arm-none-eabi/13.2.1/../../../../arm-none-eabi/lib/thumb/v7e-m+fp/hard\libc_nano.a(libc_a-stdio.o)
                                                  E:/TPU_Work/one_chip_computer/first_homework/Tools/xpack-arm-none-eabi-gcc-13.2.1-1.1-win32-x64/xpack-arm-none-eabi-gcc-13.2.1-1.1/bin/../lib/gcc/arm-none-eabi/13.2.1/../../../../arm-none-eabi/lib/thumb/v7e-m+fp/hard\libc_nano.a(libc_a-findfp.o)
__stack                                           E:/TPU_Work/one_chip_computer/first_homework/Tools/xpack-arm-none-eabi-gcc-13.2.1-1.1-win32-x64/xpack-arm-none-eabi-gcc-13.2.1-1.1/bin/../lib/gcc/arm-none-eabi/13.2.1/../../../../arm-none-eabi/lib/thumb/v7e-m+fp/hard/crt0.o
__stdio_exit_handler                              E:/TPU_Work/one_chip_computer/first_homework/Tools/xpack-arm-none-eabi-gcc-13.2.1-1.1-win32-x64/xpack-arm-none-eabi-gcc-13.2.1-1.1/bin/../lib/gcc/arm-none-eabi/13.2.1/../../../../arm-none-eabi/lib/thumb/v7e-m+fp/hard\libc_nano.a(libc_a-findfp.o)
                                                  E:/TPU_Work/one_chip_computer/first_homework/Tools/xpack-arm-none-eabi-gcc-13.2.1-1.1-win32-x64/xpack-arm-none-eabi-gcc-13.2.1-1.1/bin/../lib/gcc/arm-none-eabi/13.2.1/../../../../arm-none-eabi/lib/thumb/v7e-m+fp/hard\libc_nano.a(libc_a-exit.o)
__swrite                                          E:/TPU_Work/one_chip_computer/first_homework/Tools/xpack-arm-none-eabi-gcc-13.2.1-1.1-win32-x64/xpack-arm-none-eabi-gcc-13.2.1-1.1/bin/../lib/gcc/arm-none-eabi/13.2.1/../../../../arm-none-eabi/lib/thumb/v7e-m+fp/hard\libc_nano.a(libc_a-stdio.o)
                                                  E:/TPU_Work/one_chip_computer/first_homework/Tools/xpack-arm-none-eabi-gcc-13.2.1-1.1-win32-x64/xpack-arm-none-eabi-gcc-13.2.1-1.1/bin/../lib/gcc/arm-none-eabi/13.2.1/../../../../arm-none-eabi/lib/thumb/v7e-m+fp/hard\libc_nano.a(libc_a-findfp.o)
_close                                            E:/TPU_Work/one_chip_computer/first_homework/Tools/xpack-arm-none-eabi-gcc-13.2.1-1.1-win32-x64/xpack-arm-none-eabi-gcc-13.2.1-1.1/bin/../lib/gcc/arm-none-eabi/13.2.1/../../../../arm-none-eabi/lib/thumb/v7e-m+fp/hard\libnosys.a(close.o)
                                                  E:/TPU_Work/one_chip_computer/first_homework/Tools/xpack-arm-none-eabi-gcc-13.2.1-1.1-win32-x64/xpack-arm-none-eabi-gcc-13.2.1-1.1/bin/../lib/gcc/arm-none-eabi/13.2.1/../../../../arm-none-eabi/lib/thumb/v7e-m+fp/hard\libc_nano.a(libc_a-closer.o)
_close_r                                          E:/TPU_Work/one_chip_computer/first_homework/Tools/xpack-arm-none-eabi-gcc-13.2.1-1.1-win32-x64/xpack-arm-none-eabi-gcc-13.2.1-1.1/bin/../lib/gcc/arm-none-eabi/13.2.1/../../../../arm-none-eabi/lib/thumb/v7e-m+fp/hard\libc_nano.a(libc_a-closer.o)
                                                  E:/TPU_Work/one_chip_computer/first_homework/Tools/xpack-arm-none-eabi-gcc-13.2.1-1.1-win32-x64/xpack-arm-none-eabi-gcc-13.2.1-1.1/bin/../lib/gcc/arm-none-eabi/13.2.1/../../../../arm-none-eabi/lib/thumb/v7e-m+fp/hard\libc_nano.a(libc_a-stdio.o)
_ebss                                             Build/startup_stm32f429xx.o
_edata                                            Build/startup_stm32f429xx.o
_estack                                           Build/startup_stm32f429xx.o
_exit                                             E:/TPU_Work/one_chip_computer/first_homework/Tools/xpack-arm-none-eabi-gcc-13.2.1-1.1-win32-x64/xpack-arm-none-eabi-gcc-13.2.1-1.1/bin/../lib/gcc/arm-none-eabi/13.2.1/../../../../arm-none-eabi/lib/thumb/v7e-m+fp/hard\libnosys.a(_exit.o)
                                                  E:/TPU_Work/one_chip_computer/first_homework/Tools/xpack-arm-none-eabi-gcc-13.2.1-1.1-win32-x64/xpack-arm-none-eabi-gcc-13.2.1-1.1/bin/../lib/gcc/arm-none-eabi/13.2.1/../../../../arm-none-eabi/lib/thumb/v7e-m+fp/hard\libc_nano.a(libc_a-exit.o)
_fflush_r                                         E:/TPU_Work/one_chip_computer/first_homework/Tools/xpack-arm-none-eabi-gcc-13.2.1-1.1-win32-x64/xpack-arm-none-eabi-gcc-13.2.1-1.1/bin/../lib/gcc/arm-none-eabi/13.2.1/../../../../arm-none-eabi/lib/thumb/v7e-m+fp/hard\libc_nano.a(libc_a-fflush.o)
                                                  E:/TPU_Work/one_chip_computer/first_homework/Tools/xpack-arm-none-eabi-gcc-13.2.1-1.1-win32-x64/xpack-arm-none-eabi-gcc-13.2.1-1.1/bin/../lib/gcc/arm-none-eabi/13.2.1/../../../../arm-none-eabi/lib/thumb/v7e-m+fp/hard\libc_nano.a(libc_a-findfp.o)
_fini                                             E:/TPU_Work/one_chip_computer/first_homework/Tools/xpack-arm-none-eabi-gcc-13.2.1-1.1-win32-x64/xpack-arm-none-eabi-gcc-13.2.1-1.1/bin/../lib/gcc/arm-none-eabi/13.2.1/thumb/v7e-m+fp/hard/crti.o
                                                  E:/TPU_Work/one_chip_computer/first_homework/Tools/xpack-arm-none-eabi-gcc-13.2.1-1.1-win32-x64/xpack-arm-none-eabi-gcc-13.2.1-1.1/bin/../lib/gcc/arm-none-eabi/13.2.1/../../../../arm-none-eabi/lib/thumb/v7e-m+fp/hard\libc_nano.a(libc_a-fini.o)
_free_r                                           E:/TPU_Work/one_chip_computer/first_homework/Tools/xpack-arm-none-eabi-gcc-13.2.1-1.1-win32-x64/xpack-arm-none-eabi-gcc-13.2.1-1.1/bin/../lib/gcc/arm-none-eabi/13.2.1/../../../../arm-none-eabi/lib/thumb/v7e-m+fp/hard\libc_nano.a(libc_a-freer.o)
                                                  E:/TPU_Work/one_chip_computer/first_homework/Tools/xpack-arm-none-eabi-gcc-13.2.1-1.1-win32-x64/xpack-arm-none-eabi-gcc-13.2.1-1.1/bin/../lib/gcc/arm-none-eabi/13.2.1/../../../../arm-none-eabi/lib/thumb/v7e-m+fp/hard\libc_nano.a(libc_a-fflush.o)
                                                  E:/TPU_Work/one_chip_computer/first_homework/Tools/xpack-arm-none-eabi-gcc-13.2.1-1.1-win32-x64/xpack-arm-none-eabi-gcc-13.2.1-1.1/bin/../lib/gcc/arm-none-eabi/13.2.1/../../../../arm-none-eabi/lib/thumb/v7e-m+fp/hard\libc_nano.a(libc_a-reent.o)
_fwalk_sglue                                      E:/TPU_Work/one_chip_computer/first_homework/Tools/xpack-arm-none-eabi-gcc-13.2.1-1.1-win32-x64/xpack-arm-none-eabi-gcc-13.2.1-1.1/bin/../lib/gcc/arm-none-eabi/13.2.1/../../../../arm-none-eabi/lib/thumb/v7e-m+fp/hard\libc_nano.a(libc_a-fwalk.o)
                                                  E:/TPU_Work/one_chip_computer/first_homework/Tools/xpack-arm-none-eabi-gcc-13.2.1-1.1-win32-x64/xpack-arm-none-eabi-gcc-13.2.1-1.1/bin/../lib/gcc/arm-none-eabi/13.2.1/../../../../arm-none-eabi/lib/thumb/v7e-m+fp/hard\libc_nano.a(libc_a-fflush.o)
                                                  E:/TPU_Work/one_chip_computer/first_homework/Tools/xpack-arm-none-eabi-gcc-13.2.1-1.1-win32-x64/xpack-arm-none-eabi-gcc-13.2.1-1.1/bin/../lib/gcc/arm-none-eabi/13.2.1/../../../../arm-none-eabi/lib/thumb/v7e-m+fp/hard\libc_nano.a(libc_a-findfp.o)
_impure_data                                      E:/TPU_Work/one_chip_computer/first_homework/Tools/xpack-arm-none-eabi-gcc-13.2.1-1.1-win32-x64/xpack-arm-none-eabi-gcc-13.2.1-1.1/bin/../lib/gcc/arm-none-eabi/13.2.1/../../../../arm-none-eabi/lib/thumb/v7e-m+fp/hard\libc_nano.a(libc_a-impure.o)
                                                  E:/TPU_Work/one_chip_computer/first_homework/Tools/xpack-arm-none-eabi-gcc-13.2.1-1.1-win32-x64/xpack-arm-none-eabi-gcc-13.2.1-1.1/bin/../lib/gcc/arm-none-eabi/13.2.1/../../../../arm-none-eabi/lib/thumb/v7e-m+fp/hard\libc_nano.a(libc_a-fflush.o)
                                                  E:/TPU_Work/one_chip_computer/first_homework/Tools/xpack-arm-none-eabi-gcc-13.2.1-1.1-win32-x64/xpack-arm-none-eabi-gcc-13.2.1-1.1/bin/../lib/gcc/arm-none-eabi/13.2.1/../../../../arm-none-eabi/lib/thumb/v7e-m+fp/hard\libc_nano.a(libc_a-findfp.o)
_impure_ptr                                       E:/TPU_Work/one_chip_computer/first_homework/Tools/xpack-arm-none-eabi-gcc-13.2.1-1.1-win32-x64/xpack-arm-none-eabi-gcc-13.2.1-1.1/bin/../lib/gcc/arm-none-eabi/13.2.1/../../../../arm-none-eabi/lib/thumb/v7e-m+fp/hard\libc_nano.a(libc_a-impure.o)
                                                  E:/TPU_Work/one_chip_computer/first_homework/Tools/xpack-arm-none-eabi-gcc-13.2.1-1.1-win32-x64/xpack-arm-none-eabi-gcc-13.2.1-1.1/bin/../lib/gcc/arm-none-eabi/13.2.1/../../../../arm-none-eabi/lib/thumb/v7e-m+fp/hard\libc_nano.a(libc_a-fflush.o)
                                                  E:/TPU_Work/one_chip_computer/first_homework/Tools/xpack-arm-none-eabi-gcc-13.2.1-1.1-win32-x64/xpack-arm-none-eabi-gcc-13.2.1-1.1/bin/../lib/gcc/arm-none-eabi/13.2.1/../../../../arm-none-eabi/lib/thumb/v7e-m+fp/hard\libc_nano.a(libc_a-reent.o)
_init                                             E:/TPU_Work/one_chip_computer/first_homework/Tools/xpack-arm-none-eabi-gcc-13.2.1-1.1-win32-x64/xpack-arm-none-eabi-gcc-13.2.1-1.1/bin/../lib/gcc/arm-none-eabi/13.2.1/thumb/v7e-m+fp/hard/crti.o
                                                  E:/TPU_Work/one_chip_computer/first_homework/Tools/xpack-arm-none-eabi-gcc-13.2.1-1.1-win32-x64/xpack-arm-none-eabi-gcc-13.2.1-1.1/bin/../lib/gcc/arm-none-eabi/13.2.1/../../../../arm-none-eabi/lib/thumb/v7e-m+fp/hard\libc_nano.a(libc_a-init.o)
_lseek                                            E:/TPU_Work/one_chip_computer/first_homework/Tools/xpack-arm-none-eabi-gcc-13.2.1-1.1-win32-x64/xpack-arm-none-eabi-gcc-13.2.1-1.1/bin/../lib/gcc/arm-none-eabi/13.2.1/../../../../arm-none-eabi/lib/thumb/v7e-m+fp/hard\libnosys.a(lseek.o)
                                                  E:/TPU_Work/one_chip_computer/first_homework/Tools/xpack-arm-none-eabi-gcc-13.2.1-1.1-win32-x64/xpack-arm-none-eabi-gcc-13.2.1-1.1/bin/../lib/gcc/arm-none-eabi/13.2.1/../../../../arm-none-eabi/lib/thumb/v7e-m+fp/hard\libc_nano.a(libc_a-lseekr.o)
_lseek_r                                          E:/TPU_Work/one_chip_computer/first_homework/Tools/xpack-arm-none-eabi-gcc-13.2.1-1.1-win32-x64/xpack-arm-none-eabi-gcc-13.2.1-1.1/bin/../lib/gcc/arm-none-eabi/13.2.1/../../../../arm-none-eabi/lib/thumb/v7e-m+fp/hard\libc_nano.a(libc_a-lseekr.o)
                                                  E:/TPU_Work/one_chip_computer/first_homework/Tools/xpack-arm-none-eabi-gcc-13.2.1-1.1-win32-x64/xpack-arm-none-eabi-gcc-13.2.1-1.1/bin/../lib/gcc/arm-none-eabi/13.2.1/../../../../arm-none-eabi/lib/thumb/v7e-m+fp/hard\libc_nano.a(libc_a-stdio.o)
_mainCRTStartup                                   E:/TPU_Work/one_chip_computer/first_homework/Tools/xpack-arm-none-eabi-gcc-13.2.1-1.1-win32-x64/xpack-arm-none-eabi-gcc-13.2.1-1.1/bin/../lib/gcc/arm-none-eabi/13.2.1/../../../../arm-none-eabi/lib/thumb/v7e-m+fp/hard/crt0.o
_malloc_r                                         E:/TPU_Work/one_chip_computer/first_homework/Tools/xpack-arm-none-eabi-gcc-13.2.1-1.1-win32-x64/xpack-arm-none-eabi-gcc-13.2.1-1.1/bin/../lib/gcc/arm-none-eabi/13.2.1/../../../../arm-none-eabi/lib/thumb/v7e-m+fp/hard\libc_nano.a(libc_a-mallocr.o)
                                                  E:/TPU_Work/one_chip_computer/first_homework/Tools/xpack-arm-none-eabi-gcc-13.2.1-1.1-win32-x64/xpack-arm-none-eabi-gcc-13.2.1-1.1/bin/../lib/gcc/arm-none-eabi/13.2.1/../../../../arm-none-eabi/lib/thumb/v7e-m+fp/hard\libc_nano.a(libc_a-findfp.o)
_read                                             E:/TPU_Work/one_chip_computer/first_homework/Tools/xpack-arm-none-eabi-gcc-13.2.1-1.1-win32-x64/xpack-arm-none-eabi-gcc-13.2.1-1.1/bin/../lib/gcc/arm-none-eabi/13.2.1/../../../../arm-none-eabi/lib/thumb/v7e-m+fp/hard\libnosys.a(read.o)
                                                  E:/TPU_Work/one_chip_computer/first_homework/Tools/xpack-arm-none-eabi-gcc-13.2.1-1.1-win32-x64/xpack-arm-none-eabi-gcc-13.2.1-1.1/bin/../lib/gcc/arm-none-eabi/13.2.1/../../../../arm-none-eabi/lib/thumb/v7e-m+fp/hard\libc_nano.a(libc_a-readr.o)
_read_r                                           E:/TPU_Work/one_chip_computer/first_homework/Tools/xpack-arm-none-eabi-gcc-13.2.1-1.1-win32-x64/xpack-arm-none-eabi-gcc-13.2.1-1.1/bin/../lib/gcc/arm-none-eabi/13.2.1/../../../../arm-none-eabi/lib/thumb/v7e-m+fp/hard\libc_nano.a(libc_a-readr.o)
                                                  E:/TPU_Work/one_chip_computer/first_homework/Tools/xpack-arm-none-eabi-gcc-13.2.1-1.1-win32-x64/xpack-arm-none-eabi-gcc-13.2.1-1.1/bin/../lib/gcc/arm-none-eabi/13.2.1/../../../../arm-none-eabi/lib/thumb/v7e-m+fp/hard\libc_nano.a(libc_a-stdio.o)
_reclaim_reent                                    E:/TPU_Work/one_chip_computer/first_homework/Tools/xpack-arm-none-eabi-gcc-13.2.1-1.1-win32-x64/xpack-arm-none-eabi-gcc-13.2.1-1.1/bin/../lib/gcc/arm-none-eabi/13.2.1/../../../../arm-none-eabi/lib/thumb/v7e-m+fp/hard\libc_nano.a(libc_a-reent.o)
_sbrk                                             E:/TPU_Work/one_chip_computer/first_homework/Tools/xpack-arm-none-eabi-gcc-13.2.1-1.1-win32-x64/xpack-arm-none-eabi-gcc-13.2.1-1.1/bin/../lib/gcc/arm-none-eabi/13.2.1/../../../../arm-none-eabi/lib/thumb/v7e-m+fp/hard\libnosys.a(sbrk.o)
                                                  E:/TPU_Work/one_chip_computer/first_homework/Tools/xpack-arm-none-eabi-gcc-13.2.1-1.1-win32-x64/xpack-arm-none-eabi-gcc-13.2.1-1.1/bin/../lib/gcc/arm-none-eabi/13.2.1/../../../../arm-none-eabi/lib/thumb/v7e-m+fp/hard\libc_nano.a(libc_a-sbrkr.o)
_sbrk_r                                           E:/TPU_Work/one_chip_computer/first_homework/Tools/xpack-arm-none-eabi-gcc-13.2.1-1.1-win32-x64/xpack-arm-none-eabi-gcc-13.2.1-1.1/bin/../lib/gcc/arm-none-eabi/13.2.1/../../../../arm-none-eabi/lib/thumb/v7e-m+fp/hard\libc_nano.a(libc_a-sbrkr.o)
                                                  E:/TPU_Work/one_chip_computer/first_homework/Tools/xpack-arm-none-eabi-gcc-13.2.1-1.1-win32-x64/xpack-arm-none-eabi-gcc-13.2.1-1.1/bin/../lib/gcc/arm-none-eabi/13.2.1/../../../../arm-none-eabi/lib/thumb/v7e-m+fp/hard\libc_nano.a(libc_a-mallocr.o)
_sbss                                             Build/startup_stm32f429xx.o
_sdata                                            Build/startup_stm32f429xx.o
_sidata                                           Build/startup_stm32f429xx.o
_stack_init                                       E:/TPU_Work/one_chip_computer/first_homework/Tools/xpack-arm-none-eabi-gcc-13.2.1-1.1-win32-x64/xpack-arm-none-eabi-gcc-13.2.1-1.1/bin/../lib/gcc/arm-none-eabi/13.2.1/../../../../arm-none-eabi/lib/thumb/v7e-m+fp/hard/crt0.o
_start                                            E:/TPU_Work/one_chip_computer/first_homework/Tools/xpack-arm-none-eabi-gcc-13.2.1-1.1-win32-x64/xpack-arm-none-eabi-gcc-13.2.1-1.1/bin/../lib/gcc/arm-none-eabi/13.2.1/../../../../arm-none-eabi/lib/thumb/v7e-m+fp/hard/crt0.o
_write                                            E:/TPU_Work/one_chip_computer/first_homework/Tools/xpack-arm-none-eabi-gcc-13.2.1-1.1-win32-x64/xpack-arm-none-eabi-gcc-13.2.1-1.1/bin/../lib/gcc/arm-none-eabi/13.2.1/../../../../arm-none-eabi/lib/thumb/v7e-m+fp/hard\libnosys.a(write.o)
                                                  E:/TPU_Work/one_chip_computer/first_homework/Tools/xpack-arm-none-eabi-gcc-13.2.1-1.1-win32-x64/xpack-arm-none-eabi-gcc-13.2.1-1.1/bin/../lib/gcc/arm-none-eabi/13.2.1/../../../../arm-none-eabi/lib/thumb/v7e-m+fp/hard\libc_nano.a(libc_a-writer.o)
_write_r                                          E:/TPU_Work/one_chip_computer/first_homework/Tools/xpack-arm-none-eabi-gcc-13.2.1-1.1-win32-x64/xpack-arm-none-eabi-gcc-13.2.1-1.1/bin/../lib/gcc/arm-none-eabi/13.2.1/../../../../arm-none-eabi/lib/thumb/v7e-m+fp/hard\libc_nano.a(libc_a-writer.o)
                                                  E:/TPU_Work/one_chip_computer/first_homework/Tools/xpack-arm-none-eabi-gcc-13.2.1-1.1-win32-x64/xpack-arm-none-eabi-gcc-13.2.1-1.1/bin/../lib/gcc/arm-none-eabi/13.2.1/../../../../arm-none-eabi/lib/thumb/v7e-m+fp/hard\libc_nano.a(libc_a-stdio.o)
atexit                                            E:/TPU_Work/one_chip_computer/first_homework/Tools/xpack-arm-none-eabi-gcc-13.2.1-1.1-win32-x64/xpack-arm-none-eabi-gcc-13.2.1-1.1/bin/../lib/gcc/arm-none-eabi/13.2.1/../../../../arm-none-eabi/lib/thumb/v7e-m+fp/hard\libc_nano.a(libc_a-atexit.o)
                                                  E:/TPU_Work/one_chip_computer/first_homework/Tools/xpack-arm-none-eabi-gcc-13.2.1-1.1-win32-x64/xpack-arm-none-eabi-gcc-13.2.1-1.1/bin/../lib/gcc/arm-none-eabi/13.2.1/../../../../arm-none-eabi/lib/thumb/v7e-m+fp/hard/crt0.o
end                                               E:/TPU_Work/one_chip_computer/first_homework/Tools/xpack-arm-none-eabi-gcc-13.2.1-1.1-win32-x64/xpack-arm-none-eabi-gcc-13.2.1-1.1/bin/../lib/gcc/arm-none-eabi/13.2.1/../../../../arm-none-eabi/lib/thumb/v7e-m+fp/hard\libnosys.a(sbrk.o)
errno                                             E:/TPU_Work/one_chip_computer/first_homework/Tools/xpack-arm-none-eabi-gcc-13.2.1-1.1-win32-x64/xpack-arm-none-eabi-gcc-13.2.1-1.1/bin/../lib/gcc/arm-none-eabi/13.2.1/../../../../arm-none-eabi/lib/thumb/v7e-m+fp/hard\libc_nano.a(libc_a-reent.o)
                                                  E:/TPU_Work/one_chip_computer/first_homework/Tools/xpack-arm-none-eabi-gcc-13.2.1-1.1-win32-x64/xpack-arm-none-eabi-gcc-13.2.1-1.1/bin/../lib/gcc/arm-none-eabi/13.2.1/../../../../arm-none-eabi/lib/thumb/v7e-m+fp/hard\libnosys.a(write.o)
                                                  E:/TPU_Work/one_chip_computer/first_homework/Tools/xpack-arm-none-eabi-gcc-13.2.1-1.1-win32-x64/xpack-arm-none-eabi-gcc-13.2.1-1.1/bin/../lib/gcc/arm-none-eabi/13.2.1/../../../../arm-none-eabi/lib/thumb/v7e-m+fp/hard\libnosys.a(read.o)
                                                  E:/TPU_Work/one_chip_computer/first_homework/Tools/xpack-arm-none-eabi-gcc-13.2.1-1.1-win32-x64/xpack-arm-none-eabi-gcc-13.2.1-1.1/bin/../lib/gcc/arm-none-eabi/13.2.1/../../../../arm-none-eabi/lib/thumb/v7e-m+fp/hard\libnosys.a(lseek.o)
                                                  E:/TPU_Work/one_chip_computer/first_homework/Tools/xpack-arm-none-eabi-gcc-13.2.1-1.1-win32-x64/xpack-arm-none-eabi-gcc-13.2.1-1.1/bin/../lib/gcc/arm-none-eabi/13.2.1/../../../../arm-none-eabi/lib/thumb/v7e-m+fp/hard\libnosys.a(close.o)
                                                  E:/TPU_Work/one_chip_computer/first_homework/Tools/xpack-arm-none-eabi-gcc-13.2.1-1.1-win32-x64/xpack-arm-none-eabi-gcc-13.2.1-1.1/bin/../lib/gcc/arm-none-eabi/13.2.1/../../../../arm-none-eabi/lib/thumb/v7e-m+fp/hard\libc_nano.a(libc_a-sbrkr.o)
                                                  E:/TPU_Work/one_chip_computer/first_homework/Tools/xpack-arm-none-eabi-gcc-13.2.1-1.1-win32-x64/xpack-arm-none-eabi-gcc-13.2.1-1.1/bin/../lib/gcc/arm-none-eabi/13.2.1/../../../../arm-none-eabi/lib/thumb/v7e-m+fp/hard\libc_nano.a(libc_a-writer.o)
                                                  E:/TPU_Work/one_chip_computer/first_homework/Tools/xpack-arm-none-eabi-gcc-13.2.1-1.1-win32-x64/xpack-arm-none-eabi-gcc-13.2.1-1.1/bin/../lib/gcc/arm-none-eabi/13.2.1/../../../../arm-none-eabi/lib/thumb/v7e-m+fp/hard\libc_nano.a(libc_a-readr.o)
                                                  E:/TPU_Work/one_chip_computer/first_homework/Tools/xpack-arm-none-eabi-gcc-13.2.1-1.1-win32-x64/xpack-arm-none-eabi-gcc-13.2.1-1.1/bin/../lib/gcc/arm-none-eabi/13.2.1/../../../../arm-none-eabi/lib/thumb/v7e-m+fp/hard\libc_nano.a(libc_a-lseekr.o)
                                                  E:/TPU_Work/one_chip_computer/first_homework/Tools/xpack-arm-none-eabi-gcc-13.2.1-1.1-win32-x64/xpack-arm-none-eabi-gcc-13.2.1-1.1/bin/../lib/gcc/arm-none-eabi/13.2.1/../../../../arm-none-eabi/lib/thumb/v7e-m+fp/hard\libc_nano.a(libc_a-closer.o)
exit                                              E:/TPU_Work/one_chip_computer/first_homework/Tools/xpack-arm-none-eabi-gcc-13.2.1-1.1-win32-x64/xpack-arm-none-eabi-gcc-13.2.1-1.1/bin/../lib/gcc/arm-none-eabi/13.2.1/../../../../arm-none-eabi/lib/thumb/v7e-m+fp/hard\libc_nano.a(libc_a-exit.o)
                                                  E:/TPU_Work/one_chip_computer/first_homework/Tools/xpack-arm-none-eabi-gcc-13.2.1-1.1-win32-x64/xpack-arm-none-eabi-gcc-13.2.1-1.1/bin/../lib/gcc/arm-none-eabi/13.2.1/../../../../arm-none-eabi/lib/thumb/v7e-m+fp/hard/crt0.o
fflush                                            E:/TPU_Work/one_chip_computer/first_homework/Tools/xpack-arm-none-eabi-gcc-13.2.1-1.1-win32-x64/xpack-arm-none-eabi-gcc-13.2.1-1.1/bin/../lib/gcc/arm-none-eabi/13.2.1/../../../../arm-none-eabi/lib/thumb/v7e-m+fp/hard\libc_nano.a(libc_a-fflush.o)
g_pfnVectors                                      Build/startup_stm32f429xx.o
hardware_init_hook                                E:/TPU_Work/one_chip_computer/first_homework/Tools/xpack-arm-none-eabi-gcc-13.2.1-1.1-win32-x64/xpack-arm-none-eabi-gcc-13.2.1-1.1/bin/../lib/gcc/arm-none-eabi/13.2.1/../../../../arm-none-eabi/lib/thumb/v7e-m+fp/hard/crt0.o
main                                              Build/main.o
                                                  Build/startup_stm32f429xx.o
                                                  E:/TPU_Work/one_chip_computer/first_homework/Tools/xpack-arm-none-eabi-gcc-13.2.1-1.1-win32-x64/xpack-arm-none-eabi-gcc-13.2.1-1.1/bin/../lib/gcc/arm-none-eabi/13.2.1/../../../../arm-none-eabi/lib/thumb/v7e-m+fp/hard/crt0.o
malloc                                            E:/TPU_Work/one_chip_computer/first_homework/Tools/xpack-arm-none-eabi-gcc-13.2.1-1.1-win32-x64/xpack-arm-none-eabi-gcc-13.2.1-1.1/bin/../lib/gcc/arm-none-eabi/13.2.1/../../../../arm-none-eabi/lib/thumb/v7e-m+fp/hard\libc_nano.a(libc_a-__atexit.o)
memset                                            E:/TPU_Work/one_chip_computer/first_homework/Tools/xpack-arm-none-eabi-gcc-13.2.1-1.1-win32-x64/xpack-arm-none-eabi-gcc-13.2.1-1.1/bin/../lib/gcc/arm-none-eabi/13.2.1/../../../../arm-none-eabi/lib/thumb/v7e-m+fp/hard\libc_nano.a(libc_a-memset.o)
                                                  E:/TPU_Work/one_chip_computer/first_homework/Tools/xpack-arm-none-eabi-gcc-13.2.1-1.1-win32-x64/xpack-arm-none-eabi-gcc-13.2.1-1.1/bin/../lib/gcc/arm-none-eabi/13.2.1/../../../../arm-none-eabi/lib/thumb/v7e-m+fp/hard\libc_nano.a(libc_a-findfp.o)
                                                  E:/TPU_Work/one_chip_computer/first_homework/Tools/xpack-arm-none-eabi-gcc-13.2.1-1.1-win32-x64/xpack-arm-none-eabi-gcc-13.2.1-1.1/bin/../lib/gcc/arm-none-eabi/13.2.1/../../../../arm-none-eabi/lib/thumb/v7e-m+fp/hard/crt0.o
software_init_hook                                E:/TPU_Work/one_chip_computer/first_homework/Tools/xpack-arm-none-eabi-gcc-13.2.1-1.1-win32-x64/xpack-arm-none-eabi-gcc-13.2.1-1.1/bin/../lib/gcc/arm-none-eabi/13.2.1/../../../../arm-none-eabi/lib/thumb/v7e-m+fp/hard/crt0.o
